Archive member included because of file (symbol)

c:\Users\Soren\AppData\Roaming\Code\User\globalStorage\vexrobotics.vexcode\sdk\cpp\V5\V5_20240802_15_00_00/vexv5\libv5rt.a(v5_startup.c.obj)
                              (vexStartup)
c:\Users\Soren\AppData\Roaming\Code\User\globalStorage\vexrobotics.vexcode\sdk\cpp\V5\V5_20240802_15_00_00/vexv5\libv5rt.a(v5_util.c.obj)
                              c:\Users\Soren\AppData\Roaming\Code\User\globalStorage\vexrobotics.vexcode\sdk\cpp\V5\V5_20240802_15_00_00/vexv5\libv5rt.a(v5_startup.c.obj) (vexStdlibVersionLinked)
c:\Users\Soren\AppData\Roaming\Code\User\globalStorage\vexrobotics.vexcode\sdk\cpp\V5\V5_20240802_15_00_00/vexv5\libv5rt.a(v5_apijump.c.obj)
                              c:\Users\Soren\AppData\Roaming\Code\User\globalStorage\vexrobotics.vexcode\sdk\cpp\V5\V5_20240802_15_00_00/vexv5\libv5rt.a(v5_startup.c.obj) (vexPrivateApiEnable)
c:\Users\Soren\AppData\Roaming\Code\User\globalStorage\vexrobotics.vexcode\sdk\cpp\V5\V5_20240802_15_00_00/vexv5\libv5rt.a(v5_apiversions.c.obj)
                              c:\Users\Soren\AppData\Roaming\Code\User\globalStorage\vexrobotics.vexcode\sdk\cpp\V5\V5_20240802_15_00_00/vexv5\libv5rt.a(v5_apijump.c.obj) (vexSystemVersion)
c:\Users\Soren\AppData\Roaming\Code\User\globalStorage\vexrobotics.vexcode\sdk\cpp\V5\V5_20240802_15_00_00/vexv5\libv5rt.a(vex_global.cpp.obj)
                              build/src/main.o (vex::wait(double, vex::timeUnits))
c:\Users\Soren\AppData\Roaming\Code\User\globalStorage\vexrobotics.vexcode\sdk\cpp\V5\V5_20240802_15_00_00/vexv5\libv5rt.a(vex_motor.cpp.obj)
                              build/src/robot-config.o (vex::motor::~motor())
c:\Users\Soren\AppData\Roaming\Code\User\globalStorage\vexrobotics.vexcode\sdk\cpp\V5\V5_20240802_15_00_00/vexv5\libv5rt.a(vex_imu.cpp.obj)
                              build/src/Drive.o (vex::inertial::setHeading(double, vex::rotationUnits))
c:\Users\Soren\AppData\Roaming\Code\User\globalStorage\vexrobotics.vexcode\sdk\cpp\V5\V5_20240802_15_00_00/vexv5\libv5rt.a(vex_rotation.cpp.obj)
                              build/src/robot-config.o (vex::rotation::~rotation())
c:\Users\Soren\AppData\Roaming\Code\User\globalStorage\vexrobotics.vexcode\sdk\cpp\V5\V5_20240802_15_00_00/vexv5\libv5rt.a(vex_optical.cpp.obj)
                              build/src/robot-config.o (vex::optical::~optical())
c:\Users\Soren\AppData\Roaming\Code\User\globalStorage\vexrobotics.vexcode\sdk\cpp\V5\V5_20240802_15_00_00/vexv5\libv5rt.a(vex_controller.cpp.obj)
                              build/src/robot-config.o (vex::controller::~controller())
c:\Users\Soren\AppData\Roaming\Code\User\globalStorage\vexrobotics.vexcode\sdk\cpp\V5\V5_20240802_15_00_00/vexv5\libv5rt.a(vex_task.cpp.obj)
                              build/src/Drive.o (vex::task::sleep(unsigned long))
c:\Users\Soren\AppData\Roaming\Code\User\globalStorage\vexrobotics.vexcode\sdk\cpp\V5\V5_20240802_15_00_00/vexv5\libv5rt.a(vex_thread.cpp.obj)
                              build/src/main.o (vex::this_thread::sleep_for(unsigned long))
c:\Users\Soren\AppData\Roaming\Code\User\globalStorage\vexrobotics.vexcode\sdk\cpp\V5\V5_20240802_15_00_00/vexv5\libv5rt.a(vex_event.cpp.obj)
                              c:\Users\Soren\AppData\Roaming\Code\User\globalStorage\vexrobotics.vexcode\sdk\cpp\V5\V5_20240802_15_00_00/vexv5\libv5rt.a(vex_imu.cpp.obj) (vex::event::init(unsigned long, unsigned long, void (*)()))
c:\Users\Soren\AppData\Roaming\Code\User\globalStorage\vexrobotics.vexcode\sdk\cpp\V5\V5_20240802_15_00_00/vexv5\libv5rt.a(vex_mevent.cpp.obj)
                              c:\Users\Soren\AppData\Roaming\Code\User\globalStorage\vexrobotics.vexcode\sdk\cpp\V5\V5_20240802_15_00_00/vexv5\libv5rt.a(vex_controller.cpp.obj) (vex::mevent::mevent(unsigned long, unsigned long))
c:\Users\Soren\AppData\Roaming\Code\User\globalStorage\vexrobotics.vexcode\sdk\cpp\V5\V5_20240802_15_00_00/vexv5\libv5rt.a(vex_brain.cpp.obj)
                              build/src/screen.o (vex::brain::lcd::setCursor(long, long))
c:\Users\Soren\AppData\Roaming\Code\User\globalStorage\vexrobotics.vexcode\sdk\cpp\V5\V5_20240802_15_00_00/vexv5\libv5rt.a(vex_competition.cpp.obj)
                              build/src/main.o (vex::competition::competition())
c:\Users\Soren\AppData\Roaming\Code\User\globalStorage\vexrobotics.vexcode\sdk\cpp\V5\V5_20240802_15_00_00/vexv5\libv5rt.a(vex_triport.cpp.obj)
                              c:\Users\Soren\AppData\Roaming\Code\User\globalStorage\vexrobotics.vexcode\sdk\cpp\V5\V5_20240802_15_00_00/vexv5\libv5rt.a(vex_brain.cpp.obj) (vex::triport::~triport())
c:\Users\Soren\AppData\Roaming\Code\User\globalStorage\vexrobotics.vexcode\sdk\cpp\V5\V5_20240802_15_00_00/vexv5\libv5rt.a(vex_color.cpp.obj)
                              build/src/main.o (vex::color::~color())
c:\Users\Soren\AppData\Roaming\Code\User\globalStorage\vexrobotics.vexcode\sdk\cpp\V5\V5_20240802_15_00_00/vexv5\libv5rt.a(vex_timer.cpp.obj)
[...]
Memory Configuration

Name             Origin             Length             Attributes
ps7_ddr_0_S_AXI_BASEADDR 0x03800000         0x04800000
*default*        0x00000000         0xffffffff

Linker script and memory map

                0x00002000                _STACK_SIZE = DEFINED (_STACK_SIZE)?_STACK_SIZE:0x2000
                0x00100000                _HEAP_SIZE = DEFINED (_HEAP_SIZE)?_HEAP_SIZE:0x100000
                0x00000400                _ABORT_STACK_SIZE = DEFINED (_ABORT_STACK_SIZE)?_ABORT_STACK_SIZE:0x400
                0x00000800                _SUPERVISOR_STACK_SIZE = DEFINED (_SUPERVISOR_STACK_SIZE)?_SUPERVISOR_STACK_SIZE:0x800
                0x00000400                _IRQ_STACK_SIZE = DEFINED (_IRQ_STACK_SIZE)?_IRQ_STACK_SIZE:0x400
                0x00000400                _FIQ_STACK_SIZE = DEFINED (_FIQ_STACK_SIZE)?_FIQ_STACK_SIZE:0x400
                0x00000400                _UNDEF_STACK_SIZE = DEFINED (_UNDEF_STACK_SIZE)?_UNDEF_STACK_SIZE:0x400

.text           0x03800000     0x9200
 *(.vectors)
 *(.boot_data)
 .boot_data     0x03800000       0x20 c:\Users\Soren\AppData\Roaming\Code\User\globalStorage\vexrobotics.vexcode\sdk\cpp\V5\V5_20240802_15_00_00/vexv5\libv5rt.a(v5_startup.c.obj)
                0x03800000                vexCodeSig
                0x00000020                . = 0x20
 *(.boot)
 .boot          0x03800020       0xbc c:\Users\Soren\AppData\Roaming\Code\User\globalStorage\vexrobotics.vexcode\sdk\cpp\V5\V5_20240802_15_00_00/vexv5\libv5rt.a(v5_startup.c.obj)
                0x03800020                vexStartup
                0x03800100                . = ALIGN (0x40)
 *fill*         0x038000dc       0x24 
 *(.freertos_vectors)
 *(.text)
 *(.text.*)
 .text._Z5clampfff
                0x03800100       0x2c build/src/util.o
                0x03800100                clamp(float, float, float)
 *fill*         0x0380012c        0x4 
 .text._Z8degTo180f
                0x03800130       0x78 build/src/util.o
                0x03800130                degTo180(float)
 .text._Z11degToInchesff
                0x038001a8       0x3c build/src/util.o
                0x038001a8                degToInches(float, float)
 *fill*         0x038001e4        0x4 
 .text._Z8degToRadf
                0x038001e8       0x28 build/src/util.o
                0x038001e8                degToRad(float)
 .text._Z25inTermsOfNegative180To180f
                0x03800210       0x90 build/src/util.o
                0x03800210                inTermsOfNegative180To180(float)
 .text._ZN3vex11motor_groupC2IJNS_5motorES2_S2_EEERS2_DpRT_
                0x038002a0       0x50 build/src/main.o
                0x038002a0                vex::motor_group::motor_group<vex::motor, vex::motor, vex::motor>(vex::motor&, vex::motor&, vex::motor&, vex::motor&)
 .text._ZN5DriveD2Ev
                0x038002f0       0x28 build/src/main.o
                0x038002f0                Drive::~Drive()
 .text._Z8preAutonv
                0x03800318      0xa00 build/src/main.o
                0x03800318                preAuton()
 .text._Z22setDriveTrainConstantsv
                0x03800d18       0x78 build/src/main.o
                0x03800d18                setDriveTrainConstants()
 .text._Z10autonomousv
                0x03800d90       0x70 build/src/main.o
                0x03800d90                autonomous()
 .text._Z7Auton_2v
                0x03800e00      0x5d4 build/src/main.o
                0x03800e00                Auton_2()
 *fill*         0x038013d4        0x4 
 .text._Z11usercontrolv
                0x038013d8      0x5b0 build/src/main.o
                0x038013d8                usercontrol()
 .text._Z10toggleLiftv
                0x03801988       0x28 build/src/main.o
                0x03801988                toggleLift()
 .text._Z15toggleColorSortv
                0x038019b0       0x18 build/src/main.o
                0x038019b0                toggleColorSort()
 .text._Z14toggleDropDownv
                0x038019c8       0x28 build/src/main.o
                0x038019c8                toggleDropDown()
 .text.main     0x038019f0       0x68 build/src/main.o
                0x038019f0                main
 .text._GLOBAL__sub_I_main.cpp
                0x03801a58      0x154 build/src/main.o
 .text._Z12drawSponsorsv
                0x03801bac       0xe0 build/src/images.o
                0x03801bac                drawSponsors()
 .text._GLOBAL__sub_I_images.cpp
                0x03801c8c       0x34 build/src/images.o
 .text._ZN4OdomC2Effffff
                0x03801cc0       0x24 build/src/odom.o
                0x03801cc0                Odom::Odom(float, float, float, float, float, float)
                0x03801cc0                Odom::Odom(float, float, float, float, float, float)
 .text._ZN4OdomC2Effff
                0x03801ce4       0x18 build/src/odom.o
                0x03801ce4                Odom::Odom(float, float, float, float)
                0x03801ce4                Odom::Odom(float, float, float, float)
 .text._ZN4OdomC2Efff
                0x03801cfc        0xc build/src/odom.o
                0x03801cfc                Odom::Odom(float, float, float)
                0x03801cfc                Odom::Odom(float, float, float)
 .text._ZN4OdomC2Ev
                0x03801d08       0x1c build/src/odom.o
                0x03801d08                Odom::Odom()
                0x03801d08                Odom::Odom()
 .text._ZN4Odom12getXPositionEv
                0x03801d24        0x8 build/src/odom.o
                0x03801d24                Odom::getXPosition()
 .text._ZN4Odom12getYPositionEv
                0x03801d2c        0x8 build/src/odom.o
                0x03801d2c                Odom::getYPosition()
 .text._ZN4Odom10getHeadingEv
                0x03801d34        0x8 build/src/odom.o
                0x03801d34                Odom::getHeading()
 .text._ZN4Odom11setPositionEfff
                0x03801d3c       0x28 build/src/odom.o
                0x03801d3c                Odom::setPosition(float, float, float)
 .text._ZN4Odom22setForwardRightDegreesEf
                0x03801d64        0x8 build/src/odom.o
                0x03801d64                Odom::setForwardRightDegrees(float)
 .text._ZN4Odom21setForwardLeftDegreesEf
                0x03801d6c        0x8 build/src/odom.o
                0x03801d6c                Odom::setForwardLeftDegrees(float)
 .text._ZN4Odom17setLateralDegreesEf
                0x03801d74        0x8 build/src/odom.o
                0x03801d74                Odom::setLateralDegrees(float)
 *fill*         0x03801d7c        0x4 
 .text._ZN4Odom24updatePositionTwoForwardEfff
                0x03801d80      0x264 build/src/odom.o
                0x03801d80                Odom::updatePositionTwoForward(float, float, float)
 *fill*         0x03801fe4        0x4 
 .text._ZN4Odom24updatePositionOneForwardEfff
                0x03801fe8      0x230 build/src/odom.o
                0x03801fe8                Odom::updatePositionOneForward(float, float, float)
 .text._ZN4Odom21updatePositionTwoAt45Efff
                0x03802218      0x238 build/src/odom.o
                0x03802218                Odom::updatePositionTwoAt45(float, float, float)
 .text._GLOBAL__sub_I_odom.cpp
                0x03802450       0x34 build/src/odom.o
 .text._ZN6Button4drawEN3vex5colorES1_NS0_8fontTypeESsii
                0x03802484       0xb4 build/src/screen.o
                0x03802484                Button::draw(vex::color, vex::color, vex::fontType, std::string, int, int)
 .text._ZN6Button10checkPressEv
                0x03802538       0x98 build/src/screen.o
                0x03802538                Button::checkPress()
 .text._ZN4Text9printTextEv
                0x038025d0       0x48 build/src/screen.o
                0x038025d0                Text::printText()
 .text._Z18createAutonButtonsPN3vex5colorEPSsP6Button
                0x03802618      0x438 build/src/screen.o
                0x03802618                createAutonButtons(vex::color*, std::string*, Button*)
 .text._Z11clickButtonR6ButtonPS_
                0x03802a50      0x194 build/src/screen.o
                0x03802a50                clickButton(Button&, Button*)
 .text._Z22clickButtonStartScreeniP6Button
                0x03802be4      0x388 build/src/screen.o
                0x03802be4                clickButtonStartScreen(int, Button*)
 .text._Z24showAutonSelectionScreenP6Button
                0x03802f6c      0x284 build/src/screen.o
                0x03802f6c                showAutonSelectionScreen(Button*)
 .text._Z14drawBackgroundv
                0x038031f0       0x88 build/src/screen.o
                0x038031f0                drawBackground()
 .text._Z17checkButtonsPressP6Button
                0x03803278       0x50 build/src/screen.o
                0x03803278                checkButtonsPress(Button*)
 .text._Z20createPreAutonScreenP6ButtonR4TextS2_
                0x038032c8      0x8e0 build/src/screen.o
                0x038032c8                createPreAutonScreen(Button*, Text&, Text&)
 .text._Z18showPreAutonScreenP6ButtonR4TextS2_Ssii
                0x03803ba8      0x490 build/src/screen.o
                0x03803ba8                showPreAutonScreen(Button*, Text&, Text&, std::string, int, int)
 .text._Z20checkPreAutonButtonsP6ButtonRiS1_R4Text
                0x03804038      0x26c build/src/screen.o
                0x03804038                checkPreAutonButtons(Button*, int&, int&, Text&)
 .text._GLOBAL__sub_I_screen.cpp
                0x038042a4       0x34 build/src/screen.o
 .text._ZN5DriveC2EN3vex11motor_groupES1_ifffifff
                0x038042d8      0x11c build/src/Drive.o
                0x038042d8                Drive::Drive(vex::motor_group, vex::motor_group, int, float, float, float, int, float, float, float)
                0x038042d8                Drive::Drive(vex::motor_group, vex::motor_group, int, float, float, float, int, float, float, float)
 .text._ZN5Drive18setDriveMaxVoltageEf
                0x038043f4        0x8 build/src/Drive.o
                0x038043f4                Drive::setDriveMaxVoltage(float)
 .text._ZN5Drive17setTurnMaxVoltageEf
                0x038043fc        0x8 build/src/Drive.o
                0x038043fc                Drive::setTurnMaxVoltage(float)
 .text._ZN5Drive17setDriveConstantsEffffff
                0x03804404       0x24 build/src/Drive.o
                0x03804404                Drive::setDriveConstants(float, float, float, float, float, float)
 .text._ZN5Drive16setTurnConstantsEffffff
                0x03804428       0x24 build/src/Drive.o
                0x03804428                Drive::setTurnConstants(float, float, float, float, float, float)
 .text._ZN5Drive6arcadeEv
                0x0380444c      0x100 build/src/Drive.o
                0x0380444c                Drive::arcade()
 .text._ZN5Drive4tankEv
                0x0380454c       0xa8 build/src/Drive.o
                0x0380454c                Drive::tank()
 .text._ZN5Drive11driveMotorsEff
                0x038045f4       0x6c build/src/Drive.o
                0x038045f4                Drive::driveMotors(float, float)
 .text._ZN5Drive5brakeEN3vex9brakeTypeE
                0x03804660       0x24 build/src/Drive.o
                0x03804660                Drive::brake(vex::brakeType)
 .text._ZN5Drive14updatePositionEv
                0x03804684      0x1b8 build/src/Drive.o
                0x03804684                Drive::updatePosition()
 .text._ZN5Drive11turnToAngleEf
                0x0380483c        0x8 build/src/Drive.o
                0x0380483c                Drive::turnToAngle(float)
 *fill*         0x03804844        0x4 
 .text._ZN5Drive11turnToAngleEff
                0x03804848      0x160 build/src/Drive.o
                0x03804848                Drive::turnToAngle(float, float)
 .text._ZN5Drive11setPositionEfff
                0x038049a8      0x140 build/src/Drive.o
                0x038049a8                Drive::setPosition(float, float, float)
 .text._ZN5Drive9movetoposEfff
                0x03804ae8      0x5ec build/src/Drive.o
                0x03804ae8                Drive::movetopos(float, float, float)
 .text._GLOBAL__sub_I_Drive.cpp
                0x038050d4       0x34 build/src/Drive.o
 .text._ZN3vex11motor_groupC2IJNS_5motorES2_EEERS2_DpRT_
                0x03805108       0x44 build/src/robot-config.o
                0x03805108                vex::motor_group::motor_group<vex::motor, vex::motor>(vex::motor&, vex::motor&, vex::motor&)
 .text._GLOBAL__sub_I_robot_config.cpp
                0x0380514c      0x520 build/src/robot-config.o
 .text._ZN9DeltaTimeC2Ev
                0x0380566c       0x44 build/src/PID.o
                0x0380566c                DeltaTime::DeltaTime()
 .text._ZN3PIDC2Effffff
                0x038056b0       0x60 build/src/PID.o
                0x038056b0                PID::PID(float, float, float, float, float, float)
                0x038056b0                PID::PID(float, float, float, float, float, float)
 .text._ZN3PID7computeEf
                0x03805710       0xc4 build/src/PID.o
                0x03805710                PID::compute(float)
 .text._ZN3PID9isSettledEv
                0x038057d4       0xe0 build/src/PID.o
                0x038057d4                PID::isSettled()
 .text._GLOBAL__sub_I_PID.cpp
                0x038058b4       0x34 build/src/PID.o
 .text.vexMain  0x038058e8       0xb0 c:\Users\Soren\AppData\Roaming\Code\User\globalStorage\vexrobotics.vexcode\sdk\cpp\V5\V5_20240802_15_00_00/vexv5\libv5rt.a(v5_startup.c.obj)
                0x038058e8                vexMain
 .text.__vex_function_prolog
                0x03805998       0x18 c:\Users\Soren\AppData\Roaming\Code\User\globalStorage\vexrobotics.vexcode\sdk\cpp\V5\V5_20240802_15_00_00/vexv5\libv5rt.a(v5_startup.c.obj)
                0x03805998                __vex_function_prolog
 .text._init    0x038059b0        0x4 c:\Users\Soren\AppData\Roaming\Code\User\globalStorage\vexrobotics.vexcode\sdk\cpp\V5\V5_20240802_15_00_00/vexv5\libv5rt.a(v5_startup.c.obj)
                0x038059b0                _init
 .text._fini    0x038059b4        0x4 c:\Users\Soren\AppData\Roaming\Code\User\globalStorage\vexrobotics.vexcode\sdk\cpp\V5\V5_20240802_15_00_00/vexv5\libv5rt.a(v5_startup.c.obj)
                0x038059b4                _fini
 .text.vexStdlibVersionLinked
                0x038059b8        0xc c:\Users\Soren\AppData\Roaming\Code\User\globalStorage\vexrobotics.vexcode\sdk\cpp\V5\V5_20240802_15_00_00/vexv5\libv5rt.a(v5_util.c.obj)
                0x038059b8                vexStdlibVersionLinked
 .text.vexStdlibVersionVerify
                0x038059c4       0x30 c:\Users\Soren\AppData\Roaming\Code\User\globalStorage\vexrobotics.vexcode\sdk\cpp\V5\V5_20240802_15_00_00/vexv5\libv5rt.a(v5_util.c.obj)
                0x038059c4                vexStdlibVersionVerify
 .text.vexPrivateApiEnable
                0x038059f4       0x10 c:\Users\Soren\AppData\Roaming\Code\User\globalStorage\vexrobotics.vexcode\sdk\cpp\V5\V5_20240802_15_00_00/vexv5\libv5rt.a(v5_apijump.c.obj)
                0x038059f4                vexPrivateApiEnable
 .text.vexStdlibMismatchError
                0x03805a04       0x3c c:\Users\Soren\AppData\Roaming\Code\User\globalStorage\vexrobotics.vexcode\sdk\cpp\V5\V5_20240802_15_00_00/vexv5\libv5rt.a(v5_apijump.c.obj)
                0x03805a04                vexStdlibMismatchError
 .text.vexTaskAdd
                0x03805a40       0x10 c:\Users\Soren\AppData\Roaming\Code\User\globalStorage\vexrobotics.vexcode\sdk\cpp\V5\V5_20240802_15_00_00/vexv5\libv5rt.a(v5_apijump.c.obj)
                0x03805a40                vexTaskAdd
 .text.vexTasksRun
                0x03805a50       0x10 c:\Users\Soren\AppData\Roaming\Code\User\globalStorage\vexrobotics.vexcode\sdk\cpp\V5\V5_20240802_15_00_00/vexv5\libv5rt.a(v5_apijump.c.obj)
                0x03805a50                vexTasksRun
 .text.vexTaskYield
                0x03805a60       0x10 c:\Users\Soren\AppData\Roaming\Code\User\globalStorage\vexrobotics.vexcode\sdk\cpp\V5\V5_20240802_15_00_00/vexv5\libv5rt.a(v5_apijump.c.obj)
                0x03805a60                vexTaskYield
 .text.vexTaskCheckTimeslice
                0x03805a70       0x10 c:\Users\Soren\AppData\Roaming\Code\User\globalStorage\vexrobotics.vexcode\sdk\cpp\V5\V5_20240802_15_00_00/vexv5\libv5rt.a(v5_apijump.c.obj)
                0x03805a70                vexTaskCheckTimeslice
 .text.vexTaskSleep
                0x03805a80       0x10 c:\Users\Soren\AppData\Roaming\Code\User\globalStorage\vexrobotics.vexcode\sdk\cpp\V5\V5_20240802_15_00_00/vexv5\libv5rt.a(v5_apijump.c.obj)
                0x03805a80                vexTaskSleep
 .text.vexTasksDump
                0x03805a90       0x1c c:\Users\Soren\AppData\Roaming\Code\User\globalStorage\vexrobotics.vexcode\sdk\cpp\V5\V5_20240802_15_00_00/vexv5\libv5rt.a(v5_apijump.c.obj)
                0x03805a90                vexTasksDump
 .text.vexTaskGetTaskIndex
                0x03805aac       0x10 c:\Users\Soren\AppData\Roaming\Code\User\globalStorage\vexrobotics.vexcode\sdk\cpp\V5\V5_20240802_15_00_00/vexv5\libv5rt.a(v5_apijump.c.obj)
                0x03805aac                vexTaskGetTaskIndex
 .text.vexTaskStopAll
                0x03805abc       0x10 c:\Users\Soren\AppData\Roaming\Code\User\globalStorage\vexrobotics.vexcode\sdk\cpp\V5\V5_20240802_15_00_00/vexv5\libv5rt.a(v5_apijump.c.obj)
                0x03805abc                vexTaskStopAll
 .text.vexTaskRemoveAllUser
                0x03805acc       0x34 c:\Users\Soren\AppData\Roaming\Code\User\globalStorage\vexrobotics.vexcode\sdk\cpp\V5\V5_20240802_15_00_00/vexv5\libv5rt.a(v5_apijump.c.obj)
                0x03805acc                vexTaskRemoveAllUser
 .text.vexTaskCompletionIdSet
                0x03805b00       0x10 c:\Users\Soren\AppData\Roaming\Code\User\globalStorage\vexrobotics.vexcode\sdk\cpp\V5\V5_20240802_15_00_00/vexv5\libv5rt.a(v5_apijump.c.obj)
                0x03805b00                vexTaskCompletionIdSet
 .text.vexTaskStopWithId
                0x03805b10       0x10 c:\Users\Soren\AppData\Roaming\Code\User\globalStorage\vexrobotics.vexcode\sdk\cpp\V5\V5_20240802_15_00_00/vexv5\libv5rt.a(v5_apijump.c.obj)
                0x03805b10                vexTaskStopWithId
 .text.vexCriticalSection
                0x03805b20       0x2c c:\Users\Soren\AppData\Roaming\Code\User\globalStorage\vexrobotics.vexcode\sdk\cpp\V5\V5_20240802_15_00_00/vexv5\libv5rt.a(v5_apijump.c.obj)
                0x03805b20                vexCriticalSection
 .text.vexEventAdd
                0x03805b4c       0x34 c:\Users\Soren\AppData\Roaming\Code\User\globalStorage\vexrobotics.vexcode\sdk\cpp\V5\V5_20240802_15_00_00/vexv5\libv5rt.a(v5_apijump.c.obj)
                0x03805b4c                vexEventAdd
 .text.vexEventUserIndexGet
                0x03805b80       0x1c c:\Users\Soren\AppData\Roaming\Code\User\globalStorage\vexrobotics.vexcode\sdk\cpp\V5\V5_20240802_15_00_00/vexv5\libv5rt.a(v5_apijump.c.obj)
                0x03805b80                vexEventUserIndexGet
 .text.vexEventAddWithArg
                0x03805b9c       0x3c c:\Users\Soren\AppData\Roaming\Code\User\globalStorage\vexrobotics.vexcode\sdk\cpp\V5\V5_20240802_15_00_00/vexv5\libv5rt.a(v5_apijump.c.obj)
                0x03805b9c                vexEventAddWithArg
 .text.vexEventsCleanup
                0x03805bd8       0x2c c:\Users\Soren\AppData\Roaming\Code\User\globalStorage\vexrobotics.vexcode\sdk\cpp\V5\V5_20240802_15_00_00/vexv5\libv5rt.a(v5_apijump.c.obj)
                0x03805bd8                vexEventsCleanup
 .text.vexDebug
                0x03805c04       0x38 c:\Users\Soren\AppData\Roaming\Code\User\globalStorage\vexrobotics.vexcode\sdk\cpp\V5\V5_20240802_15_00_00/vexv5\libv5rt.a(v5_apijump.c.obj)
                0x03805c04                vexDebug
 .text.vex_sprintf
                0x03805c3c       0x40 c:\Users\Soren\AppData\Roaming\Code\User\globalStorage\vexrobotics.vexcode\sdk\cpp\V5\V5_20240802_15_00_00/vexv5\libv5rt.a(v5_apijump.c.obj)
                0x03805c3c                vex_sprintf
 .text.vex_vsnprintf
                0x03805c7c       0x3c c:\Users\Soren\AppData\Roaming\Code\User\globalStorage\vexrobotics.vexcode\sdk\cpp\V5\V5_20240802_15_00_00/vexv5\libv5rt.a(v5_apijump.c.obj)
                0x03805c7c                vex_vsnprintf
 .text.vexSystemTimeGet
                0x03805cb8       0x1c c:\Users\Soren\AppData\Roaming\Code\User\globalStorage\vexrobotics.vexcode\sdk\cpp\V5\V5_20240802_15_00_00/vexv5\libv5rt.a(v5_apijump.c.obj)
                0x03805cb8                vexSystemTimeGet
 .text.vexSystemExitRequest
                0x03805cd4       0x1c c:\Users\Soren\AppData\Roaming\Code\User\globalStorage\vexrobotics.vexcode\sdk\cpp\V5\V5_20240802_15_00_00/vexv5\libv5rt.a(v5_apijump.c.obj)
                0x03805cd4                vexSystemExitRequest
 .text.vexDeviceGetByIndex
                0x03805cf0       0x24 c:\Users\Soren\AppData\Roaming\Code\User\globalStorage\vexrobotics.vexcode\sdk\cpp\V5\V5_20240802_15_00_00/vexv5\libv5rt.a(v5_apijump.c.obj)
                0x03805cf0                vexDeviceGetByIndex
 .text.vexControllerGet
                0x03805d14       0x2c c:\Users\Soren\AppData\Roaming\Code\User\globalStorage\vexrobotics.vexcode\sdk\cpp\V5\V5_20240802_15_00_00/vexv5\libv5rt.a(v5_apijump.c.obj)
                0x03805d14                vexControllerGet
 .text.vexControllerTextSet
                0x03805d40       0x74 c:\Users\Soren\AppData\Roaming\Code\User\globalStorage\vexrobotics.vexcode\sdk\cpp\V5\V5_20240802_15_00_00/vexv5\libv5rt.a(v5_apijump.c.obj)
                0x03805d40                vexControllerTextSet
 .text.vexDeviceAdiPortConfigSet
                0x03805db4       0x34 c:\Users\Soren\AppData\Roaming\Code\User\globalStorage\vexrobotics.vexcode\sdk\cpp\V5\V5_20240802_15_00_00/vexv5\libv5rt.a(v5_apijump.c.obj)
                0x03805db4                vexDeviceAdiPortConfigSet
 .text.vexDeviceAdiPortConfigGet
                0x03805de8       0x2c c:\Users\Soren\AppData\Roaming\Code\User\globalStorage\vexrobotics.vexcode\sdk\cpp\V5\V5_20240802_15_00_00/vexv5\libv5rt.a(v5_apijump.c.obj)
                0x03805de8                vexDeviceAdiPortConfigGet
 .text.vexDeviceAdiValueSet
                0x03805e14       0x34 c:\Users\Soren\AppData\Roaming\Code\User\globalStorage\vexrobotics.vexcode\sdk\cpp\V5\V5_20240802_15_00_00/vexv5\libv5rt.a(v5_apijump.c.obj)
                0x03805e14                vexDeviceAdiValueSet
 .text.vexDeviceMotorVelocitySet
                0x03805e48       0x2c c:\Users\Soren\AppData\Roaming\Code\User\globalStorage\vexrobotics.vexcode\sdk\cpp\V5\V5_20240802_15_00_00/vexv5\libv5rt.a(v5_apijump.c.obj)
                0x03805e48                vexDeviceMotorVelocitySet
 .text.vexDeviceMotorVoltageSet
                0x03805e74       0x2c c:\Users\Soren\AppData\Roaming\Code\User\globalStorage\vexrobotics.vexcode\sdk\cpp\V5\V5_20240802_15_00_00/vexv5\libv5rt.a(v5_apijump.c.obj)
                0x03805e74                vexDeviceMotorVoltageSet
 .text.vexDeviceMotorActualVelocityGet
                0x03805ea0       0x24 c:\Users\Soren\AppData\Roaming\Code\User\globalStorage\vexrobotics.vexcode\sdk\cpp\V5\V5_20240802_15_00_00/vexv5\libv5rt.a(v5_apijump.c.obj)
                0x03805ea0                vexDeviceMotorActualVelocityGet
 .text.vexDeviceMotorReverseFlagSet
                0x03805ec4       0x2c c:\Users\Soren\AppData\Roaming\Code\User\globalStorage\vexrobotics.vexcode\sdk\cpp\V5\V5_20240802_15_00_00/vexv5\libv5rt.a(v5_apijump.c.obj)
                0x03805ec4                vexDeviceMotorReverseFlagSet
 .text.vexDeviceMotorEncoderUnitsSet
                0x03805ef0       0x2c c:\Users\Soren\AppData\Roaming\Code\User\globalStorage\vexrobotics.vexcode\sdk\cpp\V5\V5_20240802_15_00_00/vexv5\libv5rt.a(v5_apijump.c.obj)
                0x03805ef0                vexDeviceMotorEncoderUnitsSet
 .text.vexDeviceMotorBrakeModeSet
                0x03805f1c       0x2c c:\Users\Soren\AppData\Roaming\Code\User\globalStorage\vexrobotics.vexcode\sdk\cpp\V5\V5_20240802_15_00_00/vexv5\libv5rt.a(v5_apijump.c.obj)
                0x03805f1c                vexDeviceMotorBrakeModeSet
 .text.vexDeviceMotorPositionSet
                0x03805f48       0x34 c:\Users\Soren\AppData\Roaming\Code\User\globalStorage\vexrobotics.vexcode\sdk\cpp\V5\V5_20240802_15_00_00/vexv5\libv5rt.a(v5_apijump.c.obj)
                0x03805f48                vexDeviceMotorPositionSet
 .text.vexDeviceMotorPositionGet
                0x03805f7c       0x24 c:\Users\Soren\AppData\Roaming\Code\User\globalStorage\vexrobotics.vexcode\sdk\cpp\V5\V5_20240802_15_00_00/vexv5\libv5rt.a(v5_apijump.c.obj)
                0x03805f7c                vexDeviceMotorPositionGet
 .text.vexDeviceMotorGearingSet
                0x03805fa0       0x2c c:\Users\Soren\AppData\Roaming\Code\User\globalStorage\vexrobotics.vexcode\sdk\cpp\V5\V5_20240802_15_00_00/vexv5\libv5rt.a(v5_apijump.c.obj)
                0x03805fa0                vexDeviceMotorGearingSet
 .text.vexDeviceMotorGearingGet
                0x03805fcc       0x24 c:\Users\Soren\AppData\Roaming\Code\User\globalStorage\vexrobotics.vexcode\sdk\cpp\V5\V5_20240802_15_00_00/vexv5\libv5rt.a(v5_apijump.c.obj)
                0x03805fcc                vexDeviceMotorGearingGet
 .text.vexDeviceImuReset
                0x03805ff0       0x24 c:\Users\Soren\AppData\Roaming\Code\User\globalStorage\vexrobotics.vexcode\sdk\cpp\V5\V5_20240802_15_00_00/vexv5\libv5rt.a(v5_apijump.c.obj)
                0x03805ff0                vexDeviceImuReset
 .text.vexDeviceImuHeadingGet
                0x03806014       0x24 c:\Users\Soren\AppData\Roaming\Code\User\globalStorage\vexrobotics.vexcode\sdk\cpp\V5\V5_20240802_15_00_00/vexv5\libv5rt.a(v5_apijump.c.obj)
                0x03806014                vexDeviceImuHeadingGet
 .text.vexDeviceImuDegreesGet
                0x03806038       0x24 c:\Users\Soren\AppData\Roaming\Code\User\globalStorage\vexrobotics.vexcode\sdk\cpp\V5\V5_20240802_15_00_00/vexv5\libv5rt.a(v5_apijump.c.obj)
                0x03806038                vexDeviceImuDegreesGet
 .text.vexDeviceImuStatusGet
                0x0380605c       0x24 c:\Users\Soren\AppData\Roaming\Code\User\globalStorage\vexrobotics.vexcode\sdk\cpp\V5\V5_20240802_15_00_00/vexv5\libv5rt.a(v5_apijump.c.obj)
                0x0380605c                vexDeviceImuStatusGet
 .text.vexDeviceAbsEncPositionSet
                0x03806080       0x2c c:\Users\Soren\AppData\Roaming\Code\User\globalStorage\vexrobotics.vexcode\sdk\cpp\V5\V5_20240802_15_00_00/vexv5\libv5rt.a(v5_apijump.c.obj)
                0x03806080                vexDeviceAbsEncPositionSet
 .text.vexDeviceAbsEncPositionGet
                0x038060ac       0x24 c:\Users\Soren\AppData\Roaming\Code\User\globalStorage\vexrobotics.vexcode\sdk\cpp\V5\V5_20240802_15_00_00/vexv5\libv5rt.a(v5_apijump.c.obj)
                0x038060ac                vexDeviceAbsEncPositionGet
 .text.vexDeviceAbsEncAngleGet
                0x038060d0       0x24 c:\Users\Soren\AppData\Roaming\Code\User\globalStorage\vexrobotics.vexcode\sdk\cpp\V5\V5_20240802_15_00_00/vexv5\libv5rt.a(v5_apijump.c.obj)
                0x038060d0                vexDeviceAbsEncAngleGet
 .text.vexDeviceAbsEncReverseFlagSet
                0x038060f4       0x2c c:\Users\Soren\AppData\Roaming\Code\User\globalStorage\vexrobotics.vexcode\sdk\cpp\V5\V5_20240802_15_00_00/vexv5\libv5rt.a(v5_apijump.c.obj)
                0x038060f4                vexDeviceAbsEncReverseFlagSet
 .text.vexDeviceOpticalHueGet
                0x03806120       0x24 c:\Users\Soren\AppData\Roaming\Code\User\globalStorage\vexrobotics.vexcode\sdk\cpp\V5\V5_20240802_15_00_00/vexv5\libv5rt.a(v5_apijump.c.obj)
                0x03806120                vexDeviceOpticalHueGet
 .text.vexDeviceOpticalLedPwmSet
                0x03806144       0x2c c:\Users\Soren\AppData\Roaming\Code\User\globalStorage\vexrobotics.vexcode\sdk\cpp\V5\V5_20240802_15_00_00/vexv5\libv5rt.a(v5_apijump.c.obj)
                0x03806144                vexDeviceOpticalLedPwmSet
 .text.vexDeviceOpticalGestureEnable
                0x03806170       0x24 c:\Users\Soren\AppData\Roaming\Code\User\globalStorage\vexrobotics.vexcode\sdk\cpp\V5\V5_20240802_15_00_00/vexv5\libv5rt.a(v5_apijump.c.obj)
                0x03806170                vexDeviceOpticalGestureEnable
 .text.vexDeviceOpticalGestureDisable
                0x03806194       0x24 c:\Users\Soren\AppData\Roaming\Code\User\globalStorage\vexrobotics.vexcode\sdk\cpp\V5\V5_20240802_15_00_00/vexv5\libv5rt.a(v5_apijump.c.obj)
                0x03806194                vexDeviceOpticalGestureDisable
 .text.vexDeviceOpticalProximityThreshold
                0x038061b8       0x2c c:\Users\Soren\AppData\Roaming\Code\User\globalStorage\vexrobotics.vexcode\sdk\cpp\V5\V5_20240802_15_00_00/vexv5\libv5rt.a(v5_apijump.c.obj)
                0x038061b8                vexDeviceOpticalProximityThreshold
 .text.vexDeviceOpticalIntegrationTimeSet
                0x038061e4       0x34 c:\Users\Soren\AppData\Roaming\Code\User\globalStorage\vexrobotics.vexcode\sdk\cpp\V5\V5_20240802_15_00_00/vexv5\libv5rt.a(v5_apijump.c.obj)
                0x038061e4                vexDeviceOpticalIntegrationTimeSet
 .text.vexDisplayForegroundColor
                0x03806218       0x24 c:\Users\Soren\AppData\Roaming\Code\User\globalStorage\vexrobotics.vexcode\sdk\cpp\V5\V5_20240802_15_00_00/vexv5\libv5rt.a(v5_apijump.c.obj)
                0x03806218                vexDisplayForegroundColor
 .text.vexDisplayBackgroundColor
                0x0380623c       0x24 c:\Users\Soren\AppData\Roaming\Code\User\globalStorage\vexrobotics.vexcode\sdk\cpp\V5\V5_20240802_15_00_00/vexv5\libv5rt.a(v5_apijump.c.obj)
                0x0380623c                vexDisplayBackgroundColor
 .text.vexDisplayBackgroundColorGet
                0x03806260       0x1c c:\Users\Soren\AppData\Roaming\Code\User\globalStorage\vexrobotics.vexcode\sdk\cpp\V5\V5_20240802_15_00_00/vexv5\libv5rt.a(v5_apijump.c.obj)
                0x03806260                vexDisplayBackgroundColorGet
 .text.vexDisplayPixelSet
                0x0380627c       0x38 c:\Users\Soren\AppData\Roaming\Code\User\globalStorage\vexrobotics.vexcode\sdk\cpp\V5\V5_20240802_15_00_00/vexv5\libv5rt.a(v5_apijump.c.obj)
                0x0380627c                vexDisplayPixelSet
 .text.vexDisplayRectDraw
                0x038062b4       0x4c c:\Users\Soren\AppData\Roaming\Code\User\globalStorage\vexrobotics.vexcode\sdk\cpp\V5\V5_20240802_15_00_00/vexv5\libv5rt.a(v5_apijump.c.obj)
                0x038062b4                vexDisplayRectDraw
 .text.vexDisplayRectClear
                0x03806300       0x4c c:\Users\Soren\AppData\Roaming\Code\User\globalStorage\vexrobotics.vexcode\sdk\cpp\V5\V5_20240802_15_00_00/vexv5\libv5rt.a(v5_apijump.c.obj)
                0x03806300                vexDisplayRectClear
 .text.vexDisplayVPrintf
                0x0380634c       0x50 c:\Users\Soren\AppData\Roaming\Code\User\globalStorage\vexrobotics.vexcode\sdk\cpp\V5\V5_20240802_15_00_00/vexv5\libv5rt.a(v5_apijump.c.obj)
                0x0380634c                vexDisplayVPrintf
 .text.vexDisplayTextReference
                0x0380639c       0x24 c:\Users\Soren\AppData\Roaming\Code\User\globalStorage\vexrobotics.vexcode\sdk\cpp\V5\V5_20240802_15_00_00/vexv5\libv5rt.a(v5_apijump.c.obj)
                0x0380639c                vexDisplayTextReference
 .text.vexDisplayTextSize
                0x038063c0       0x2c c:\Users\Soren\AppData\Roaming\Code\User\globalStorage\vexrobotics.vexcode\sdk\cpp\V5\V5_20240802_15_00_00/vexv5\libv5rt.a(v5_apijump.c.obj)
                0x038063c0                vexDisplayTextSize
 .text.vexDisplayFontNamedSet
                0x038063ec       0x24 c:\Users\Soren\AppData\Roaming\Code\User\globalStorage\vexrobotics.vexcode\sdk\cpp\V5\V5_20240802_15_00_00/vexv5\libv5rt.a(v5_apijump.c.obj)
                0x038063ec                vexDisplayFontNamedSet
 .text.vexDisplayStringWidthGet
                0x03806410       0x24 c:\Users\Soren\AppData\Roaming\Code\User\globalStorage\vexrobotics.vexcode\sdk\cpp\V5\V5_20240802_15_00_00/vexv5\libv5rt.a(v5_apijump.c.obj)
                0x03806410                vexDisplayStringWidthGet
 .text.vexDisplayPenSizeGet
                0x03806434       0x1c c:\Users\Soren\AppData\Roaming\Code\User\globalStorage\vexrobotics.vexcode\sdk\cpp\V5\V5_20240802_15_00_00/vexv5\libv5rt.a(v5_apijump.c.obj)
                0x03806434                vexDisplayPenSizeGet
 .text.vexSystemStdlibImpureDataAddr
                0x03806450       0x28 c:\Users\Soren\AppData\Roaming\Code\User\globalStorage\vexrobotics.vexcode\sdk\cpp\V5\V5_20240802_15_00_00/vexv5\libv5rt.a(v5_apijump.c.obj)
                0x03806450                vexSystemStdlibImpureDataAddr
 .text.vexSystemStdlibImpureDataSize
                0x03806478       0x28 c:\Users\Soren\AppData\Roaming\Code\User\globalStorage\vexrobotics.vexcode\sdk\cpp\V5\V5_20240802_15_00_00/vexv5\libv5rt.a(v5_apijump.c.obj)
                0x03806478                vexSystemStdlibImpureDataSize
 .text.vexSystemSaveUserData
                0x038064a0       0x3c c:\Users\Soren\AppData\Roaming\Code\User\globalStorage\vexrobotics.vexcode\sdk\cpp\V5\V5_20240802_15_00_00/vexv5\libv5rt.a(v5_apijump.c.obj)
                0x038064a0                vexSystemSaveUserData
 .text.vexTouchDataGet
                0x038064dc       0x10 c:\Users\Soren\AppData\Roaming\Code\User\globalStorage\vexrobotics.vexcode\sdk\cpp\V5\V5_20240802_15_00_00/vexv5\libv5rt.a(v5_apijump.c.obj)
                0x038064dc                vexTouchDataGet
 .text.vexDisplayThemeIdGet
                0x038064ec       0x38 c:\Users\Soren\AppData\Roaming\Code\User\globalStorage\vexrobotics.vexcode\sdk\cpp\V5\V5_20240802_15_00_00/vexv5\libv5rt.a(v5_apijump.c.obj)
                0x038064ec                vexDisplayThemeIdGet
 .text.vexDeviceEventMaskSet
                0x03806524       0x48 c:\Users\Soren\AppData\Roaming\Code\User\globalStorage\vexrobotics.vexcode\sdk\cpp\V5\V5_20240802_15_00_00/vexv5\libv5rt.a(v5_apijump.c.obj)
                0x03806524                vexDeviceEventMaskSet
 .text.vexDeviceEventMaskGet
                0x0380656c       0x3c c:\Users\Soren\AppData\Roaming\Code\User\globalStorage\vexrobotics.vexcode\sdk\cpp\V5\V5_20240802_15_00_00/vexv5\libv5rt.a(v5_apijump.c.obj)
                0x0380656c                vexDeviceEventMaskGet
 .text.vexSystemVersion
                0x038065a8       0x10 c:\Users\Soren\AppData\Roaming\Code\User\globalStorage\vexrobotics.vexcode\sdk\cpp\V5\V5_20240802_15_00_00/vexv5\libv5rt.a(v5_apiversions.c.obj)
                0x038065a8                vexSystemVersion
 .text.vexStdlibVersion
                0x038065b8       0x10 c:\Users\Soren\AppData\Roaming\Code\User\globalStorage\vexrobotics.vexcode\sdk\cpp\V5\V5_20240802_15_00_00/vexv5\libv5rt.a(v5_apiversions.c.obj)
                0x038065b8                vexStdlibVersion
 .text._ZN3vex4waitEdNS_9timeUnitsE
                0x038065c8       0x30 c:\Users\Soren\AppData\Roaming\Code\User\globalStorage\vexrobotics.vexcode\sdk\cpp\V5\V5_20240802_15_00_00/vexv5\libv5rt.a(vex_global.cpp.obj)
                0x038065c8                vex::wait(double, vex::timeUnits)
 .text._ZN3vex5motorD2Ev
                0x038065f8       0x20 c:\Users\Soren\AppData\Roaming\Code\User\globalStorage\vexrobotics.vexcode\sdk\cpp\V5\V5_20240802_15_00_00/vexv5\libv5rt.a(vex_motor.cpp.obj)
                0x038065f8                vex::motor::~motor()
                0x038065f8                vex::motor::~motor()
 .text._ZN3vex5motorD0Ev
                0x03806618       0x1c c:\Users\Soren\AppData\Roaming\Code\User\globalStorage\vexrobotics.vexcode\sdk\cpp\V5\V5_20240802_15_00_00/vexv5\libv5rt.a(vex_motor.cpp.obj)
                0x03806618                vex::motor::~motor()
 .text._ZN3vex5motor9installedEv
                0x03806634       0x18 c:\Users\Soren\AppData\Roaming\Code\User\globalStorage\vexrobotics.vexcode\sdk\cpp\V5\V5_20240802_15_00_00/vexv5\libv5rt.a(vex_motor.cpp.obj)
                0x03806634                vex::motor::installed()
 .text._ZN3vex5motor15defaultStoppingENS_9brakeTypeE
                0x0380664c       0x30 c:\Users\Soren\AppData\Roaming\Code\User\globalStorage\vexrobotics.vexcode\sdk\cpp\V5\V5_20240802_15_00_00/vexv5\libv5rt.a(vex_motor.cpp.obj)
                0x0380664c                vex::motor::defaultStopping(vex::brakeType)
 .text._ZN3vex5motor11setStoppingENS_9brakeTypeE
                0x0380667c        0x4 c:\Users\Soren\AppData\Roaming\Code\User\globalStorage\vexrobotics.vexcode\sdk\cpp\V5\V5_20240802_15_00_00/vexv5\libv5rt.a(vex_motor.cpp.obj)
                0x0380667c                vex::motor::setStopping(vex::brakeType)
 .text._ZN3vex5motorC2El
                0x03806680       0x78 c:\Users\Soren\AppData\Roaming\Code\User\globalStorage\vexrobotics.vexcode\sdk\cpp\V5\V5_20240802_15_00_00/vexv5\libv5rt.a(vex_motor.cpp.obj)
                0x03806680                vex::motor::motor(long)
                0x03806680                vex::motor::motor(long)
 .text._ZN3vex5motorC2ElNS_11gearSettingEb
                0x038066f8       0x34 c:\Users\Soren\AppData\Roaming\Code\User\globalStorage\vexrobotics.vexcode\sdk\cpp\V5\V5_20240802_15_00_00/vexv5\libv5rt.a(vex_motor.cpp.obj)
                0x038066f8                vex::motor::motor(long, vex::gearSetting, bool)
                0x038066f8                vex::motor::motor(long, vex::gearSetting, bool)
 *fill*         0x0380672c        0x4 
 .text._ZN3vex5motor4spinENS_13directionTypeEdNS_12voltageUnitsE
                0x03806730       0x50 c:\Users\Soren\AppData\Roaming\Code\User\globalStorage\vexrobotics.vexcode\sdk\cpp\V5\V5_20240802_15_00_00/vexv5\libv5rt.a(vex_motor.cpp.obj)
                0x03806730                vex::motor::spin(vex::directionType, double, vex::voltageUnits)
 .text._ZN3vex5motor4stopENS_9brakeTypeE
                0x03806780       0x30 c:\Users\Soren\AppData\Roaming\Code\User\globalStorage\vexrobotics.vexcode\sdk\cpp\V5\V5_20240802_15_00_00/vexv5\libv5rt.a(vex_motor.cpp.obj)
                0x03806780                vex::motor::stop(vex::brakeType)
 .text._ZN3vex5motor4stopEv
                0x038067b0        0x8 c:\Users\Soren\AppData\Roaming\Code\User\globalStorage\vexrobotics.vexcode\sdk\cpp\V5\V5_20240802_15_00_00/vexv5\libv5rt.a(vex_motor.cpp.obj)
                0x038067b0                vex::motor::stop()
 .text._ZN3vex5motor16velocityToScaledEdNS_13velocityUnitsE
                0x038067b8       0x5c c:\Users\Soren\AppData\Roaming\Code\User\globalStorage\vexrobotics.vexcode\sdk\cpp\V5\V5_20240802_15_00_00/vexv5\libv5rt.a(vex_motor.cpp.obj)
                0x038067b8                vex::motor::velocityToScaled(double, vex::velocityUnits)
 .text._ZN3vex5motor8velocityENS_13velocityUnitsE
                0x03806814       0x30 c:\Users\Soren\AppData\Roaming\Code\User\globalStorage\vexrobotics.vexcode\sdk\cpp\V5\V5_20240802_15_00_00/vexv5\libv5rt.a(vex_motor.cpp.obj)
                0x03806814                vex::motor::velocity(vex::velocityUnits)
 .text._ZN3vex5motor5valueEv
                0x03806844       0x1c c:\Users\Soren\AppData\Roaming\Code\User\globalStorage\vexrobotics.vexcode\sdk\cpp\V5\V5_20240802_15_00_00/vexv5\libv5rt.a(vex_motor.cpp.obj)
                0x03806844                vex::motor::value()
 .text._ZN3vex5motor16scaledToVelocityEdNS_13velocityUnitsE
                0x03806860       0xa4 c:\Users\Soren\AppData\Roaming\Code\User\globalStorage\vexrobotics.vexcode\sdk\cpp\V5\V5_20240802_15_00_00/vexv5\libv5rt.a(vex_motor.cpp.obj)
                0x03806860                vex::motor::scaledToVelocity(double, vex::velocityUnits)
 .text._ZN3vex5motor4spinENS_13directionTypeEdNS_13velocityUnitsE
                0x03806904       0x5c c:\Users\Soren\AppData\Roaming\Code\User\globalStorage\vexrobotics.vexcode\sdk\cpp\V5\V5_20240802_15_00_00/vexv5\libv5rt.a(vex_motor.cpp.obj)
                0x03806904                vex::motor::spin(vex::directionType, double, vex::velocityUnits)
 .text._ZN3vex5motor4spinENS_13directionTypeE
                0x03806960       0x28 c:\Users\Soren\AppData\Roaming\Code\User\globalStorage\vexrobotics.vexcode\sdk\cpp\V5\V5_20240802_15_00_00/vexv5\libv5rt.a(vex_motor.cpp.obj)
                0x03806960                vex::motor::spin(vex::directionType)
 .text._ZN3vex5motor11setVelocityEdNS_13velocityUnitsE
                0x03806988       0x54 c:\Users\Soren\AppData\Roaming\Code\User\globalStorage\vexrobotics.vexcode\sdk\cpp\V5\V5_20240802_15_00_00/vexv5\libv5rt.a(vex_motor.cpp.obj)
                0x03806988                vex::motor::setVelocity(double, vex::velocityUnits)
 .text._ZN3vex5motor16setRotationUnitsENS_13rotationUnitsE
                0x038069dc       0x1c c:\Users\Soren\AppData\Roaming\Code\User\globalStorage\vexrobotics.vexcode\sdk\cpp\V5\V5_20240802_15_00_00/vexv5\libv5rt.a(vex_motor.cpp.obj)
                0x038069dc                vex::motor::setRotationUnits(vex::rotationUnits)
 .text._ZN3vex5motor8positionENS_13rotationUnitsE
                0x038069f8       0x44 c:\Users\Soren\AppData\Roaming\Code\User\globalStorage\vexrobotics.vexcode\sdk\cpp\V5\V5_20240802_15_00_00/vexv5\libv5rt.a(vex_motor.cpp.obj)
                0x038069f8                vex::motor::position(vex::rotationUnits)
 .text._ZN3vex8inertial11getTurnTypeEv
                0x03806a3c        0x8 c:\Users\Soren\AppData\Roaming\Code\User\globalStorage\vexrobotics.vexcode\sdk\cpp\V5\V5_20240802_15_00_00/vexv5\libv5rt.a(vex_imu.cpp.obj)
                0x03806a3c                vex::inertial::getTurnType()
 .text._ZThn16_N3vex8inertial11getTurnTypeEv
                0x03806a44        0x8 c:\Users\Soren\AppData\Roaming\Code\User\globalStorage\vexrobotics.vexcode\sdk\cpp\V5\V5_20240802_15_00_00/vexv5\libv5rt.a(vex_imu.cpp.obj)
                0x03806a44                non-virtual thunk to vex::inertial::getTurnType()
 *fill*         0x03806a4c        0x4 
 .text._ZN3vex8inertial10setHeadingEdNS_13rotationUnitsE
                0x03806a50       0x58 c:\Users\Soren\AppData\Roaming\Code\User\globalStorage\vexrobotics.vexcode\sdk\cpp\V5\V5_20240802_15_00_00/vexv5\libv5rt.a(vex_imu.cpp.obj)
                0x03806a50                vex::inertial::setHeading(double, vex::rotationUnits)
 .text._ZThn16_N3vex8inertial10setHeadingEdNS_13rotationUnitsE
                0x03806aa8        0x8 c:\Users\Soren\AppData\Roaming\Code\User\globalStorage\vexrobotics.vexcode\sdk\cpp\V5\V5_20240802_15_00_00/vexv5\libv5rt.a(vex_imu.cpp.obj)
                0x03806aa8                non-virtual thunk to vex::inertial::setHeading(double, vex::rotationUnits)
 .text._ZN3vex8inertial11setRotationEdNS_13rotationUnitsE
                0x03806ab0       0x58 c:\Users\Soren\AppData\Roaming\Code\User\globalStorage\vexrobotics.vexcode\sdk\cpp\V5\V5_20240802_15_00_00/vexv5\libv5rt.a(vex_imu.cpp.obj)
                0x03806ab0                vex::inertial::setRotation(double, vex::rotationUnits)
 .text._ZThn16_N3vex8inertial11setRotationEdNS_13rotationUnitsE
                0x03806b08        0x8 c:\Users\Soren\AppData\Roaming\Code\User\globalStorage\vexrobotics.vexcode\sdk\cpp\V5\V5_20240802_15_00_00/vexv5\libv5rt.a(vex_imu.cpp.obj)
                0x03806b08                non-virtual thunk to vex::inertial::setRotation(double, vex::rotationUnits)
 .text._ZN3vex8inertialD2Ev
                0x03806b10       0x20 c:\Users\Soren\AppData\Roaming\Code\User\globalStorage\vexrobotics.vexcode\sdk\cpp\V5\V5_20240802_15_00_00/vexv5\libv5rt.a(vex_imu.cpp.obj)
                0x03806b10                vex::inertial::~inertial()
                0x03806b10                vex::inertial::~inertial()
 .text._ZThn16_N3vex8inertialD1Ev
                0x03806b30        0x8 c:\Users\Soren\AppData\Roaming\Code\User\globalStorage\vexrobotics.vexcode\sdk\cpp\V5\V5_20240802_15_00_00/vexv5\libv5rt.a(vex_imu.cpp.obj)
                0x03806b30                non-virtual thunk to vex::inertial::~inertial()
 .text._ZN3vex8inertialD0Ev
                0x03806b38       0x1c c:\Users\Soren\AppData\Roaming\Code\User\globalStorage\vexrobotics.vexcode\sdk\cpp\V5\V5_20240802_15_00_00/vexv5\libv5rt.a(vex_imu.cpp.obj)
                0x03806b38                vex::inertial::~inertial()
 .text._ZThn16_N3vex8inertialD0Ev
                0x03806b54        0x8 c:\Users\Soren\AppData\Roaming\Code\User\globalStorage\vexrobotics.vexcode\sdk\cpp\V5\V5_20240802_15_00_00/vexv5\libv5rt.a(vex_imu.cpp.obj)
                0x03806b54                non-virtual thunk to vex::inertial::~inertial()
 .text._ZN3vex8inertial9installedEv
                0x03806b5c       0x18 c:\Users\Soren\AppData\Roaming\Code\User\globalStorage\vexrobotics.vexcode\sdk\cpp\V5\V5_20240802_15_00_00/vexv5\libv5rt.a(vex_imu.cpp.obj)
                0x03806b5c                vex::inertial::installed()
 .text._ZN3vex8inertial5angleENS_13rotationUnitsE
                0x03806b74       0x6c c:\Users\Soren\AppData\Roaming\Code\User\globalStorage\vexrobotics.vexcode\sdk\cpp\V5\V5_20240802_15_00_00/vexv5\libv5rt.a(vex_imu.cpp.obj)
                0x03806b74                vex::inertial::angle(vex::rotationUnits)
 .text._ZThn16_N3vex8inertial5angleENS_13rotationUnitsE
                0x03806be0        0x8 c:\Users\Soren\AppData\Roaming\Code\User\globalStorage\vexrobotics.vexcode\sdk\cpp\V5\V5_20240802_15_00_00/vexv5\libv5rt.a(vex_imu.cpp.obj)
                0x03806be0                non-virtual thunk to vex::inertial::angle(vex::rotationUnits)
 .text._ZN3vex8inertial7headingENS_13rotationUnitsE
                0x03806be8        0x4 c:\Users\Soren\AppData\Roaming\Code\User\globalStorage\vexrobotics.vexcode\sdk\cpp\V5\V5_20240802_15_00_00/vexv5\libv5rt.a(vex_imu.cpp.obj)
                0x03806be8                vex::inertial::heading(vex::rotationUnits)
 .text._ZThn16_N3vex8inertial7headingENS_13rotationUnitsE
                0x03806bec        0x8 c:\Users\Soren\AppData\Roaming\Code\User\globalStorage\vexrobotics.vexcode\sdk\cpp\V5\V5_20240802_15_00_00/vexv5\libv5rt.a(vex_imu.cpp.obj)
                0x03806bec                non-virtual thunk to vex::inertial::heading(vex::rotationUnits)
 .text._ZN3vex8inertial5valueEv
                0x03806bf4       0x1c c:\Users\Soren\AppData\Roaming\Code\User\globalStorage\vexrobotics.vexcode\sdk\cpp\V5\V5_20240802_15_00_00/vexv5\libv5rt.a(vex_imu.cpp.obj)
                0x03806bf4                vex::inertial::value()
 .text._ZN3vex8inertial8rotationENS_13rotationUnitsE
                0x03806c10       0x48 c:\Users\Soren\AppData\Roaming\Code\User\globalStorage\vexrobotics.vexcode\sdk\cpp\V5\V5_20240802_15_00_00/vexv5\libv5rt.a(vex_imu.cpp.obj)
                0x03806c10                vex::inertial::rotation(vex::rotationUnits)
 .text._ZThn16_N3vex8inertial8rotationENS_13rotationUnitsE
                0x03806c58        0x8 c:\Users\Soren\AppData\Roaming\Code\User\globalStorage\vexrobotics.vexcode\sdk\cpp\V5\V5_20240802_15_00_00/vexv5\libv5rt.a(vex_imu.cpp.obj)
                0x03806c58                non-virtual thunk to vex::inertial::rotation(vex::rotationUnits)
 .text._ZN3vex8inertial13isCalibratingEv
                0x03806c60       0x38 c:\Users\Soren\AppData\Roaming\Code\User\globalStorage\vexrobotics.vexcode\sdk\cpp\V5\V5_20240802_15_00_00/vexv5\libv5rt.a(vex_imu.cpp.obj)
                0x03806c60                vex::inertial::isCalibrating()
 .text._ZThn16_N3vex8inertial13isCalibratingEv
                0x03806c98        0x8 c:\Users\Soren\AppData\Roaming\Code\User\globalStorage\vexrobotics.vexcode\sdk\cpp\V5\V5_20240802_15_00_00/vexv5\libv5rt.a(vex_imu.cpp.obj)
                0x03806c98                non-virtual thunk to vex::inertial::isCalibrating()
 .text._ZN3vex8inertialC2ElNS_8turnTypeE
                0x03806ca0       0x4c c:\Users\Soren\AppData\Roaming\Code\User\globalStorage\vexrobotics.vexcode\sdk\cpp\V5\V5_20240802_15_00_00/vexv5\libv5rt.a(vex_imu.cpp.obj)
                0x03806ca0                vex::inertial::inertial(long, vex::turnType)
                0x03806ca0                vex::inertial::inertial(long, vex::turnType)
 .text._ZN3vex8inertial12resetHeadingEv
                0x03806cec       0x20 c:\Users\Soren\AppData\Roaming\Code\User\globalStorage\vexrobotics.vexcode\sdk\cpp\V5\V5_20240802_15_00_00/vexv5\libv5rt.a(vex_imu.cpp.obj)
                0x03806cec                vex::inertial::resetHeading()
 .text._ZN3vex8inertial16startCalibrationEl
                0x03806d0c       0x20 c:\Users\Soren\AppData\Roaming\Code\User\globalStorage\vexrobotics.vexcode\sdk\cpp\V5\V5_20240802_15_00_00/vexv5\libv5rt.a(vex_imu.cpp.obj)
                0x03806d0c                vex::inertial::startCalibration(long)
 .text._ZN3vex8inertial9calibrateEl
                0x03806d2c        0xc c:\Users\Soren\AppData\Roaming\Code\User\globalStorage\vexrobotics.vexcode\sdk\cpp\V5\V5_20240802_15_00_00/vexv5\libv5rt.a(vex_imu.cpp.obj)
                0x03806d2c                vex::inertial::calibrate(long)
                0x03806d30                non-virtual thunk to vex::inertial::calibrate(long)
 .text._ZN3vex8rotationD2Ev
                0x03806d38       0x20 c:\Users\Soren\AppData\Roaming\Code\User\globalStorage\vexrobotics.vexcode\sdk\cpp\V5\V5_20240802_15_00_00/vexv5\libv5rt.a(vex_rotation.cpp.obj)
                0x03806d38                vex::rotation::~rotation()
                0x03806d38                vex::rotation::~rotation()
 .text._ZN3vex8rotationD0Ev
                0x03806d58       0x1c c:\Users\Soren\AppData\Roaming\Code\User\globalStorage\vexrobotics.vexcode\sdk\cpp\V5\V5_20240802_15_00_00/vexv5\libv5rt.a(vex_rotation.cpp.obj)
                0x03806d58                vex::rotation::~rotation()
 .text._ZN3vex8rotation9installedEv
                0x03806d74       0x18 c:\Users\Soren\AppData\Roaming\Code\User\globalStorage\vexrobotics.vexcode\sdk\cpp\V5\V5_20240802_15_00_00/vexv5\libv5rt.a(vex_rotation.cpp.obj)
                0x03806d74                vex::rotation::installed()
 .text._ZN3vex8rotation5valueEv
                0x03806d8c        0x8 c:\Users\Soren\AppData\Roaming\Code\User\globalStorage\vexrobotics.vexcode\sdk\cpp\V5\V5_20240802_15_00_00/vexv5\libv5rt.a(vex_rotation.cpp.obj)
                0x03806d8c                vex::rotation::value()
 .text._ZN3vex8rotationC2Elb
                0x03806d94       0x30 c:\Users\Soren\AppData\Roaming\Code\User\globalStorage\vexrobotics.vexcode\sdk\cpp\V5\V5_20240802_15_00_00/vexv5\libv5rt.a(vex_rotation.cpp.obj)
                0x03806d94                vex::rotation::rotation(long, bool)
                0x03806d94                vex::rotation::rotation(long, bool)
 .text._ZN3vex8rotation13resetPositionEv
                0x03806dc4        0xc c:\Users\Soren\AppData\Roaming\Code\User\globalStorage\vexrobotics.vexcode\sdk\cpp\V5\V5_20240802_15_00_00/vexv5\libv5rt.a(vex_rotation.cpp.obj)
                0x03806dc4                vex::rotation::resetPosition()
 .text._ZN3vex8rotation8positionENS_13rotationUnitsE
                0x03806dd0       0x50 c:\Users\Soren\AppData\Roaming\Code\User\globalStorage\vexrobotics.vexcode\sdk\cpp\V5\V5_20240802_15_00_00/vexv5\libv5rt.a(vex_rotation.cpp.obj)
                0x03806dd0                vex::rotation::position(vex::rotationUnits)
 .text._ZN3vex7opticalD2Ev
                0x03806e20       0x20 c:\Users\Soren\AppData\Roaming\Code\User\globalStorage\vexrobotics.vexcode\sdk\cpp\V5\V5_20240802_15_00_00/vexv5\libv5rt.a(vex_optical.cpp.obj)
                0x03806e20                vex::optical::~optical()
                0x03806e20                vex::optical::~optical()
 .text._ZN3vex7opticalD0Ev
                0x03806e40       0x1c c:\Users\Soren\AppData\Roaming\Code\User\globalStorage\vexrobotics.vexcode\sdk\cpp\V5\V5_20240802_15_00_00/vexv5\libv5rt.a(vex_optical.cpp.obj)
                0x03806e40                vex::optical::~optical()
 .text._ZN3vex7optical9installedEv
                0x03806e5c       0x18 c:\Users\Soren\AppData\Roaming\Code\User\globalStorage\vexrobotics.vexcode\sdk\cpp\V5\V5_20240802_15_00_00/vexv5\libv5rt.a(vex_optical.cpp.obj)
                0x03806e5c                vex::optical::installed()
 .text._ZN3vex7optical3hueEv
                0x03806e74        0x8 c:\Users\Soren\AppData\Roaming\Code\User\globalStorage\vexrobotics.vexcode\sdk\cpp\V5\V5_20240802_15_00_00/vexv5\libv5rt.a(vex_optical.cpp.obj)
                0x03806e74                vex::optical::hue()
 .text._ZN3vex7optical5valueEv
                0x03806e7c       0x18 c:\Users\Soren\AppData\Roaming\Code\User\globalStorage\vexrobotics.vexcode\sdk\cpp\V5\V5_20240802_15_00_00/vexv5\libv5rt.a(vex_optical.cpp.obj)
                0x03806e7c                vex::optical::value()
 .text._ZN3vex7optical5colorEv
                0x03806e94       0xd0 c:\Users\Soren\AppData\Roaming\Code\User\globalStorage\vexrobotics.vexcode\sdk\cpp\V5\V5_20240802_15_00_00/vexv5\libv5rt.a(vex_optical.cpp.obj)
                0x03806e94                vex::optical::color()
 .text._ZN3vex7optical8setLightENS_8ledStateE
                0x03806f64       0x18 c:\Users\Soren\AppData\Roaming\Code\User\globalStorage\vexrobotics.vexcode\sdk\cpp\V5\V5_20240802_15_00_00/vexv5\libv5rt.a(vex_optical.cpp.obj)
                0x03806f64                vex::optical::setLight(vex::ledState)
 .text._ZN3vex7optical13gestureEnableEv
                0x03806f7c        0x8 c:\Users\Soren\AppData\Roaming\Code\User\globalStorage\vexrobotics.vexcode\sdk\cpp\V5\V5_20240802_15_00_00/vexv5\libv5rt.a(vex_optical.cpp.obj)
                0x03806f7c                vex::optical::gestureEnable()
 .text._ZN3vex7optical14gestureDisableEv
                0x03806f84        0x8 c:\Users\Soren\AppData\Roaming\Code\User\globalStorage\vexrobotics.vexcode\sdk\cpp\V5\V5_20240802_15_00_00/vexv5\libv5rt.a(vex_optical.cpp.obj)
                0x03806f84                vex::optical::gestureDisable()
 .text._ZN3vex7opticalC2Elb
                0x03806f8c       0x54 c:\Users\Soren\AppData\Roaming\Code\User\globalStorage\vexrobotics.vexcode\sdk\cpp\V5\V5_20240802_15_00_00/vexv5\libv5rt.a(vex_optical.cpp.obj)
                0x03806f8c                vex::optical::optical(long, bool)
                0x03806f8c                vex::optical::optical(long, bool)
 .text._ZN3vex7optical15integrationTimeEd
                0x03806fe0        0x8 c:\Users\Soren\AppData\Roaming\Code\User\globalStorage\vexrobotics.vexcode\sdk\cpp\V5\V5_20240802_15_00_00/vexv5\libv5rt.a(vex_optical.cpp.obj)
                0x03806fe0                vex::optical::integrationTime(double)
 .text._ZN3vex10controllerD2Ev
                0x03806fe8        0x4 c:\Users\Soren\AppData\Roaming\Code\User\globalStorage\vexrobotics.vexcode\sdk\cpp\V5\V5_20240802_15_00_00/vexv5\libv5rt.a(vex_controller.cpp.obj)
                0x03806fe8                vex::controller::~controller()
                0x03806fe8                vex::controller::~controller()
 .text._ZN3vex10controller5valueE19_V5_ControllerIndex
                0x03806fec        0x8 c:\Users\Soren\AppData\Roaming\Code\User\globalStorage\vexrobotics.vexcode\sdk\cpp\V5\V5_20240802_15_00_00/vexv5\libv5rt.a(vex_controller.cpp.obj)
                0x03806fec                vex::controller::value(_V5_ControllerIndex)
 .text._ZNK3vex10controller6button8pressingEv
                0x03806ff4       0xc8 c:\Users\Soren\AppData\Roaming\Code\User\globalStorage\vexrobotics.vexcode\sdk\cpp\V5\V5_20240802_15_00_00/vexv5\libv5rt.a(vex_controller.cpp.obj)
                0x03806ff4                vex::controller::button::pressing() const
 .text._ZNK3vex10controller6button7pressedEPFvvE
                0x038070bc      0x108 c:\Users\Soren\AppData\Roaming\Code\User\globalStorage\vexrobotics.vexcode\sdk\cpp\V5\V5_20240802_15_00_00/vexv5\libv5rt.a(vex_controller.cpp.obj)
                0x038070bc                vex::controller::button::pressed(void (*)()) const
 .text._ZNK3vex10controller6button8releasedEPFvvE
                0x038071c4      0x108 c:\Users\Soren\AppData\Roaming\Code\User\globalStorage\vexrobotics.vexcode\sdk\cpp\V5\V5_20240802_15_00_00/vexv5\libv5rt.a(vex_controller.cpp.obj)
                0x038071c4                vex::controller::button::released(void (*)()) const
 .text._ZNK3vex10controller6button21_buttonToPressedEventEv
                0x038072cc       0x20 c:\Users\Soren\AppData\Roaming\Code\User\globalStorage\vexrobotics.vexcode\sdk\cpp\V5\V5_20240802_15_00_00/vexv5\libv5rt.a(vex_controller.cpp.obj)
                0x038072cc                vex::controller::button::_buttonToPressedEvent() const
 .text._ZNK3vex10controller6button22_buttonToReleasedEventEv
                0x038072ec       0x20 c:\Users\Soren\AppData\Roaming\Code\User\globalStorage\vexrobotics.vexcode\sdk\cpp\V5\V5_20240802_15_00_00/vexv5\libv5rt.a(vex_controller.cpp.obj)
                0x038072ec                vex::controller::button::_buttonToReleasedEvent() const
 .text._ZN3vex10controller6buttonC2ENS0_11tButtonTypeEPS0_
                0x0380730c       0x48 c:\Users\Soren\AppData\Roaming\Code\User\globalStorage\vexrobotics.vexcode\sdk\cpp\V5\V5_20240802_15_00_00/vexv5\libv5rt.a(vex_controller.cpp.obj)
                0x0380730c                vex::controller::button::button(vex::controller::tButtonType, vex::controller*)
                0x0380730c                vex::controller::button::button(vex::controller::tButtonType, vex::controller*)
 .text._ZNK3vex10controller4axis5valueEv
                0x03807354       0x58 c:\Users\Soren\AppData\Roaming\Code\User\globalStorage\vexrobotics.vexcode\sdk\cpp\V5\V5_20240802_15_00_00/vexv5\libv5rt.a(vex_controller.cpp.obj)
                0x03807354                vex::controller::axis::value() const
 .text._ZNK3vex10controller4axis8positionENS_12percentUnitsE
                0x038073ac       0x1c c:\Users\Soren\AppData\Roaming\Code\User\globalStorage\vexrobotics.vexcode\sdk\cpp\V5\V5_20240802_15_00_00/vexv5\libv5rt.a(vex_controller.cpp.obj)
                0x038073ac                vex::controller::axis::position(vex::percentUnits) const
 .text._ZNK3vex10controller4axis23_joystickToChangedEventEv
                0x038073c8       0x20 c:\Users\Soren\AppData\Roaming\Code\User\globalStorage\vexrobotics.vexcode\sdk\cpp\V5\V5_20240802_15_00_00/vexv5\libv5rt.a(vex_controller.cpp.obj)
                0x038073c8                vex::controller::axis::_joystickToChangedEvent() const
 .text._ZN3vex10controller4axisC2ENS0_9tAxisTypeEPS0_
                0x038073e8       0x2c c:\Users\Soren\AppData\Roaming\Code\User\globalStorage\vexrobotics.vexcode\sdk\cpp\V5\V5_20240802_15_00_00/vexv5\libv5rt.a(vex_controller.cpp.obj)
                0x038073e8                vex::controller::axis::axis(vex::controller::tAxisType, vex::controller*)
                0x038073e8                vex::controller::axis::axis(vex::controller::tAxisType, vex::controller*)
 .text._ZN3vex10controllerC2Ev
                0x03807414      0x164 c:\Users\Soren\AppData\Roaming\Code\User\globalStorage\vexrobotics.vexcode\sdk\cpp\V5\V5_20240802_15_00_00/vexv5\libv5rt.a(vex_controller.cpp.obj)
                0x03807414                vex::controller::controller()
                0x03807414                vex::controller::controller()
 .text._ZN3vex10controller3lcd15getControllerIdEv
                0x03807578       0x10 c:\Users\Soren\AppData\Roaming\Code\User\globalStorage\vexrobotics.vexcode\sdk\cpp\V5\V5_20240802_15_00_00/vexv5\libv5rt.a(vex_controller.cpp.obj)
                0x03807578                vex::controller::lcd::getControllerId()
 .text._ZN3vex10controller3lcd9setCursorEll
                0x03807588       0x40 c:\Users\Soren\AppData\Roaming\Code\User\globalStorage\vexrobotics.vexcode\sdk\cpp\V5\V5_20240802_15_00_00/vexv5\libv5rt.a(vex_controller.cpp.obj)
                0x03807588                vex::controller::lcd::setCursor(long, long)
 .text._ZN3vex10controller3lcd5printEPKcz
                0x038075c8       0x80 c:\Users\Soren\AppData\Roaming\Code\User\globalStorage\vexrobotics.vexcode\sdk\cpp\V5\V5_20240802_15_00_00/vexv5\libv5rt.a(vex_controller.cpp.obj)
                0x038075c8                vex::controller::lcd::print(char const*, ...)
 .text._ZN3vex10controller3lcd9clearLineEi
                0x03807648       0x80 c:\Users\Soren\AppData\Roaming\Code\User\globalStorage\vexrobotics.vexcode\sdk\cpp\V5\V5_20240802_15_00_00/vexv5\libv5rt.a(vex_controller.cpp.obj)
                0x03807648                vex::controller::lcd::clearLine(int)
 .text._ZN3vex10controller3lcd9clearLineEv
                0x038076c8        0x8 c:\Users\Soren\AppData\Roaming\Code\User\globalStorage\vexrobotics.vexcode\sdk\cpp\V5\V5_20240802_15_00_00/vexv5\libv5rt.a(vex_controller.cpp.obj)
                0x038076c8                vex::controller::lcd::clearLine()
 .text._ZN3vex4taskC2EPFivE
                0x038076d0       0x5c c:\Users\Soren\AppData\Roaming\Code\User\globalStorage\vexrobotics.vexcode\sdk\cpp\V5\V5_20240802_15_00_00/vexv5\libv5rt.a(vex_task.cpp.obj)
                0x038076d0                vex::task::task(int (*)())
                0x038076d0                vex::task::task(int (*)())
 .text._ZN3vex4taskD2Ev
                0x0380772c        0x4 c:\Users\Soren\AppData\Roaming\Code\User\globalStorage\vexrobotics.vexcode\sdk\cpp\V5\V5_20240802_15_00_00/vexv5\libv5rt.a(vex_task.cpp.obj)
                0x0380772c                vex::task::~task()
                0x0380772c                vex::task::~task()
 .text._ZN3vex4task4stopEPvi
                0x03807730       0x1c c:\Users\Soren\AppData\Roaming\Code\User\globalStorage\vexrobotics.vexcode\sdk\cpp\V5\V5_20240802_15_00_00/vexv5\libv5rt.a(vex_task.cpp.obj)
                0x03807730                vex::task::stop(void*, int)
 .text._ZN3vex4task5sleepEm
                0x0380774c        0x4 c:\Users\Soren\AppData\Roaming\Code\User\globalStorage\vexrobotics.vexcode\sdk\cpp\V5\V5_20240802_15_00_00/vexv5\libv5rt.a(vex_task.cpp.obj)
                0x0380774c                vex::task::sleep(unsigned long)
 .text._ZN3vex4task6_indexEPFivE
                0x03807750       0x14 c:\Users\Soren\AppData\Roaming\Code\User\globalStorage\vexrobotics.vexcode\sdk\cpp\V5\V5_20240802_15_00_00/vexv5\libv5rt.a(vex_task.cpp.obj)
                0x03807750                vex::task::_index(int (*)())
 .text._ZN3vex4task8_stopAllEv
                0x03807764       0x3c c:\Users\Soren\AppData\Roaming\Code\User\globalStorage\vexrobotics.vexcode\sdk\cpp\V5\V5_20240802_15_00_00/vexv5\libv5rt.a(vex_task.cpp.obj)
                0x03807764                vex::task::_stopAll()
 .text._ZN3vex11this_thread9sleep_forEm
                0x038077a0        0x4 c:\Users\Soren\AppData\Roaming\Code\User\globalStorage\vexrobotics.vexcode\sdk\cpp\V5\V5_20240802_15_00_00/vexv5\libv5rt.a(vex_thread.cpp.obj)
                0x038077a0                vex::this_thread::sleep_for(unsigned long)
 .text._ZN3vex5event4initEmmPFvvE
                0x038077a4        0x4 c:\Users\Soren\AppData\Roaming\Code\User\globalStorage\vexrobotics.vexcode\sdk\cpp\V5\V5_20240802_15_00_00/vexv5\libv5rt.a(vex_event.cpp.obj)
                0x038077a4                vex::event::init(unsigned long, unsigned long, void (*)())
 .text._ZN3vex5event4initEmmPFvPvES1_
                0x038077a8        0x4 c:\Users\Soren\AppData\Roaming\Code\User\globalStorage\vexrobotics.vexcode\sdk\cpp\V5\V5_20240802_15_00_00/vexv5\libv5rt.a(vex_event.cpp.obj)
                0x038077a8                vex::event::init(unsigned long, unsigned long, void (*)(void*), void*)
 .text._ZN3vex5event9userindexEv
                0x038077ac        0x4 c:\Users\Soren\AppData\Roaming\Code\User\globalStorage\vexrobotics.vexcode\sdk\cpp\V5\V5_20240802_15_00_00/vexv5\libv5rt.a(vex_event.cpp.obj)
                0x038077ac                vex::event::userindex()
 .text._ZZN3vex6meventC4EmmENUlvE_4_FUNEv
                0x038077b0        0x4 c:\Users\Soren\AppData\Roaming\Code\User\globalStorage\vexrobotics.vexcode\sdk\cpp\V5\V5_20240802_15_00_00/vexv5\libv5rt.a(vex_mevent.cpp.obj)
 .text._ZN3vex6meventC2Emm
                0x038077b4       0x70 c:\Users\Soren\AppData\Roaming\Code\User\globalStorage\vexrobotics.vexcode\sdk\cpp\V5\V5_20240802_15_00_00/vexv5\libv5rt.a(vex_mevent.cpp.obj)
                0x038077b4                vex::mevent::mevent(unsigned long, unsigned long)
                0x038077b4                vex::mevent::mevent(unsigned long, unsigned long)
 .text._ZL9_hexDigitc
                0x03807824       0x48 c:\Users\Soren\AppData\Roaming\Code\User\globalStorage\vexrobotics.vexcode\sdk\cpp\V5\V5_20240802_15_00_00/vexv5\libv5rt.a(vex_brain.cpp.obj)
 .text._ZN3vex5brain9_getIndexEv
                0x0380786c       0x10 c:\Users\Soren\AppData\Roaming\Code\User\globalStorage\vexrobotics.vexcode\sdk\cpp\V5\V5_20240802_15_00_00/vexv5\libv5rt.a(vex_brain.cpp.obj)
                0x0380786c                vex::brain::_getIndex()
 .text._ZN3vex5brain3lcd9setCursorEll
                0x0380787c       0x44 c:\Users\Soren\AppData\Roaming\Code\User\globalStorage\vexrobotics.vexcode\sdk\cpp\V5\V5_20240802_15_00_00/vexv5\libv5rt.a(vex_brain.cpp.obj)
                0x0380787c                vex::brain::lcd::setCursor(long, long)
 .text._ZN3vex5brain3lcd7setFontENS_8fontTypeE
                0x038078c0      0x23c c:\Users\Soren\AppData\Roaming\Code\User\globalStorage\vexrobotics.vexcode\sdk\cpp\V5\V5_20240802_15_00_00/vexv5\libv5rt.a(vex_brain.cpp.obj)
                0x038078c0                vex::brain::lcd::setFont(vex::fontType)
 .text._ZN3vex5brain3lcdC2Ev
                0x03807afc       0x94 c:\Users\Soren\AppData\Roaming\Code\User\globalStorage\vexrobotics.vexcode\sdk\cpp\V5\V5_20240802_15_00_00/vexv5\libv5rt.a(vex_brain.cpp.obj)
                0x03807afc                vex::brain::lcd::lcd()
                0x03807afc                vex::brain::lcd::lcd()
 .text._ZN3vex5brainC2Ev
                0x03807b90       0x3c c:\Users\Soren\AppData\Roaming\Code\User\globalStorage\vexrobotics.vexcode\sdk\cpp\V5\V5_20240802_15_00_00/vexv5\libv5rt.a(vex_brain.cpp.obj)
                0x03807b90                vex::brain::brain()
                0x03807b90                vex::brain::brain()
 .text._ZN3vex5brain3lcd11setPenColorERKNS_5colorE
                0x03807bcc       0x14 c:\Users\Soren\AppData\Roaming\Code\User\globalStorage\vexrobotics.vexcode\sdk\cpp\V5\V5_20240802_15_00_00/vexv5\libv5rt.a(vex_brain.cpp.obj)
                0x03807bcc                vex::brain::lcd::setPenColor(vex::color const&)
 .text._ZN3vex5brain3lcd12setFillColorERKNS_5colorE
                0x03807be0       0x38 c:\Users\Soren\AppData\Roaming\Code\User\globalStorage\vexrobotics.vexcode\sdk\cpp\V5\V5_20240802_15_00_00/vexv5\libv5rt.a(vex_brain.cpp.obj)
                0x03807be0                vex::brain::lcd::setFillColor(vex::color const&)
 .text._ZN3vex5brain3lcd12_clearScreenEm
                0x03807c18       0x38 c:\Users\Soren\AppData\Roaming\Code\User\globalStorage\vexrobotics.vexcode\sdk\cpp\V5\V5_20240802_15_00_00/vexv5\libv5rt.a(vex_brain.cpp.obj)
                0x03807c18                vex::brain::lcd::_clearScreen(unsigned long)
 .text._ZN3vex5brain3lcd11clearScreenERKNS_5colorE
                0x03807c50       0x20 c:\Users\Soren\AppData\Roaming\Code\User\globalStorage\vexrobotics.vexcode\sdk\cpp\V5\V5_20240802_15_00_00/vexv5\libv5rt.a(vex_brain.cpp.obj)
                0x03807c50                vex::brain::lcd::clearScreen(vex::color const&)
 .text._ZN3vex5brain3lcd11clearScreenEv
                0x03807c70       0x2c c:\Users\Soren\AppData\Roaming\Code\User\globalStorage\vexrobotics.vexcode\sdk\cpp\V5\V5_20240802_15_00_00/vexv5\libv5rt.a(vex_brain.cpp.obj)
                0x03807c70                vex::brain::lcd::clearScreen()
 .text._ZN3vex5brain3lcd9drawPixelEii
                0x03807c9c       0x14 c:\Users\Soren\AppData\Roaming\Code\User\globalStorage\vexrobotics.vexcode\sdk\cpp\V5\V5_20240802_15_00_00/vexv5\libv5rt.a(vex_brain.cpp.obj)
                0x03807c9c                vex::brain::lcd::drawPixel(int, int)
 .text._ZN3vex5brain3lcd13drawRectangleEiiii
                0x03807cb0       0xdc c:\Users\Soren\AppData\Roaming\Code\User\globalStorage\vexrobotics.vexcode\sdk\cpp\V5\V5_20240802_15_00_00/vexv5\libv5rt.a(vex_brain.cpp.obj)
                0x03807cb0                vex::brain::lcd::drawRectangle(int, int, int, int)
 .text._ZN3vex5brain3lcd9xPositionEv
                0x03807d8c       0x24 c:\Users\Soren\AppData\Roaming\Code\User\globalStorage\vexrobotics.vexcode\sdk\cpp\V5\V5_20240802_15_00_00/vexv5\libv5rt.a(vex_brain.cpp.obj)
                0x03807d8c                vex::brain::lcd::xPosition()
 .text._ZN3vex5brain3lcd9yPositionEv
                0x03807db0       0x24 c:\Users\Soren\AppData\Roaming\Code\User\globalStorage\vexrobotics.vexcode\sdk\cpp\V5\V5_20240802_15_00_00/vexv5\libv5rt.a(vex_brain.cpp.obj)
                0x03807db0                vex::brain::lcd::yPosition()
 .text._ZN3vex5brain3lcd8pressingEv
                0x03807dd4       0x20 c:\Users\Soren\AppData\Roaming\Code\User\globalStorage\vexrobotics.vexcode\sdk\cpp\V5\V5_20240802_15_00_00/vexv5\libv5rt.a(vex_brain.cpp.obj)
                0x03807dd4                vex::brain::lcd::pressing()
 .text._ZN3vex5brain3lcd10rowToPixelEl
                0x03807df4       0x34 c:\Users\Soren\AppData\Roaming\Code\User\globalStorage\vexrobotics.vexcode\sdk\cpp\V5\V5_20240802_15_00_00/vexv5\libv5rt.a(vex_brain.cpp.obj)
                0x03807df4                vex::brain::lcd::rowToPixel(long)
 .text._ZN3vex5brain3lcd5printEPKcz
                0x03807e28       0xb8 c:\Users\Soren\AppData\Roaming\Code\User\globalStorage\vexrobotics.vexcode\sdk\cpp\V5\V5_20240802_15_00_00/vexv5\libv5rt.a(vex_brain.cpp.obj)
                0x03807e28                vex::brain::lcd::print(char const*, ...)
 .text._ZN3vex5brain3lcd13webColorToRgbEPKc
                0x03807ee0       0x9c c:\Users\Soren\AppData\Roaming\Code\User\globalStorage\vexrobotics.vexcode\sdk\cpp\V5\V5_20240802_15_00_00/vexv5\libv5rt.a(vex_brain.cpp.obj)
                0x03807ee0                vex::brain::lcd::webColorToRgb(char const*)
 .text._ZN3vex5brain3lcd11setPenColorEPKc
                0x03807f7c       0x10 c:\Users\Soren\AppData\Roaming\Code\User\globalStorage\vexrobotics.vexcode\sdk\cpp\V5\V5_20240802_15_00_00/vexv5\libv5rt.a(vex_brain.cpp.obj)
                0x03807f7c                vex::brain::lcd::setPenColor(char const*)
 .text._ZN3vex5brainD2Ev
                0x03807f8c       0x20 c:\Users\Soren\AppData\Roaming\Code\User\globalStorage\vexrobotics.vexcode\sdk\cpp\V5\V5_20240802_15_00_00/vexv5\libv5rt.a(vex_brain.cpp.obj)
                0x03807f8c                vex::brain::~brain()
                0x03807f8c                vex::brain::~brain()
 .text._ZN3vex11competition8_disableEPv
                0x03807fac       0xa4 c:\Users\Soren\AppData\Roaming\Code\User\globalStorage\vexrobotics.vexcode\sdk\cpp\V5\V5_20240802_15_00_00/vexv5\libv5rt.a(vex_competition.cpp.obj)
                0x03807fac                vex::competition::_disable(void*)
 .text._ZN3vex11competition11_autonomousEv
                0x03808050       0x80 c:\Users\Soren\AppData\Roaming\Code\User\globalStorage\vexrobotics.vexcode\sdk\cpp\V5\V5_20240802_15_00_00/vexv5\libv5rt.a(vex_competition.cpp.obj)
                0x03808050                vex::competition::_autonomous()
 .text._ZN3vex11competition14_drivercontrolEv
                0x038080d0       0x80 c:\Users\Soren\AppData\Roaming\Code\User\globalStorage\vexrobotics.vexcode\sdk\cpp\V5\V5_20240802_15_00_00/vexv5\libv5rt.a(vex_competition.cpp.obj)
                0x038080d0                vex::competition::_drivercontrol()
 .text._ZN3vex11competitionC2Ev
                0x03808150      0x13c c:\Users\Soren\AppData\Roaming\Code\User\globalStorage\vexrobotics.vexcode\sdk\cpp\V5\V5_20240802_15_00_00/vexv5\libv5rt.a(vex_competition.cpp.obj)
                0x03808150                vex::competition::competition()
                0x03808150                vex::competition::competition()
 .text._ZN3vex11competitionD2Ev
                0x0380828c        0x4 c:\Users\Soren\AppData\Roaming\Code\User\globalStorage\vexrobotics.vexcode\sdk\cpp\V5\V5_20240802_15_00_00/vexv5\libv5rt.a(vex_competition.cpp.obj)
                0x0380828c                vex::competition::~competition()
                0x0380828c                vex::competition::~competition()
 .text._ZN3vex11competition10autonomousEPFvvE
                0x03808290       0x44 c:\Users\Soren\AppData\Roaming\Code\User\globalStorage\vexrobotics.vexcode\sdk\cpp\V5\V5_20240802_15_00_00/vexv5\libv5rt.a(vex_competition.cpp.obj)
                0x03808290                vex::competition::autonomous(void (*)())
 .text._ZN3vex11competition13drivercontrolEPFvvE
                0x038082d4       0x44 c:\Users\Soren\AppData\Roaming\Code\User\globalStorage\vexrobotics.vexcode\sdk\cpp\V5\V5_20240802_15_00_00/vexv5\libv5rt.a(vex_competition.cpp.obj)
                0x038082d4                vex::competition::drivercontrol(void (*)())
 .text._ZN3vex7triportD2Ev
                0x03808318       0x38 c:\Users\Soren\AppData\Roaming\Code\User\globalStorage\vexrobotics.vexcode\sdk\cpp\V5\V5_20240802_15_00_00/vexv5\libv5rt.a(vex_triport.cpp.obj)
                0x03808318                vex::triport::~triport()
                0x03808318                vex::triport::~triport()
 .text._ZN3vex7triportD0Ev
                0x03808350       0x1c c:\Users\Soren\AppData\Roaming\Code\User\globalStorage\vexrobotics.vexcode\sdk\cpp\V5\V5_20240802_15_00_00/vexv5\libv5rt.a(vex_triport.cpp.obj)
                0x03808350                vex::triport::~triport()
 .text._ZN3vex7triport9installedEv
                0x0380836c       0x18 c:\Users\Soren\AppData\Roaming\Code\User\globalStorage\vexrobotics.vexcode\sdk\cpp\V5\V5_20240802_15_00_00/vexv5\libv5rt.a(vex_triport.cpp.obj)
                0x0380836c                vex::triport::installed()
 .text._ZN3vex7triport4portC2ElPS0_
                0x03808384       0x74 c:\Users\Soren\AppData\Roaming\Code\User\globalStorage\vexrobotics.vexcode\sdk\cpp\V5\V5_20240802_15_00_00/vexv5\libv5rt.a(vex_triport.cpp.obj)
                0x03808384                vex::triport::port::port(long, vex::triport*)
                0x03808384                vex::triport::port::port(long, vex::triport*)
 .text._ZN3vex7triportC2El
                0x038083f8       0xf0 c:\Users\Soren\AppData\Roaming\Code\User\globalStorage\vexrobotics.vexcode\sdk\cpp\V5\V5_20240802_15_00_00/vexv5\libv5rt.a(vex_triport.cpp.obj)
                0x038083f8                vex::triport::triport(long)
                0x038083f8                vex::triport::triport(long)
 .text._ZN3vex7triport4port4typeENS_11triportTypeE
                0x038084e8       0x30 c:\Users\Soren\AppData\Roaming\Code\User\globalStorage\vexrobotics.vexcode\sdk\cpp\V5\V5_20240802_15_00_00/vexv5\libv5rt.a(vex_triport.cpp.obj)
                0x038084e8                vex::triport::port::type(vex::triportType)
 .text._ZN3vex7triport4port4typeEv
                0x03808518       0x38 c:\Users\Soren\AppData\Roaming\Code\User\globalStorage\vexrobotics.vexcode\sdk\cpp\V5\V5_20240802_15_00_00/vexv5\libv5rt.a(vex_triport.cpp.obj)
                0x03808518                vex::triport::port::type()
 .text._ZN3vex7triport4port5valueEl
                0x03808550       0x18 c:\Users\Soren\AppData\Roaming\Code\User\globalStorage\vexrobotics.vexcode\sdk\cpp\V5\V5_20240802_15_00_00/vexv5\libv5rt.a(vex_triport.cpp.obj)
                0x03808550                vex::triport::port::value(long)
 .text._ZN3vex11__trideviceC2ERNS_7triport4portENS_11triportTypeE
                0x03808568       0x5c c:\Users\Soren\AppData\Roaming\Code\User\globalStorage\vexrobotics.vexcode\sdk\cpp\V5\V5_20240802_15_00_00/vexv5\libv5rt.a(vex_triport.cpp.obj)
                0x03808568                vex::__tridevice::__tridevice(vex::triport::port&, vex::triportType)
                0x03808568                vex::__tridevice::__tridevice(vex::triport::port&, vex::triportType)
 .text._ZN3vex11digital_outC2ERNS_7triport4portE
                0x038085c4       0x18 c:\Users\Soren\AppData\Roaming\Code\User\globalStorage\vexrobotics.vexcode\sdk\cpp\V5\V5_20240802_15_00_00/vexv5\libv5rt.a(vex_triport.cpp.obj)
                0x038085c4                vex::digital_out::digital_out(vex::triport::port&)
                0x038085c4                vex::digital_out::digital_out(vex::triport::port&)
 .text._ZN3vex11digital_outD2Ev
                0x038085dc        0x4 c:\Users\Soren\AppData\Roaming\Code\User\globalStorage\vexrobotics.vexcode\sdk\cpp\V5\V5_20240802_15_00_00/vexv5\libv5rt.a(vex_triport.cpp.obj)
                0x038085dc                vex::digital_out::~digital_out()
                0x038085dc                vex::digital_out::~digital_out()
 .text._ZN3vex11digital_out3setEb
                0x038085e0        0x8 c:\Users\Soren\AppData\Roaming\Code\User\globalStorage\vexrobotics.vexcode\sdk\cpp\V5\V5_20240802_15_00_00/vexv5\libv5rt.a(vex_triport.cpp.obj)
                0x038085e0                vex::digital_out::set(bool)
 .text._ZN3vex5colorD2Ev
                0x038085e8        0x4 c:\Users\Soren\AppData\Roaming\Code\User\globalStorage\vexrobotics.vexcode\sdk\cpp\V5\V5_20240802_15_00_00/vexv5\libv5rt.a(vex_color.cpp.obj)
                0x038085e8                vex::color::~color()
                0x038085e8                vex::color::~color()
 .text._ZN3vex5colorC2Ev
                0x038085ec       0x10 c:\Users\Soren\AppData\Roaming\Code\User\globalStorage\vexrobotics.vexcode\sdk\cpp\V5\V5_20240802_15_00_00/vexv5\libv5rt.a(vex_color.cpp.obj)
                0x038085ec                vex::color::color()
                0x038085ec                vex::color::color()
 .text._ZN3vex5colorC2Ei
                0x038085fc       0x10 c:\Users\Soren\AppData\Roaming\Code\User\globalStorage\vexrobotics.vexcode\sdk\cpp\V5\V5_20240802_15_00_00/vexv5\libv5rt.a(vex_color.cpp.obj)
                0x038085fc                vex::color::color(int)
                0x038085fc                vex::color::color(int)
 .text._ZNK3vex5colorcvmEv
                0x0380860c        0x8 c:\Users\Soren\AppData\Roaming\Code\User\globalStorage\vexrobotics.vexcode\sdk\cpp\V5\V5_20240802_15_00_00/vexv5\libv5rt.a(vex_color.cpp.obj)
                0x0380860c                vex::color::operator unsigned long() const
 .text._ZNK3vex5color13isTransparentEv
                0x03808614        0x8 c:\Users\Soren\AppData\Roaming\Code\User\globalStorage\vexrobotics.vexcode\sdk\cpp\V5\V5_20240802_15_00_00/vexv5\libv5rt.a(vex_color.cpp.obj)
                0x03808614                vex::color::isTransparent() const
 *fill*         0x0380861c        0x4 
 .text._ZN3vex5color3hsvEmdd
                0x03808620      0x13c c:\Users\Soren\AppData\Roaming\Code\User\globalStorage\vexrobotics.vexcode\sdk\cpp\V5\V5_20240802_15_00_00/vexv5\libv5rt.a(vex_color.cpp.obj)
                0x03808620                vex::color::hsv(unsigned long, double, double)
 .text.startup._GLOBAL__sub_I__ZN3vex5color5blackE
                0x0380875c      0x164 c:\Users\Soren\AppData\Roaming\Code\User\globalStorage\vexrobotics.vexcode\sdk\cpp\V5\V5_20240802_15_00_00/vexv5\libv5rt.a(vex_color.cpp.obj)
 .text._ZN3vex5timerD2Ev
                0x038088c0        0x4 c:\Users\Soren\AppData\Roaming\Code\User\globalStorage\vexrobotics.vexcode\sdk\cpp\V5\V5_20240802_15_00_00/vexv5\libv5rt.a(vex_timer.cpp.obj)
                0x038088c0                vex::timer::~timer()
                0x038088c0                vex::timer::~timer()
 .text._ZN3vex5timer5clearEv
                0x038088c4       0x1c c:\Users\Soren\AppData\Roaming\Code\User\globalStorage\vexrobotics.vexcode\sdk\cpp\V5\V5_20240802_15_00_00/vexv5\libv5rt.a(vex_timer.cpp.obj)
                0x038088c4                vex::timer::clear()
 .text._ZN3vex5timerC2Ev
                0x038088e0       0x14 c:\Users\Soren\AppData\Roaming\Code\User\globalStorage\vexrobotics.vexcode\sdk\cpp\V5\V5_20240802_15_00_00/vexv5\libv5rt.a(vex_timer.cpp.obj)
                0x038088e0                vex::timer::timer()
                0x038088e0                vex::timer::timer()
 .text._ZNK3vex5timer4timeEv
                0x038088f4       0x1c c:\Users\Soren\AppData\Roaming\Code\User\globalStorage\vexrobotics.vexcode\sdk\cpp\V5\V5_20240802_15_00_00/vexv5\libv5rt.a(vex_timer.cpp.obj)
                0x038088f4                vex::timer::time() const
 .text._ZN3vex11motor_group18motor_group_motorsC2Ev
                0x03808910       0x28 c:\Users\Soren\AppData\Roaming\Code\User\globalStorage\vexrobotics.vexcode\sdk\cpp\V5\V5_20240802_15_00_00/vexv5\libv5rt.a(vex_motorgroup.cpp.obj)
                0x03808910                vex::motor_group::motor_group_motors::motor_group_motors()
                0x03808910                vex::motor_group::motor_group_motors::motor_group_motors()
 .text._ZN3vex11motor_group18motor_group_motorsC2ERKS1_
                0x03808938       0x20 c:\Users\Soren\AppData\Roaming\Code\User\globalStorage\vexrobotics.vexcode\sdk\cpp\V5\V5_20240802_15_00_00/vexv5\libv5rt.a(vex_motorgroup.cpp.obj)
                0x03808938                vex::motor_group::motor_group_motors::motor_group_motors(vex::motor_group::motor_group_motors const&)
                0x03808938                vex::motor_group::motor_group_motors::motor_group_motors(vex::motor_group::motor_group_motors const&)
 .text._ZN3vex11motor_groupC2Ev
                0x03808958       0x1c c:\Users\Soren\AppData\Roaming\Code\User\globalStorage\vexrobotics.vexcode\sdk\cpp\V5\V5_20240802_15_00_00/vexv5\libv5rt.a(vex_motorgroup.cpp.obj)
                0x03808958                vex::motor_group::motor_group()
                0x03808958                vex::motor_group::motor_group()
 .text._ZN3vex11motor_groupD2Ev
                0x03808974        0x4 c:\Users\Soren\AppData\Roaming\Code\User\globalStorage\vexrobotics.vexcode\sdk\cpp\V5\V5_20240802_15_00_00/vexv5\libv5rt.a(vex_motorgroup.cpp.obj)
                0x03808974                vex::motor_group::~motor_group()
                0x03808974                vex::motor_group::~motor_group()
 .text._ZN3vex11motor_group9_addMotorERNS_5motorE
                0x03808978       0x20 c:\Users\Soren\AppData\Roaming\Code\User\globalStorage\vexrobotics.vexcode\sdk\cpp\V5\V5_20240802_15_00_00/vexv5\libv5rt.a(vex_motorgroup.cpp.obj)
                0x03808978                vex::motor_group::_addMotor(vex::motor&)
 .text._ZN3vex11motor_group11setVelocityEdNS_13velocityUnitsE
                0x03808998       0x4c c:\Users\Soren\AppData\Roaming\Code\User\globalStorage\vexrobotics.vexcode\sdk\cpp\V5\V5_20240802_15_00_00/vexv5\libv5rt.a(vex_motorgroup.cpp.obj)
                0x03808998                vex::motor_group::setVelocity(double, vex::velocityUnits)
 .text._ZN3vex11motor_group11setStoppingENS_9brakeTypeE
                0x038089e4       0x38 c:\Users\Soren\AppData\Roaming\Code\User\globalStorage\vexrobotics.vexcode\sdk\cpp\V5\V5_20240802_15_00_00/vexv5\libv5rt.a(vex_motorgroup.cpp.obj)
                0x038089e4                vex::motor_group::setStopping(vex::brakeType)
 .text._ZN3vex11motor_group4spinENS_13directionTypeE
                0x03808a1c       0x38 c:\Users\Soren\AppData\Roaming\Code\User\globalStorage\vexrobotics.vexcode\sdk\cpp\V5\V5_20240802_15_00_00/vexv5\libv5rt.a(vex_motorgroup.cpp.obj)
                0x03808a1c                vex::motor_group::spin(vex::directionType)
 .text._ZN3vex11motor_group4spinENS_13directionTypeEdNS_13velocityUnitsE
                0x03808a54       0x54 c:\Users\Soren\AppData\Roaming\Code\User\globalStorage\vexrobotics.vexcode\sdk\cpp\V5\V5_20240802_15_00_00/vexv5\libv5rt.a(vex_motorgroup.cpp.obj)
                0x03808a54                vex::motor_group::spin(vex::directionType, double, vex::velocityUnits)
 .text._ZN3vex11motor_group4spinENS_13directionTypeEdNS_12voltageUnitsE
                0x03808aa8       0x54 c:\Users\Soren\AppData\Roaming\Code\User\globalStorage\vexrobotics.vexcode\sdk\cpp\V5\V5_20240802_15_00_00/vexv5\libv5rt.a(vex_motorgroup.cpp.obj)
                0x03808aa8                vex::motor_group::spin(vex::directionType, double, vex::voltageUnits)
 .text._ZN3vex11motor_group4stopEv
                0x03808afc       0x30 c:\Users\Soren\AppData\Roaming\Code\User\globalStorage\vexrobotics.vexcode\sdk\cpp\V5\V5_20240802_15_00_00/vexv5\libv5rt.a(vex_motorgroup.cpp.obj)
                0x03808afc                vex::motor_group::stop()
 .text._ZN3vex11motor_group4stopENS_9brakeTypeE
                0x03808b2c       0x38 c:\Users\Soren\AppData\Roaming\Code\User\globalStorage\vexrobotics.vexcode\sdk\cpp\V5\V5_20240802_15_00_00/vexv5\libv5rt.a(vex_motorgroup.cpp.obj)
                0x03808b2c                vex::motor_group::stop(vex::brakeType)
 .text._ZN3vex11motor_group8positionENS_13rotationUnitsE
                0x03808b64        0xc c:\Users\Soren\AppData\Roaming\Code\User\globalStorage\vexrobotics.vexcode\sdk\cpp\V5\V5_20240802_15_00_00/vexv5\libv5rt.a(vex_motorgroup.cpp.obj)
                0x03808b64                vex::motor_group::position(vex::rotationUnits)
 .text.vexAdiPortConfigSet
                0x03808b70       0x28 c:\Users\Soren\AppData\Roaming\Code\User\globalStorage\vexrobotics.vexcode\sdk\cpp\V5\V5_20240802_15_00_00/vexv5\libv5rt.a(v5_apiuser.c.obj)
                0x03808b70                vexAdiPortConfigSet
 .text.vexAdiPortConfigGet
                0x03808b98       0x28 c:\Users\Soren\AppData\Roaming\Code\User\globalStorage\vexrobotics.vexcode\sdk\cpp\V5\V5_20240802_15_00_00/vexv5\libv5rt.a(v5_apiuser.c.obj)
                0x03808b98                vexAdiPortConfigGet
 .text.vexAdiValueSet
                0x03808bc0       0x28 c:\Users\Soren\AppData\Roaming\Code\User\globalStorage\vexrobotics.vexcode\sdk\cpp\V5\V5_20240802_15_00_00/vexv5\libv5rt.a(v5_apiuser.c.obj)
                0x03808bc0                vexAdiValueSet
 .text.vexMotorVelocitySet
                0x03808be8       0x20 c:\Users\Soren\AppData\Roaming\Code\User\globalStorage\vexrobotics.vexcode\sdk\cpp\V5\V5_20240802_15_00_00/vexv5\libv5rt.a(v5_apiuser.c.obj)
                0x03808be8                vexMotorVelocitySet
 .text.vexMotorVoltageSet
                0x03808c08       0x20 c:\Users\Soren\AppData\Roaming\Code\User\globalStorage\vexrobotics.vexcode\sdk\cpp\V5\V5_20240802_15_00_00/vexv5\libv5rt.a(v5_apiuser.c.obj)
                0x03808c08                vexMotorVoltageSet
 .text.vexMotorActualVelocityGet
                0x03808c28       0x24 c:\Users\Soren\AppData\Roaming\Code\User\globalStorage\vexrobotics.vexcode\sdk\cpp\V5\V5_20240802_15_00_00/vexv5\libv5rt.a(v5_apiuser.c.obj)
                0x03808c28                vexMotorActualVelocityGet
 .text.vexMotorReverseFlagSet
                0x03808c4c       0x20 c:\Users\Soren\AppData\Roaming\Code\User\globalStorage\vexrobotics.vexcode\sdk\cpp\V5\V5_20240802_15_00_00/vexv5\libv5rt.a(v5_apiuser.c.obj)
                0x03808c4c                vexMotorReverseFlagSet
 .text.vexMotorEncoderUnitsSet
                0x03808c6c       0x20 c:\Users\Soren\AppData\Roaming\Code\User\globalStorage\vexrobotics.vexcode\sdk\cpp\V5\V5_20240802_15_00_00/vexv5\libv5rt.a(v5_apiuser.c.obj)
                0x03808c6c                vexMotorEncoderUnitsSet
 .text.vexMotorBrakeModeSet
                0x03808c8c       0x20 c:\Users\Soren\AppData\Roaming\Code\User\globalStorage\vexrobotics.vexcode\sdk\cpp\V5\V5_20240802_15_00_00/vexv5\libv5rt.a(v5_apiuser.c.obj)
                0x03808c8c                vexMotorBrakeModeSet
 .text.vexMotorPositionSet
                0x03808cac       0x28 c:\Users\Soren\AppData\Roaming\Code\User\globalStorage\vexrobotics.vexcode\sdk\cpp\V5\V5_20240802_15_00_00/vexv5\libv5rt.a(v5_apiuser.c.obj)
                0x03808cac                vexMotorPositionSet
 .text.vexMotorPositionGet
                0x03808cd4       0x24 c:\Users\Soren\AppData\Roaming\Code\User\globalStorage\vexrobotics.vexcode\sdk\cpp\V5\V5_20240802_15_00_00/vexv5\libv5rt.a(v5_apiuser.c.obj)
                0x03808cd4                vexMotorPositionGet
 .text.vexMotorGearingSet
                0x03808cf8       0x20 c:\Users\Soren\AppData\Roaming\Code\User\globalStorage\vexrobotics.vexcode\sdk\cpp\V5\V5_20240802_15_00_00/vexv5\libv5rt.a(v5_apiuser.c.obj)
                0x03808cf8                vexMotorGearingSet
 .text.vexMotorGearingGet
                0x03808d18       0x18 c:\Users\Soren\AppData\Roaming\Code\User\globalStorage\vexrobotics.vexcode\sdk\cpp\V5\V5_20240802_15_00_00/vexv5\libv5rt.a(v5_apiuser.c.obj)
                0x03808d18                vexMotorGearingGet
 .text.vexImuReset
                0x03808d30       0x10 c:\Users\Soren\AppData\Roaming\Code\User\globalStorage\vexrobotics.vexcode\sdk\cpp\V5\V5_20240802_15_00_00/vexv5\libv5rt.a(v5_apiuser.c.obj)
                0x03808d30                vexImuReset
 .text.vexImuHeadingGet
                0x03808d40       0x10 c:\Users\Soren\AppData\Roaming\Code\User\globalStorage\vexrobotics.vexcode\sdk\cpp\V5\V5_20240802_15_00_00/vexv5\libv5rt.a(v5_apiuser.c.obj)
                0x03808d40                vexImuHeadingGet
 .text.vexImuDegreesGet
                0x03808d50       0x10 c:\Users\Soren\AppData\Roaming\Code\User\globalStorage\vexrobotics.vexcode\sdk\cpp\V5\V5_20240802_15_00_00/vexv5\libv5rt.a(v5_apiuser.c.obj)
                0x03808d50                vexImuDegreesGet
 .text.vexImuStatusGet
                0x03808d60       0x10 c:\Users\Soren\AppData\Roaming\Code\User\globalStorage\vexrobotics.vexcode\sdk\cpp\V5\V5_20240802_15_00_00/vexv5\libv5rt.a(v5_apiuser.c.obj)
                0x03808d60                vexImuStatusGet
 .text.vexAbsEncPositionSet
                0x03808d70       0x18 c:\Users\Soren\AppData\Roaming\Code\User\globalStorage\vexrobotics.vexcode\sdk\cpp\V5\V5_20240802_15_00_00/vexv5\libv5rt.a(v5_apiuser.c.obj)
                0x03808d70                vexAbsEncPositionSet
 .text.vexAbsEncPositionGet
                0x03808d88       0x10 c:\Users\Soren\AppData\Roaming\Code\User\globalStorage\vexrobotics.vexcode\sdk\cpp\V5\V5_20240802_15_00_00/vexv5\libv5rt.a(v5_apiuser.c.obj)
                0x03808d88                vexAbsEncPositionGet
 .text.vexAbsEncAngleGet
                0x03808d98       0x10 c:\Users\Soren\AppData\Roaming\Code\User\globalStorage\vexrobotics.vexcode\sdk\cpp\V5\V5_20240802_15_00_00/vexv5\libv5rt.a(v5_apiuser.c.obj)
                0x03808d98                vexAbsEncAngleGet
 .text.vexAbsEncReverseFlagSet
                0x03808da8       0x18 c:\Users\Soren\AppData\Roaming\Code\User\globalStorage\vexrobotics.vexcode\sdk\cpp\V5\V5_20240802_15_00_00/vexv5\libv5rt.a(v5_apiuser.c.obj)
                0x03808da8                vexAbsEncReverseFlagSet
 .text.vexOpticalHueGet
                0x03808dc0       0x10 c:\Users\Soren\AppData\Roaming\Code\User\globalStorage\vexrobotics.vexcode\sdk\cpp\V5\V5_20240802_15_00_00/vexv5\libv5rt.a(v5_apiuser.c.obj)
                0x03808dc0                vexOpticalHueGet
 .text.vexOpticalLedPwmSet
                0x03808dd0       0x18 c:\Users\Soren\AppData\Roaming\Code\User\globalStorage\vexrobotics.vexcode\sdk\cpp\V5\V5_20240802_15_00_00/vexv5\libv5rt.a(v5_apiuser.c.obj)
                0x03808dd0                vexOpticalLedPwmSet
 .text.vexOpticalGestureEnable
                0x03808de8       0x10 c:\Users\Soren\AppData\Roaming\Code\User\globalStorage\vexrobotics.vexcode\sdk\cpp\V5\V5_20240802_15_00_00/vexv5\libv5rt.a(v5_apiuser.c.obj)
                0x03808de8                vexOpticalGestureEnable
 .text.vexOpticalGestureDisable
                0x03808df8       0x10 c:\Users\Soren\AppData\Roaming\Code\User\globalStorage\vexrobotics.vexcode\sdk\cpp\V5\V5_20240802_15_00_00/vexv5\libv5rt.a(v5_apiuser.c.obj)
                0x03808df8                vexOpticalGestureDisable
 .text.vexOpticalProximityThreshold
                0x03808e08       0x18 c:\Users\Soren\AppData\Roaming\Code\User\globalStorage\vexrobotics.vexcode\sdk\cpp\V5\V5_20240802_15_00_00/vexv5\libv5rt.a(v5_apiuser.c.obj)
                0x03808e08                vexOpticalProximityThreshold
 .text.vexOpticalIntegrationTimeSet
                0x03808e20       0x20 c:\Users\Soren\AppData\Roaming\Code\User\globalStorage\vexrobotics.vexcode\sdk\cpp\V5\V5_20240802_15_00_00/vexv5\libv5rt.a(v5_apiuser.c.obj)
                0x03808e20                vexOpticalIntegrationTimeSet
 .text.vexEventMaskSet
                0x03808e40       0x28 c:\Users\Soren\AppData\Roaming\Code\User\globalStorage\vexrobotics.vexcode\sdk\cpp\V5\V5_20240802_15_00_00/vexv5\libv5rt.a(v5_apiuser.c.obj)
                0x03808e40                vexEventMaskSet
 .text.vexEventMaskGet
                0x03808e68       0x18 c:\Users\Soren\AppData\Roaming\Code\User\globalStorage\vexrobotics.vexcode\sdk\cpp\V5\V5_20240802_15_00_00/vexv5\libv5rt.a(v5_apiuser.c.obj)
                0x03808e68                vexEventMaskGet
 .text._ZN3vex6deviceD2Ev
                0x03808e80        0x4 c:\Users\Soren\AppData\Roaming\Code\User\globalStorage\vexrobotics.vexcode\sdk\cpp\V5\V5_20240802_15_00_00/vexv5\libv5rt.a(vex_device.cpp.obj)
                0x03808e80                vex::device::~device()
                0x03808e80                vex::device::~device()
 .text._ZN3vex6device5valueEv
                0x03808e84        0x8 c:\Users\Soren\AppData\Roaming\Code\User\globalStorage\vexrobotics.vexcode\sdk\cpp\V5\V5_20240802_15_00_00/vexv5\libv5rt.a(vex_device.cpp.obj)
                0x03808e84                vex::device::value()
 .text._ZN3vex6deviceD0Ev
                0x03808e8c       0x14 c:\Users\Soren\AppData\Roaming\Code\User\globalStorage\vexrobotics.vexcode\sdk\cpp\V5\V5_20240802_15_00_00/vexv5\libv5rt.a(vex_device.cpp.obj)
                0x03808e8c                vex::device::~device()
 .text._ZN3vex6device4initEl
                0x03808ea0       0x30 c:\Users\Soren\AppData\Roaming\Code\User\globalStorage\vexrobotics.vexcode\sdk\cpp\V5\V5_20240802_15_00_00/vexv5\libv5rt.a(vex_device.cpp.obj)
                0x03808ea0                vex::device::init(long)
 .text._ZN3vex6deviceC2El
                0x03808ed0       0x20 c:\Users\Soren\AppData\Roaming\Code\User\globalStorage\vexrobotics.vexcode\sdk\cpp\V5\V5_20240802_15_00_00/vexv5\libv5rt.a(vex_device.cpp.obj)
                0x03808ed0                vex::device::device(long)
                0x03808ed0                vex::device::device(long)
 .text._ZN3vex6device4typeEv
                0x03808ef0       0x10 c:\Users\Soren\AppData\Roaming\Code\User\globalStorage\vexrobotics.vexcode\sdk\cpp\V5\V5_20240802_15_00_00/vexv5\libv5rt.a(vex_device.cpp.obj)
                0x03808ef0                vex::device::type()
 .text._ZN3vex6device9installedEv
                0x03808f00       0x14 c:\Users\Soren\AppData\Roaming\Code\User\globalStorage\vexrobotics.vexcode\sdk\cpp\V5\V5_20240802_15_00_00/vexv5\libv5rt.a(vex_device.cpp.obj)