Archive member included because of file (symbol)

c:\Users\josep\AppData\Roaming\Code\User\globalStorage\vexrobotics.vexcode\sdk\cpp\V5\V5_20240802_15_00_00/vexv5\libv5rt.a(v5_startup.c.obj)
                              (vexStartup)
c:\Users\josep\AppData\Roaming\Code\User\globalStorage\vexrobotics.vexcode\sdk\cpp\V5\V5_20240802_15_00_00/vexv5\libv5rt.a(v5_util.c.obj)
                              c:\Users\josep\AppData\Roaming\Code\User\globalStorage\vexrobotics.vexcode\sdk\cpp\V5\V5_20240802_15_00_00/vexv5\libv5rt.a(v5_startup.c.obj) (vexStdlibVersionLinked)
c:\Users\josep\AppData\Roaming\Code\User\globalStorage\vexrobotics.vexcode\sdk\cpp\V5\V5_20240802_15_00_00/vexv5\libv5rt.a(v5_apijump.c.obj)
                              c:\Users\josep\AppData\Roaming\Code\User\globalStorage\vexrobotics.vexcode\sdk\cpp\V5\V5_20240802_15_00_00/vexv5\libv5rt.a(v5_startup.c.obj) (vexPrivateApiEnable)
c:\Users\josep\AppData\Roaming\Code\User\globalStorage\vexrobotics.vexcode\sdk\cpp\V5\V5_20240802_15_00_00/vexv5\libv5rt.a(v5_apiversions.c.obj)
                              c:\Users\josep\AppData\Roaming\Code\User\globalStorage\vexrobotics.vexcode\sdk\cpp\V5\V5_20240802_15_00_00/vexv5\libv5rt.a(v5_apijump.c.obj) (vexSystemVersion)
c:\Users\josep\AppData\Roaming\Code\User\globalStorage\vexrobotics.vexcode\sdk\cpp\V5\V5_20240802_15_00_00/vexv5\libv5rt.a(vex_global.cpp.obj)
                              build/src/main.o (vex::wait(double, vex::timeUnits))
c:\Users\josep\AppData\Roaming\Code\User\globalStorage\vexrobotics.vexcode\sdk\cpp\V5\V5_20240802_15_00_00/vexv5\libv5rt.a(vex_motor.cpp.obj)
                              build/src/robot-config.o (vex::motor::~motor())
c:\Users\josep\AppData\Roaming\Code\User\globalStorage\vexrobotics.vexcode\sdk\cpp\V5\V5_20240802_15_00_00/vexv5\libv5rt.a(vex_imu.cpp.obj)
                              build/src/Drive.o (vex::inertial::setHeading(double, vex::rotationUnits))
c:\Users\josep\AppData\Roaming\Code\User\globalStorage\vexrobotics.vexcode\sdk\cpp\V5\V5_20240802_15_00_00/vexv5\libv5rt.a(vex_rotation.cpp.obj)
                              build/src/robot-config.o (vex::rotation::~rotation())
c:\Users\josep\AppData\Roaming\Code\User\globalStorage\vexrobotics.vexcode\sdk\cpp\V5\V5_20240802_15_00_00/vexv5\libv5rt.a(vex_optical.cpp.obj)
                              build/src/robot-config.o (vex::optical::~optical())
c:\Users\josep\AppData\Roaming\Code\User\globalStorage\vexrobotics.vexcode\sdk\cpp\V5\V5_20240802_15_00_00/vexv5\libv5rt.a(vex_controller.cpp.obj)
                              build/src/robot-config.o (vex::controller::~controller())
c:\Users\josep\AppData\Roaming\Code\User\globalStorage\vexrobotics.vexcode\sdk\cpp\V5\V5_20240802_15_00_00/vexv5\libv5rt.a(vex_task.cpp.obj)
                              build/src/Drive.o (vex::task::sleep(unsigned long))
c:\Users\josep\AppData\Roaming\Code\User\globalStorage\vexrobotics.vexcode\sdk\cpp\V5\V5_20240802_15_00_00/vexv5\libv5rt.a(vex_thread.cpp.obj)
                              build/src/main.o (vex::this_thread::sleep_for(unsigned long))
c:\Users\josep\AppData\Roaming\Code\User\globalStorage\vexrobotics.vexcode\sdk\cpp\V5\V5_20240802_15_00_00/vexv5\libv5rt.a(vex_event.cpp.obj)
                              c:\Users\josep\AppData\Roaming\Code\User\globalStorage\vexrobotics.vexcode\sdk\cpp\V5\V5_20240802_15_00_00/vexv5\libv5rt.a(vex_imu.cpp.obj) (vex::event::init(unsigned long, unsigned long, void (*)()))
c:\Users\josep\AppData\Roaming\Code\User\globalStorage\vexrobotics.vexcode\sdk\cpp\V5\V5_20240802_15_00_00/vexv5\libv5rt.a(vex_mevent.cpp.obj)
                              c:\Users\josep\AppData\Roaming\Code\User\globalStorage\vexrobotics.vexcode\sdk\cpp\V5\V5_20240802_15_00_00/vexv5\libv5rt.a(vex_controller.cpp.obj) (vex::mevent::mevent(unsigned long, unsigned long))
c:\Users\josep\AppData\Roaming\Code\User\globalStorage\vexrobotics.vexcode\sdk\cpp\V5\V5_20240802_15_00_00/vexv5\libv5rt.a(vex_brain.cpp.obj)
                              build/src/screen.o (vex::brain::lcd::setCursor(long, long))
c:\Users\josep\AppData\Roaming\Code\User\globalStorage\vexrobotics.vexcode\sdk\cpp\V5\V5_20240802_15_00_00/vexv5\libv5rt.a(vex_competition.cpp.obj)
                              build/src/main.o (vex::competition::competition())
c:\Users\josep\AppData\Roaming\Code\User\globalStorage\vexrobotics.vexcode\sdk\cpp\V5\V5_20240802_15_00_00/vexv5\libv5rt.a(vex_triport.cpp.obj)
                              c:\Users\josep\AppData\Roaming\Code\User\globalStorage\vexrobotics.vexcode\sdk\cpp\V5\V5_20240802_15_00_00/vexv5\libv5rt.a(vex_brain.cpp.obj) (vex::triport::~triport())
c:\Users\josep\AppData\Roaming\Code\User\globalStorage\vexrobotics.vexcode\sdk\cpp\V5\V5_20240802_15_00_00/vexv5\libv5rt.a(vex_color.cpp.obj)
                              build/src/main.o (vex::color::~color())
c:\Users\josep\AppData\Roaming\Code\User\globalStorage\vexrobotics.vexcode\sdk\cpp\V5\V5_20240802_15_00_00/vexv5\libv5rt.a(vex_timer.cpp.obj)
[...]
Memory Configuration

Name             Origin             Length             Attributes
ps7_ddr_0_S_AXI_BASEADDR 0x03800000         0x04800000
*default*        0x00000000         0xffffffff

Linker script and memory map

                0x00002000                _STACK_SIZE = DEFINED (_STACK_SIZE)?_STACK_SIZE:0x2000
                0x00100000                _HEAP_SIZE = DEFINED (_HEAP_SIZE)?_HEAP_SIZE:0x100000
                0x00000400                _ABORT_STACK_SIZE = DEFINED (_ABORT_STACK_SIZE)?_ABORT_STACK_SIZE:0x400
                0x00000800                _SUPERVISOR_STACK_SIZE = DEFINED (_SUPERVISOR_STACK_SIZE)?_SUPERVISOR_STACK_SIZE:0x800
                0x00000400                _IRQ_STACK_SIZE = DEFINED (_IRQ_STACK_SIZE)?_IRQ_STACK_SIZE:0x400
                0x00000400                _FIQ_STACK_SIZE = DEFINED (_FIQ_STACK_SIZE)?_FIQ_STACK_SIZE:0x400
                0x00000400                _UNDEF_STACK_SIZE = DEFINED (_UNDEF_STACK_SIZE)?_UNDEF_STACK_SIZE:0x400

.text           0x03800000     0x8fe8
 *(.vectors)
 *(.boot_data)
 .boot_data     0x03800000       0x20 c:\Users\josep\AppData\Roaming\Code\User\globalStorage\vexrobotics.vexcode\sdk\cpp\V5\V5_20240802_15_00_00/vexv5\libv5rt.a(v5_startup.c.obj)
                0x03800000                vexCodeSig
                0x00000020                . = 0x20
 *(.boot)
 .boot          0x03800020       0xbc c:\Users\josep\AppData\Roaming\Code\User\globalStorage\vexrobotics.vexcode\sdk\cpp\V5\V5_20240802_15_00_00/vexv5\libv5rt.a(v5_startup.c.obj)
                0x03800020                vexStartup
                0x03800100                . = ALIGN (0x40)
 *fill*         0x038000dc       0x24 
 *(.freertos_vectors)
 *(.text)
 *(.text.*)
 .text._Z5clampfff
                0x03800100       0x2c build/src/util.o
                0x03800100                clamp(float, float, float)
 *fill*         0x0380012c        0x4 
 .text._Z8degTo180f
                0x03800130       0x78 build/src/util.o
                0x03800130                degTo180(float)
 .text._Z11degToInchesff
                0x038001a8       0x3c build/src/util.o
                0x038001a8                degToInches(float, float)
 *fill*         0x038001e4        0x4 
 .text._Z8degToRadf
                0x038001e8       0x28 build/src/util.o
                0x038001e8                degToRad(float)
 .text._Z25inTermsOfNegative180To180f
                0x03800210       0x90 build/src/util.o
                0x03800210                inTermsOfNegative180To180(float)
 .text._ZN3vex11motor_groupC2IJNS_5motorES2_S2_EEERS2_DpRT_
                0x038002a0       0x50 build/src/main.o
                0x038002a0                vex::motor_group::motor_group<vex::motor, vex::motor, vex::motor>(vex::motor&, vex::motor&, vex::motor&, vex::motor&)
 .text._ZN5DriveD2Ev
                0x038002f0       0x28 build/src/main.o
                0x038002f0                Drive::~Drive()
 .text._Z8preAutonv
                0x03800318      0xa00 build/src/main.o
                0x03800318                preAuton()
 .text._Z22setDriveTrainConstantsv
                0x03800d18       0x7c build/src/main.o
                0x03800d18                setDriveTrainConstants()
 *fill*         0x03800d94        0x4 
 .text._Z10autonomousv
                0x03800d98       0x70 build/src/main.o
                0x03800d98                autonomous()
 .text._Z7Auton_2v
                0x03800e08      0x3f0 build/src/main.o
                0x03800e08                Auton_2()
 .text._Z11usercontrolv
                0x038011f8      0x5b0 build/src/main.o
                0x038011f8                usercontrol()
 .text._Z10toggleLiftv
                0x038017a8       0x28 build/src/main.o
                0x038017a8                toggleLift()
 .text._Z15toggleColorSortv
                0x038017d0       0x18 build/src/main.o
                0x038017d0                toggleColorSort()
 .text._Z14toggleDropDownv
                0x038017e8       0x28 build/src/main.o
                0x038017e8                toggleDropDown()
 .text.main     0x03801810       0x68 build/src/main.o
                0x03801810                main
 .text._GLOBAL__sub_I_main.cpp
                0x03801878      0x154 build/src/main.o
 .text._Z12drawSponsorsv
                0x038019cc       0xe0 build/src/images.o
                0x038019cc                drawSponsors()
 .text._GLOBAL__sub_I_images.cpp
                0x03801aac       0x34 build/src/images.o
 .text._ZN4OdomC2Effffff
                0x03801ae0       0x24 build/src/odom.o
                0x03801ae0                Odom::Odom(float, float, float, float, float, float)
                0x03801ae0                Odom::Odom(float, float, float, float, float, float)
 .text._ZN4OdomC2Effff
                0x03801b04       0x18 build/src/odom.o
                0x03801b04                Odom::Odom(float, float, float, float)
                0x03801b04                Odom::Odom(float, float, float, float)
 .text._ZN4OdomC2Efff
                0x03801b1c        0xc build/src/odom.o
                0x03801b1c                Odom::Odom(float, float, float)
                0x03801b1c                Odom::Odom(float, float, float)
 .text._ZN4OdomC2Ev
                0x03801b28       0x1c build/src/odom.o
                0x03801b28                Odom::Odom()
                0x03801b28                Odom::Odom()
 .text._ZN4Odom12getXPositionEv
                0x03801b44        0x8 build/src/odom.o
                0x03801b44                Odom::getXPosition()
 .text._ZN4Odom12getYPositionEv
                0x03801b4c        0x8 build/src/odom.o
                0x03801b4c                Odom::getYPosition()
 .text._ZN4Odom10getHeadingEv
                0x03801b54        0x8 build/src/odom.o
                0x03801b54                Odom::getHeading()
 .text._ZN4Odom11setPositionEfff
                0x03801b5c       0x28 build/src/odom.o
                0x03801b5c                Odom::setPosition(float, float, float)
 .text._ZN4Odom22setForwardRightDegreesEf
                0x03801b84        0x8 build/src/odom.o
                0x03801b84                Odom::setForwardRightDegrees(float)
 .text._ZN4Odom21setForwardLeftDegreesEf
                0x03801b8c        0x8 build/src/odom.o
                0x03801b8c                Odom::setForwardLeftDegrees(float)
 .text._ZN4Odom17setLateralDegreesEf
                0x03801b94        0x8 build/src/odom.o
                0x03801b94                Odom::setLateralDegrees(float)
 *fill*         0x03801b9c        0x4 
 .text._ZN4Odom24updatePositionTwoForwardEfff
                0x03801ba0      0x264 build/src/odom.o
                0x03801ba0                Odom::updatePositionTwoForward(float, float, float)
 *fill*         0x03801e04        0x4 
 .text._ZN4Odom24updatePositionOneForwardEfff
                0x03801e08      0x230 build/src/odom.o
                0x03801e08                Odom::updatePositionOneForward(float, float, float)
 .text._ZN4Odom21updatePositionTwoAt45Efff
                0x03802038      0x220 build/src/odom.o
                0x03802038                Odom::updatePositionTwoAt45(float, float, float)
 .text._GLOBAL__sub_I_odom.cpp
                0x03802258       0x34 build/src/odom.o
 .text._ZN6Button4drawEN3vex5colorES1_NS0_8fontTypeESsii
                0x0380228c       0xb4 build/src/screen.o
                0x0380228c                Button::draw(vex::color, vex::color, vex::fontType, std::string, int, int)
 .text._ZN6Button10checkPressEv
                0x03802340       0x98 build/src/screen.o
                0x03802340                Button::checkPress()
 .text._ZN4Text9printTextEv
                0x038023d8       0x48 build/src/screen.o
                0x038023d8                Text::printText()
 .text._Z18createAutonButtonsPN3vex5colorEPSsP6Button
                0x03802420      0x438 build/src/screen.o
                0x03802420                createAutonButtons(vex::color*, std::string*, Button*)
 .text._Z11clickButtonR6ButtonPS_
                0x03802858      0x194 build/src/screen.o
                0x03802858                clickButton(Button&, Button*)
 .text._Z22clickButtonStartScreeniP6Button
                0x038029ec      0x388 build/src/screen.o
                0x038029ec                clickButtonStartScreen(int, Button*)
 .text._Z24showAutonSelectionScreenP6Button
                0x03802d74      0x284 build/src/screen.o
                0x03802d74                showAutonSelectionScreen(Button*)
 .text._Z14drawBackgroundv
                0x03802ff8       0x88 build/src/screen.o
                0x03802ff8                drawBackground()
 .text._Z17checkButtonsPressP6Button
                0x03803080       0x50 build/src/screen.o
                0x03803080                checkButtonsPress(Button*)
 .text._Z20createPreAutonScreenP6ButtonR4TextS2_
                0x038030d0      0x8e0 build/src/screen.o
                0x038030d0                createPreAutonScreen(Button*, Text&, Text&)
 .text._Z18showPreAutonScreenP6ButtonR4TextS2_Ssii
                0x038039b0      0x490 build/src/screen.o
                0x038039b0                showPreAutonScreen(Button*, Text&, Text&, std::string, int, int)
 .text._Z20checkPreAutonButtonsP6ButtonRiS1_R4Text
                0x03803e40      0x26c build/src/screen.o
                0x03803e40                checkPreAutonButtons(Button*, int&, int&, Text&)
 .text._GLOBAL__sub_I_screen.cpp
                0x038040ac       0x34 build/src/screen.o
 .text._ZN5DriveC2EN3vex11motor_groupES1_ifffifff
                0x038040e0      0x11c build/src/Drive.o
                0x038040e0                Drive::Drive(vex::motor_group, vex::motor_group, int, float, float, float, int, float, float, float)
                0x038040e0                Drive::Drive(vex::motor_group, vex::motor_group, int, float, float, float, int, float, float, float)
 .text._ZN5Drive18setDriveMaxVoltageEf
                0x038041fc        0x8 build/src/Drive.o
                0x038041fc                Drive::setDriveMaxVoltage(float)
 .text._ZN5Drive17setTurnMaxVoltageEf
                0x03804204        0x8 build/src/Drive.o
                0x03804204                Drive::setTurnMaxVoltage(float)
 .text._ZN5Drive17setDriveConstantsEffffff
                0x0380420c       0x24 build/src/Drive.o
                0x0380420c                Drive::setDriveConstants(float, float, float, float, float, float)
 .text._ZN5Drive16setTurnConstantsEffffff
                0x03804230       0x24 build/src/Drive.o
                0x03804230                Drive::setTurnConstants(float, float, float, float, float, float)
 .text._ZN5Drive6arcadeEv
                0x03804254      0x100 build/src/Drive.o
                0x03804254                Drive::arcade()
 .text._ZN5Drive4tankEv
                0x03804354       0xa8 build/src/Drive.o
                0x03804354                Drive::tank()
 .text._ZN5Drive11driveMotorsEff
                0x038043fc       0x6c build/src/Drive.o
                0x038043fc                Drive::driveMotors(float, float)
 .text._ZN5Drive5brakeEN3vex9brakeTypeE
                0x03804468       0x24 build/src/Drive.o
                0x03804468                Drive::brake(vex::brakeType)
 .text._ZN5Drive14updatePositionEv
                0x0380448c      0x1b8 build/src/Drive.o
                0x0380448c                Drive::updatePosition()
 .text._ZN5Drive11turnToAngleEf
                0x03804644        0x8 build/src/Drive.o
                0x03804644                Drive::turnToAngle(float)
 .text._ZN5Drive11turnToAngleEff
                0x0380464c      0x14c build/src/Drive.o
                0x0380464c                Drive::turnToAngle(float, float)
 .text._ZN5Drive11setPositionEfff
                0x03804798      0x140 build/src/Drive.o
                0x03804798                Drive::setPosition(float, float, float)
 .text._ZN5Drive9movetoposEfff
                0x038048d8      0x5e4 build/src/Drive.o
                0x038048d8                Drive::movetopos(float, float, float)
 .text._GLOBAL__sub_I_Drive.cpp
                0x03804ebc       0x34 build/src/Drive.o
 .text._ZN3vex11motor_groupC2IJNS_5motorES2_EEERS2_DpRT_
                0x03804ef0       0x44 build/src/robot-config.o
                0x03804ef0                vex::motor_group::motor_group<vex::motor, vex::motor>(vex::motor&, vex::motor&, vex::motor&)
 .text._GLOBAL__sub_I_robot_config.cpp
                0x03804f34      0x520 build/src/robot-config.o
 .text._ZN9DeltaTimeC2Ev
                0x03805454       0x44 build/src/PID.o
                0x03805454                DeltaTime::DeltaTime()
 .text._ZN3PIDC2Effffff
                0x03805498       0x60 build/src/PID.o
                0x03805498                PID::PID(float, float, float, float, float, float)
                0x03805498                PID::PID(float, float, float, float, float, float)
 .text._ZN3PID7computeEf
                0x038054f8       0xc4 build/src/PID.o
                0x038054f8                PID::compute(float)
 .text._ZN3PID9isSettledEv
                0x038055bc       0xe0 build/src/PID.o
                0x038055bc                PID::isSettled()
 .text._GLOBAL__sub_I_PID.cpp
                0x0380569c       0x34 build/src/PID.o
 .text.vexMain  0x038056d0       0xb0 c:\Users\josep\AppData\Roaming\Code\User\globalStorage\vexrobotics.vexcode\sdk\cpp\V5\V5_20240802_15_00_00/vexv5\libv5rt.a(v5_startup.c.obj)
                0x038056d0                vexMain
 .text.__vex_function_prolog
                0x03805780       0x18 c:\Users\josep\AppData\Roaming\Code\User\globalStorage\vexrobotics.vexcode\sdk\cpp\V5\V5_20240802_15_00_00/vexv5\libv5rt.a(v5_startup.c.obj)
                0x03805780                __vex_function_prolog
 .text._init    0x03805798        0x4 c:\Users\josep\AppData\Roaming\Code\User\globalStorage\vexrobotics.vexcode\sdk\cpp\V5\V5_20240802_15_00_00/vexv5\libv5rt.a(v5_startup.c.obj)
                0x03805798                _init
 .text._fini    0x0380579c        0x4 c:\Users\josep\AppData\Roaming\Code\User\globalStorage\vexrobotics.vexcode\sdk\cpp\V5\V5_20240802_15_00_00/vexv5\libv5rt.a(v5_startup.c.obj)
                0x0380579c                _fini
 .text.vexStdlibVersionLinked
                0x038057a0        0xc c:\Users\josep\AppData\Roaming\Code\User\globalStorage\vexrobotics.vexcode\sdk\cpp\V5\V5_20240802_15_00_00/vexv5\libv5rt.a(v5_util.c.obj)
                0x038057a0                vexStdlibVersionLinked
 .text.vexStdlibVersionVerify
                0x038057ac       0x30 c:\Users\josep\AppData\Roaming\Code\User\globalStorage\vexrobotics.vexcode\sdk\cpp\V5\V5_20240802_15_00_00/vexv5\libv5rt.a(v5_util.c.obj)
                0x038057ac                vexStdlibVersionVerify
 .text.vexPrivateApiEnable
                0x038057dc       0x10 c:\Users\josep\AppData\Roaming\Code\User\globalStorage\vexrobotics.vexcode\sdk\cpp\V5\V5_20240802_15_00_00/vexv5\libv5rt.a(v5_apijump.c.obj)
                0x038057dc                vexPrivateApiEnable
 .text.vexStdlibMismatchError
                0x038057ec       0x3c c:\Users\josep\AppData\Roaming\Code\User\globalStorage\vexrobotics.vexcode\sdk\cpp\V5\V5_20240802_15_00_00/vexv5\libv5rt.a(v5_apijump.c.obj)
                0x038057ec                vexStdlibMismatchError
 .text.vexTaskAdd
                0x03805828       0x10 c:\Users\josep\AppData\Roaming\Code\User\globalStorage\vexrobotics.vexcode\sdk\cpp\V5\V5_20240802_15_00_00/vexv5\libv5rt.a(v5_apijump.c.obj)
                0x03805828                vexTaskAdd
 .text.vexTasksRun
                0x03805838       0x10 c:\Users\josep\AppData\Roaming\Code\User\globalStorage\vexrobotics.vexcode\sdk\cpp\V5\V5_20240802_15_00_00/vexv5\libv5rt.a(v5_apijump.c.obj)
                0x03805838                vexTasksRun
 .text.vexTaskYield
                0x03805848       0x10 c:\Users\josep\AppData\Roaming\Code\User\globalStorage\vexrobotics.vexcode\sdk\cpp\V5\V5_20240802_15_00_00/vexv5\libv5rt.a(v5_apijump.c.obj)
                0x03805848                vexTaskYield
 .text.vexTaskCheckTimeslice
                0x03805858       0x10 c:\Users\josep\AppData\Roaming\Code\User\globalStorage\vexrobotics.vexcode\sdk\cpp\V5\V5_20240802_15_00_00/vexv5\libv5rt.a(v5_apijump.c.obj)
                0x03805858                vexTaskCheckTimeslice
 .text.vexTaskSleep
                0x03805868       0x10 c:\Users\josep\AppData\Roaming\Code\User\globalStorage\vexrobotics.vexcode\sdk\cpp\V5\V5_20240802_15_00_00/vexv5\libv5rt.a(v5_apijump.c.obj)
                0x03805868                vexTaskSleep
 .text.vexTasksDump
                0x03805878       0x1c c:\Users\josep\AppData\Roaming\Code\User\globalStorage\vexrobotics.vexcode\sdk\cpp\V5\V5_20240802_15_00_00/vexv5\libv5rt.a(v5_apijump.c.obj)
                0x03805878                vexTasksDump
 .text.vexTaskGetTaskIndex
                0x03805894       0x10 c:\Users\josep\AppData\Roaming\Code\User\globalStorage\vexrobotics.vexcode\sdk\cpp\V5\V5_20240802_15_00_00/vexv5\libv5rt.a(v5_apijump.c.obj)
                0x03805894                vexTaskGetTaskIndex
 .text.vexTaskStopAll
                0x038058a4       0x10 c:\Users\josep\AppData\Roaming\Code\User\globalStorage\vexrobotics.vexcode\sdk\cpp\V5\V5_20240802_15_00_00/vexv5\libv5rt.a(v5_apijump.c.obj)
                0x038058a4                vexTaskStopAll
 .text.vexTaskRemoveAllUser
                0x038058b4       0x34 c:\Users\josep\AppData\Roaming\Code\User\globalStorage\vexrobotics.vexcode\sdk\cpp\V5\V5_20240802_15_00_00/vexv5\libv5rt.a(v5_apijump.c.obj)
                0x038058b4                vexTaskRemoveAllUser
 .text.vexTaskCompletionIdSet
                0x038058e8       0x10 c:\Users\josep\AppData\Roaming\Code\User\globalStorage\vexrobotics.vexcode\sdk\cpp\V5\V5_20240802_15_00_00/vexv5\libv5rt.a(v5_apijump.c.obj)
                0x038058e8                vexTaskCompletionIdSet
 .text.vexTaskStopWithId
                0x038058f8       0x10 c:\Users\josep\AppData\Roaming\Code\User\globalStorage\vexrobotics.vexcode\sdk\cpp\V5\V5_20240802_15_00_00/vexv5\libv5rt.a(v5_apijump.c.obj)
                0x038058f8                vexTaskStopWithId
 .text.vexCriticalSection
                0x03805908       0x2c c:\Users\josep\AppData\Roaming\Code\User\globalStorage\vexrobotics.vexcode\sdk\cpp\V5\V5_20240802_15_00_00/vexv5\libv5rt.a(v5_apijump.c.obj)
                0x03805908                vexCriticalSection
 .text.vexEventAdd
                0x03805934       0x34 c:\Users\josep\AppData\Roaming\Code\User\globalStorage\vexrobotics.vexcode\sdk\cpp\V5\V5_20240802_15_00_00/vexv5\libv5rt.a(v5_apijump.c.obj)
                0x03805934                vexEventAdd
 .text.vexEventUserIndexGet
                0x03805968       0x1c c:\Users\josep\AppData\Roaming\Code\User\globalStorage\vexrobotics.vexcode\sdk\cpp\V5\V5_20240802_15_00_00/vexv5\libv5rt.a(v5_apijump.c.obj)
                0x03805968                vexEventUserIndexGet
 .text.vexEventAddWithArg
                0x03805984       0x3c c:\Users\josep\AppData\Roaming\Code\User\globalStorage\vexrobotics.vexcode\sdk\cpp\V5\V5_20240802_15_00_00/vexv5\libv5rt.a(v5_apijump.c.obj)
                0x03805984                vexEventAddWithArg
 .text.vexEventsCleanup
                0x038059c0       0x2c c:\Users\josep\AppData\Roaming\Code\User\globalStorage\vexrobotics.vexcode\sdk\cpp\V5\V5_20240802_15_00_00/vexv5\libv5rt.a(v5_apijump.c.obj)
                0x038059c0                vexEventsCleanup
 .text.vexDebug
                0x038059ec       0x38 c:\Users\josep\AppData\Roaming\Code\User\globalStorage\vexrobotics.vexcode\sdk\cpp\V5\V5_20240802_15_00_00/vexv5\libv5rt.a(v5_apijump.c.obj)
                0x038059ec                vexDebug
 .text.vex_sprintf
                0x03805a24       0x40 c:\Users\josep\AppData\Roaming\Code\User\globalStorage\vexrobotics.vexcode\sdk\cpp\V5\V5_20240802_15_00_00/vexv5\libv5rt.a(v5_apijump.c.obj)
                0x03805a24                vex_sprintf
 .text.vex_vsnprintf
                0x03805a64       0x3c c:\Users\josep\AppData\Roaming\Code\User\globalStorage\vexrobotics.vexcode\sdk\cpp\V5\V5_20240802_15_00_00/vexv5\libv5rt.a(v5_apijump.c.obj)
                0x03805a64                vex_vsnprintf
 .text.vexSystemTimeGet
                0x03805aa0       0x1c c:\Users\josep\AppData\Roaming\Code\User\globalStorage\vexrobotics.vexcode\sdk\cpp\V5\V5_20240802_15_00_00/vexv5\libv5rt.a(v5_apijump.c.obj)
                0x03805aa0                vexSystemTimeGet
 .text.vexSystemExitRequest
                0x03805abc       0x1c c:\Users\josep\AppData\Roaming\Code\User\globalStorage\vexrobotics.vexcode\sdk\cpp\V5\V5_20240802_15_00_00/vexv5\libv5rt.a(v5_apijump.c.obj)
                0x03805abc                vexSystemExitRequest
 .text.vexDeviceGetByIndex
                0x03805ad8       0x24 c:\Users\josep\AppData\Roaming\Code\User\globalStorage\vexrobotics.vexcode\sdk\cpp\V5\V5_20240802_15_00_00/vexv5\libv5rt.a(v5_apijump.c.obj)
                0x03805ad8                vexDeviceGetByIndex
 .text.vexControllerGet
                0x03805afc       0x2c c:\Users\josep\AppData\Roaming\Code\User\globalStorage\vexrobotics.vexcode\sdk\cpp\V5\V5_20240802_15_00_00/vexv5\libv5rt.a(v5_apijump.c.obj)
                0x03805afc                vexControllerGet
 .text.vexControllerTextSet
                0x03805b28       0x74 c:\Users\josep\AppData\Roaming\Code\User\globalStorage\vexrobotics.vexcode\sdk\cpp\V5\V5_20240802_15_00_00/vexv5\libv5rt.a(v5_apijump.c.obj)
                0x03805b28                vexControllerTextSet
 .text.vexDeviceAdiPortConfigSet
                0x03805b9c       0x34 c:\Users\josep\AppData\Roaming\Code\User\globalStorage\vexrobotics.vexcode\sdk\cpp\V5\V5_20240802_15_00_00/vexv5\libv5rt.a(v5_apijump.c.obj)
                0x03805b9c                vexDeviceAdiPortConfigSet
 .text.vexDeviceAdiPortConfigGet
                0x03805bd0       0x2c c:\Users\josep\AppData\Roaming\Code\User\globalStorage\vexrobotics.vexcode\sdk\cpp\V5\V5_20240802_15_00_00/vexv5\libv5rt.a(v5_apijump.c.obj)
                0x03805bd0                vexDeviceAdiPortConfigGet
 .text.vexDeviceAdiValueSet
                0x03805bfc       0x34 c:\Users\josep\AppData\Roaming\Code\User\globalStorage\vexrobotics.vexcode\sdk\cpp\V5\V5_20240802_15_00_00/vexv5\libv5rt.a(v5_apijump.c.obj)
                0x03805bfc                vexDeviceAdiValueSet
 .text.vexDeviceMotorVelocitySet
                0x03805c30       0x2c c:\Users\josep\AppData\Roaming\Code\User\globalStorage\vexrobotics.vexcode\sdk\cpp\V5\V5_20240802_15_00_00/vexv5\libv5rt.a(v5_apijump.c.obj)
                0x03805c30                vexDeviceMotorVelocitySet
 .text.vexDeviceMotorVoltageSet
                0x03805c5c       0x2c c:\Users\josep\AppData\Roaming\Code\User\globalStorage\vexrobotics.vexcode\sdk\cpp\V5\V5_20240802_15_00_00/vexv5\libv5rt.a(v5_apijump.c.obj)
                0x03805c5c                vexDeviceMotorVoltageSet
 .text.vexDeviceMotorActualVelocityGet
                0x03805c88       0x24 c:\Users\josep\AppData\Roaming\Code\User\globalStorage\vexrobotics.vexcode\sdk\cpp\V5\V5_20240802_15_00_00/vexv5\libv5rt.a(v5_apijump.c.obj)
                0x03805c88                vexDeviceMotorActualVelocityGet
 .text.vexDeviceMotorReverseFlagSet
                0x03805cac       0x2c c:\Users\josep\AppData\Roaming\Code\User\globalStorage\vexrobotics.vexcode\sdk\cpp\V5\V5_20240802_15_00_00/vexv5\libv5rt.a(v5_apijump.c.obj)
                0x03805cac                vexDeviceMotorReverseFlagSet
 .text.vexDeviceMotorEncoderUnitsSet
                0x03805cd8       0x2c c:\Users\josep\AppData\Roaming\Code\User\globalStorage\vexrobotics.vexcode\sdk\cpp\V5\V5_20240802_15_00_00/vexv5\libv5rt.a(v5_apijump.c.obj)
                0x03805cd8                vexDeviceMotorEncoderUnitsSet
 .text.vexDeviceMotorBrakeModeSet
                0x03805d04       0x2c c:\Users\josep\AppData\Roaming\Code\User\globalStorage\vexrobotics.vexcode\sdk\cpp\V5\V5_20240802_15_00_00/vexv5\libv5rt.a(v5_apijump.c.obj)
                0x03805d04                vexDeviceMotorBrakeModeSet
 .text.vexDeviceMotorPositionSet
                0x03805d30       0x34 c:\Users\josep\AppData\Roaming\Code\User\globalStorage\vexrobotics.vexcode\sdk\cpp\V5\V5_20240802_15_00_00/vexv5\libv5rt.a(v5_apijump.c.obj)
                0x03805d30                vexDeviceMotorPositionSet
 .text.vexDeviceMotorPositionGet
                0x03805d64       0x24 c:\Users\josep\AppData\Roaming\Code\User\globalStorage\vexrobotics.vexcode\sdk\cpp\V5\V5_20240802_15_00_00/vexv5\libv5rt.a(v5_apijump.c.obj)
                0x03805d64                vexDeviceMotorPositionGet
 .text.vexDeviceMotorGearingSet
                0x03805d88       0x2c c:\Users\josep\AppData\Roaming\Code\User\globalStorage\vexrobotics.vexcode\sdk\cpp\V5\V5_20240802_15_00_00/vexv5\libv5rt.a(v5_apijump.c.obj)
                0x03805d88                vexDeviceMotorGearingSet
 .text.vexDeviceMotorGearingGet
                0x03805db4       0x24 c:\Users\josep\AppData\Roaming\Code\User\globalStorage\vexrobotics.vexcode\sdk\cpp\V5\V5_20240802_15_00_00/vexv5\libv5rt.a(v5_apijump.c.obj)
                0x03805db4                vexDeviceMotorGearingGet
 .text.vexDeviceImuReset
                0x03805dd8       0x24 c:\Users\josep\AppData\Roaming\Code\User\globalStorage\vexrobotics.vexcode\sdk\cpp\V5\V5_20240802_15_00_00/vexv5\libv5rt.a(v5_apijump.c.obj)
                0x03805dd8                vexDeviceImuReset
 .text.vexDeviceImuHeadingGet
                0x03805dfc       0x24 c:\Users\josep\AppData\Roaming\Code\User\globalStorage\vexrobotics.vexcode\sdk\cpp\V5\V5_20240802_15_00_00/vexv5\libv5rt.a(v5_apijump.c.obj)
                0x03805dfc                vexDeviceImuHeadingGet
 .text.vexDeviceImuDegreesGet
                0x03805e20       0x24 c:\Users\josep\AppData\Roaming\Code\User\globalStorage\vexrobotics.vexcode\sdk\cpp\V5\V5_20240802_15_00_00/vexv5\libv5rt.a(v5_apijump.c.obj)
                0x03805e20                vexDeviceImuDegreesGet
 .text.vexDeviceImuStatusGet
                0x03805e44       0x24 c:\Users\josep\AppData\Roaming\Code\User\globalStorage\vexrobotics.vexcode\sdk\cpp\V5\V5_20240802_15_00_00/vexv5\libv5rt.a(v5_apijump.c.obj)
                0x03805e44                vexDeviceImuStatusGet
 .text.vexDeviceAbsEncPositionSet
                0x03805e68       0x2c c:\Users\josep\AppData\Roaming\Code\User\globalStorage\vexrobotics.vexcode\sdk\cpp\V5\V5_20240802_15_00_00/vexv5\libv5rt.a(v5_apijump.c.obj)
                0x03805e68                vexDeviceAbsEncPositionSet
 .text.vexDeviceAbsEncPositionGet
                0x03805e94       0x24 c:\Users\josep\AppData\Roaming\Code\User\globalStorage\vexrobotics.vexcode\sdk\cpp\V5\V5_20240802_15_00_00/vexv5\libv5rt.a(v5_apijump.c.obj)
                0x03805e94                vexDeviceAbsEncPositionGet
 .text.vexDeviceAbsEncAngleGet
                0x03805eb8       0x24 c:\Users\josep\AppData\Roaming\Code\User\globalStorage\vexrobotics.vexcode\sdk\cpp\V5\V5_20240802_15_00_00/vexv5\libv5rt.a(v5_apijump.c.obj)
                0x03805eb8                vexDeviceAbsEncAngleGet
 .text.vexDeviceAbsEncReverseFlagSet
                0x03805edc       0x2c c:\Users\josep\AppData\Roaming\Code\User\globalStorage\vexrobotics.vexcode\sdk\cpp\V5\V5_20240802_15_00_00/vexv5\libv5rt.a(v5_apijump.c.obj)
                0x03805edc                vexDeviceAbsEncReverseFlagSet
 .text.vexDeviceOpticalHueGet
                0x03805f08       0x24 c:\Users\josep\AppData\Roaming\Code\User\globalStorage\vexrobotics.vexcode\sdk\cpp\V5\V5_20240802_15_00_00/vexv5\libv5rt.a(v5_apijump.c.obj)
                0x03805f08                vexDeviceOpticalHueGet
 .text.vexDeviceOpticalLedPwmSet
                0x03805f2c       0x2c c:\Users\josep\AppData\Roaming\Code\User\globalStorage\vexrobotics.vexcode\sdk\cpp\V5\V5_20240802_15_00_00/vexv5\libv5rt.a(v5_apijump.c.obj)
                0x03805f2c                vexDeviceOpticalLedPwmSet
 .text.vexDeviceOpticalGestureEnable
                0x03805f58       0x24 c:\Users\josep\AppData\Roaming\Code\User\globalStorage\vexrobotics.vexcode\sdk\cpp\V5\V5_20240802_15_00_00/vexv5\libv5rt.a(v5_apijump.c.obj)
                0x03805f58                vexDeviceOpticalGestureEnable
 .text.vexDeviceOpticalGestureDisable
                0x03805f7c       0x24 c:\Users\josep\AppData\Roaming\Code\User\globalStorage\vexrobotics.vexcode\sdk\cpp\V5\V5_20240802_15_00_00/vexv5\libv5rt.a(v5_apijump.c.obj)
                0x03805f7c                vexDeviceOpticalGestureDisable
 .text.vexDeviceOpticalProximityThreshold
                0x03805fa0       0x2c c:\Users\josep\AppData\Roaming\Code\User\globalStorage\vexrobotics.vexcode\sdk\cpp\V5\V5_20240802_15_00_00/vexv5\libv5rt.a(v5_apijump.c.obj)
                0x03805fa0                vexDeviceOpticalProximityThreshold
 .text.vexDeviceOpticalIntegrationTimeSet
                0x03805fcc       0x34 c:\Users\josep\AppData\Roaming\Code\User\globalStorage\vexrobotics.vexcode\sdk\cpp\V5\V5_20240802_15_00_00/vexv5\libv5rt.a(v5_apijump.c.obj)
                0x03805fcc                vexDeviceOpticalIntegrationTimeSet
 .text.vexDisplayForegroundColor
                0x03806000       0x24 c:\Users\josep\AppData\Roaming\Code\User\globalStorage\vexrobotics.vexcode\sdk\cpp\V5\V5_20240802_15_00_00/vexv5\libv5rt.a(v5_apijump.c.obj)
                0x03806000                vexDisplayForegroundColor
 .text.vexDisplayBackgroundColor
                0x03806024       0x24 c:\Users\josep\AppData\Roaming\Code\User\globalStorage\vexrobotics.vexcode\sdk\cpp\V5\V5_20240802_15_00_00/vexv5\libv5rt.a(v5_apijump.c.obj)
                0x03806024                vexDisplayBackgroundColor
 .text.vexDisplayBackgroundColorGet
                0x03806048       0x1c c:\Users\josep\AppData\Roaming\Code\User\globalStorage\vexrobotics.vexcode\sdk\cpp\V5\V5_20240802_15_00_00/vexv5\libv5rt.a(v5_apijump.c.obj)
                0x03806048                vexDisplayBackgroundColorGet
 .text.vexDisplayPixelSet
                0x03806064       0x38 c:\Users\josep\AppData\Roaming\Code\User\globalStorage\vexrobotics.vexcode\sdk\cpp\V5\V5_20240802_15_00_00/vexv5\libv5rt.a(v5_apijump.c.obj)
                0x03806064                vexDisplayPixelSet
 .text.vexDisplayRectDraw
                0x0380609c       0x4c c:\Users\josep\AppData\Roaming\Code\User\globalStorage\vexrobotics.vexcode\sdk\cpp\V5\V5_20240802_15_00_00/vexv5\libv5rt.a(v5_apijump.c.obj)
                0x0380609c                vexDisplayRectDraw
 .text.vexDisplayRectClear
                0x038060e8       0x4c c:\Users\josep\AppData\Roaming\Code\User\globalStorage\vexrobotics.vexcode\sdk\cpp\V5\V5_20240802_15_00_00/vexv5\libv5rt.a(v5_apijump.c.obj)
                0x038060e8                vexDisplayRectClear
 .text.vexDisplayVPrintf
                0x03806134       0x50 c:\Users\josep\AppData\Roaming\Code\User\globalStorage\vexrobotics.vexcode\sdk\cpp\V5\V5_20240802_15_00_00/vexv5\libv5rt.a(v5_apijump.c.obj)
                0x03806134                vexDisplayVPrintf
 .text.vexDisplayTextReference
                0x03806184       0x24 c:\Users\josep\AppData\Roaming\Code\User\globalStorage\vexrobotics.vexcode\sdk\cpp\V5\V5_20240802_15_00_00/vexv5\libv5rt.a(v5_apijump.c.obj)
                0x03806184                vexDisplayTextReference
 .text.vexDisplayTextSize
                0x038061a8       0x2c c:\Users\josep\AppData\Roaming\Code\User\globalStorage\vexrobotics.vexcode\sdk\cpp\V5\V5_20240802_15_00_00/vexv5\libv5rt.a(v5_apijump.c.obj)
                0x038061a8                vexDisplayTextSize
 .text.vexDisplayFontNamedSet
                0x038061d4       0x24 c:\Users\josep\AppData\Roaming\Code\User\globalStorage\vexrobotics.vexcode\sdk\cpp\V5\V5_20240802_15_00_00/vexv5\libv5rt.a(v5_apijump.c.obj)
                0x038061d4                vexDisplayFontNamedSet
 .text.vexDisplayStringWidthGet
                0x038061f8       0x24 c:\Users\josep\AppData\Roaming\Code\User\globalStorage\vexrobotics.vexcode\sdk\cpp\V5\V5_20240802_15_00_00/vexv5\libv5rt.a(v5_apijump.c.obj)
                0x038061f8                vexDisplayStringWidthGet
 .text.vexDisplayPenSizeGet
                0x0380621c       0x1c c:\Users\josep\AppData\Roaming\Code\User\globalStorage\vexrobotics.vexcode\sdk\cpp\V5\V5_20240802_15_00_00/vexv5\libv5rt.a(v5_apijump.c.obj)
                0x0380621c                vexDisplayPenSizeGet
 .text.vexSystemStdlibImpureDataAddr
                0x03806238       0x28 c:\Users\josep\AppData\Roaming\Code\User\globalStorage\vexrobotics.vexcode\sdk\cpp\V5\V5_20240802_15_00_00/vexv5\libv5rt.a(v5_apijump.c.obj)
                0x03806238                vexSystemStdlibImpureDataAddr
 .text.vexSystemStdlibImpureDataSize
                0x03806260       0x28 c:\Users\josep\AppData\Roaming\Code\User\globalStorage\vexrobotics.vexcode\sdk\cpp\V5\V5_20240802_15_00_00/vexv5\libv5rt.a(v5_apijump.c.obj)
                0x03806260                vexSystemStdlibImpureDataSize
 .text.vexSystemSaveUserData
                0x03806288       0x3c c:\Users\josep\AppData\Roaming\Code\User\globalStorage\vexrobotics.vexcode\sdk\cpp\V5\V5_20240802_15_00_00/vexv5\libv5rt.a(v5_apijump.c.obj)
                0x03806288                vexSystemSaveUserData
 .text.vexTouchDataGet
                0x038062c4       0x10 c:\Users\josep\AppData\Roaming\Code\User\globalStorage\vexrobotics.vexcode\sdk\cpp\V5\V5_20240802_15_00_00/vexv5\libv5rt.a(v5_apijump.c.obj)
                0x038062c4                vexTouchDataGet
 .text.vexDisplayThemeIdGet
                0x038062d4       0x38 c:\Users\josep\AppData\Roaming\Code\User\globalStorage\vexrobotics.vexcode\sdk\cpp\V5\V5_20240802_15_00_00/vexv5\libv5rt.a(v5_apijump.c.obj)
                0x038062d4                vexDisplayThemeIdGet
 .text.vexDeviceEventMaskSet
                0x0380630c       0x48 c:\Users\josep\AppData\Roaming\Code\User\globalStorage\vexrobotics.vexcode\sdk\cpp\V5\V5_20240802_15_00_00/vexv5\libv5rt.a(v5_apijump.c.obj)
                0x0380630c                vexDeviceEventMaskSet
 .text.vexDeviceEventMaskGet
                0x03806354       0x3c c:\Users\josep\AppData\Roaming\Code\User\globalStorage\vexrobotics.vexcode\sdk\cpp\V5\V5_20240802_15_00_00/vexv5\libv5rt.a(v5_apijump.c.obj)
                0x03806354                vexDeviceEventMaskGet
 .text.vexSystemVersion
                0x03806390       0x10 c:\Users\josep\AppData\Roaming\Code\User\globalStorage\vexrobotics.vexcode\sdk\cpp\V5\V5_20240802_15_00_00/vexv5\libv5rt.a(v5_apiversions.c.obj)
                0x03806390                vexSystemVersion
 .text.vexStdlibVersion
                0x038063a0       0x10 c:\Users\josep\AppData\Roaming\Code\User\globalStorage\vexrobotics.vexcode\sdk\cpp\V5\V5_20240802_15_00_00/vexv5\libv5rt.a(v5_apiversions.c.obj)
                0x038063a0                vexStdlibVersion
 .text._ZN3vex4waitEdNS_9timeUnitsE
                0x038063b0       0x30 c:\Users\josep\AppData\Roaming\Code\User\globalStorage\vexrobotics.vexcode\sdk\cpp\V5\V5_20240802_15_00_00/vexv5\libv5rt.a(vex_global.cpp.obj)
                0x038063b0                vex::wait(double, vex::timeUnits)
 .text._ZN3vex5motorD2Ev
                0x038063e0       0x20 c:\Users\josep\AppData\Roaming\Code\User\globalStorage\vexrobotics.vexcode\sdk\cpp\V5\V5_20240802_15_00_00/vexv5\libv5rt.a(vex_motor.cpp.obj)
                0x038063e0                vex::motor::~motor()
                0x038063e0                vex::motor::~motor()
 .text._ZN3vex5motorD0Ev
                0x03806400       0x1c c:\Users\josep\AppData\Roaming\Code\User\globalStorage\vexrobotics.vexcode\sdk\cpp\V5\V5_20240802_15_00_00/vexv5\libv5rt.a(vex_motor.cpp.obj)
                0x03806400                vex::motor::~motor()
 .text._ZN3vex5motor9installedEv
                0x0380641c       0x18 c:\Users\josep\AppData\Roaming\Code\User\globalStorage\vexrobotics.vexcode\sdk\cpp\V5\V5_20240802_15_00_00/vexv5\libv5rt.a(vex_motor.cpp.obj)
                0x0380641c                vex::motor::installed()
 .text._ZN3vex5motor15defaultStoppingENS_9brakeTypeE
                0x03806434       0x30 c:\Users\josep\AppData\Roaming\Code\User\globalStorage\vexrobotics.vexcode\sdk\cpp\V5\V5_20240802_15_00_00/vexv5\libv5rt.a(vex_motor.cpp.obj)
                0x03806434                vex::motor::defaultStopping(vex::brakeType)
 .text._ZN3vex5motor11setStoppingENS_9brakeTypeE
                0x03806464        0x4 c:\Users\josep\AppData\Roaming\Code\User\globalStorage\vexrobotics.vexcode\sdk\cpp\V5\V5_20240802_15_00_00/vexv5\libv5rt.a(vex_motor.cpp.obj)
                0x03806464                vex::motor::setStopping(vex::brakeType)
 .text._ZN3vex5motorC2El
                0x03806468       0x78 c:\Users\josep\AppData\Roaming\Code\User\globalStorage\vexrobotics.vexcode\sdk\cpp\V5\V5_20240802_15_00_00/vexv5\libv5rt.a(vex_motor.cpp.obj)
                0x03806468                vex::motor::motor(long)
                0x03806468                vex::motor::motor(long)
 .text._ZN3vex5motorC2ElNS_11gearSettingEb
                0x038064e0       0x34 c:\Users\josep\AppData\Roaming\Code\User\globalStorage\vexrobotics.vexcode\sdk\cpp\V5\V5_20240802_15_00_00/vexv5\libv5rt.a(vex_motor.cpp.obj)
                0x038064e0                vex::motor::motor(long, vex::gearSetting, bool)
                0x038064e0                vex::motor::motor(long, vex::gearSetting, bool)
 *fill*         0x03806514        0x4 
 .text._ZN3vex5motor4spinENS_13directionTypeEdNS_12voltageUnitsE
                0x03806518       0x50 c:\Users\josep\AppData\Roaming\Code\User\globalStorage\vexrobotics.vexcode\sdk\cpp\V5\V5_20240802_15_00_00/vexv5\libv5rt.a(vex_motor.cpp.obj)
                0x03806518                vex::motor::spin(vex::directionType, double, vex::voltageUnits)
 .text._ZN3vex5motor4stopENS_9brakeTypeE
                0x03806568       0x30 c:\Users\josep\AppData\Roaming\Code\User\globalStorage\vexrobotics.vexcode\sdk\cpp\V5\V5_20240802_15_00_00/vexv5\libv5rt.a(vex_motor.cpp.obj)
                0x03806568                vex::motor::stop(vex::brakeType)
 .text._ZN3vex5motor4stopEv
                0x03806598        0x8 c:\Users\josep\AppData\Roaming\Code\User\globalStorage\vexrobotics.vexcode\sdk\cpp\V5\V5_20240802_15_00_00/vexv5\libv5rt.a(vex_motor.cpp.obj)
                0x03806598                vex::motor::stop()
 .text._ZN3vex5motor16velocityToScaledEdNS_13velocityUnitsE
                0x038065a0       0x5c c:\Users\josep\AppData\Roaming\Code\User\globalStorage\vexrobotics.vexcode\sdk\cpp\V5\V5_20240802_15_00_00/vexv5\libv5rt.a(vex_motor.cpp.obj)
                0x038065a0                vex::motor::velocityToScaled(double, vex::velocityUnits)
 .text._ZN3vex5motor8velocityENS_13velocityUnitsE
                0x038065fc       0x30 c:\Users\josep\AppData\Roaming\Code\User\globalStorage\vexrobotics.vexcode\sdk\cpp\V5\V5_20240802_15_00_00/vexv5\libv5rt.a(vex_motor.cpp.obj)
                0x038065fc                vex::motor::velocity(vex::velocityUnits)
 .text._ZN3vex5motor5valueEv
                0x0380662c       0x1c c:\Users\josep\AppData\Roaming\Code\User\globalStorage\vexrobotics.vexcode\sdk\cpp\V5\V5_20240802_15_00_00/vexv5\libv5rt.a(vex_motor.cpp.obj)
                0x0380662c                vex::motor::value()
 .text._ZN3vex5motor16scaledToVelocityEdNS_13velocityUnitsE
                0x03806648       0xa4 c:\Users\josep\AppData\Roaming\Code\User\globalStorage\vexrobotics.vexcode\sdk\cpp\V5\V5_20240802_15_00_00/vexv5\libv5rt.a(vex_motor.cpp.obj)
                0x03806648                vex::motor::scaledToVelocity(double, vex::velocityUnits)
 .text._ZN3vex5motor4spinENS_13directionTypeEdNS_13velocityUnitsE
                0x038066ec       0x5c c:\Users\josep\AppData\Roaming\Code\User\globalStorage\vexrobotics.vexcode\sdk\cpp\V5\V5_20240802_15_00_00/vexv5\libv5rt.a(vex_motor.cpp.obj)
                0x038066ec                vex::motor::spin(vex::directionType, double, vex::velocityUnits)
 .text._ZN3vex5motor4spinENS_13directionTypeE
                0x03806748       0x28 c:\Users\josep\AppData\Roaming\Code\User\globalStorage\vexrobotics.vexcode\sdk\cpp\V5\V5_20240802_15_00_00/vexv5\libv5rt.a(vex_motor.cpp.obj)
                0x03806748                vex::motor::spin(vex::directionType)
 .text._ZN3vex5motor11setVelocityEdNS_13velocityUnitsE
                0x03806770       0x54 c:\Users\josep\AppData\Roaming\Code\User\globalStorage\vexrobotics.vexcode\sdk\cpp\V5\V5_20240802_15_00_00/vexv5\libv5rt.a(vex_motor.cpp.obj)
                0x03806770                vex::motor::setVelocity(double, vex::velocityUnits)
 .text._ZN3vex5motor16setRotationUnitsENS_13rotationUnitsE
                0x038067c4       0x1c c:\Users\josep\AppData\Roaming\Code\User\globalStorage\vexrobotics.vexcode\sdk\cpp\V5\V5_20240802_15_00_00/vexv5\libv5rt.a(vex_motor.cpp.obj)
                0x038067c4                vex::motor::setRotationUnits(vex::rotationUnits)
 .text._ZN3vex5motor8positionENS_13rotationUnitsE
                0x038067e0       0x44 c:\Users\josep\AppData\Roaming\Code\User\globalStorage\vexrobotics.vexcode\sdk\cpp\V5\V5_20240802_15_00_00/vexv5\libv5rt.a(vex_motor.cpp.obj)
                0x038067e0                vex::motor::position(vex::rotationUnits)
 .text._ZN3vex8inertial11getTurnTypeEv
                0x03806824        0x8 c:\Users\josep\AppData\Roaming\Code\User\globalStorage\vexrobotics.vexcode\sdk\cpp\V5\V5_20240802_15_00_00/vexv5\libv5rt.a(vex_imu.cpp.obj)
                0x03806824                vex::inertial::getTurnType()
 .text._ZThn16_N3vex8inertial11getTurnTypeEv
                0x0380682c        0x8 c:\Users\josep\AppData\Roaming\Code\User\globalStorage\vexrobotics.vexcode\sdk\cpp\V5\V5_20240802_15_00_00/vexv5\libv5rt.a(vex_imu.cpp.obj)
                0x0380682c                non-virtual thunk to vex::inertial::getTurnType()
 *fill*         0x03806834        0x4 
 .text._ZN3vex8inertial10setHeadingEdNS_13rotationUnitsE
                0x03806838       0x58 c:\Users\josep\AppData\Roaming\Code\User\globalStorage\vexrobotics.vexcode\sdk\cpp\V5\V5_20240802_15_00_00/vexv5\libv5rt.a(vex_imu.cpp.obj)
                0x03806838                vex::inertial::setHeading(double, vex::rotationUnits)
 .text._ZThn16_N3vex8inertial10setHeadingEdNS_13rotationUnitsE
                0x03806890        0x8 c:\Users\josep\AppData\Roaming\Code\User\globalStorage\vexrobotics.vexcode\sdk\cpp\V5\V5_20240802_15_00_00/vexv5\libv5rt.a(vex_imu.cpp.obj)
                0x03806890                non-virtual thunk to vex::inertial::setHeading(double, vex::rotationUnits)
 .text._ZN3vex8inertial11setRotationEdNS_13rotationUnitsE
                0x03806898       0x58 c:\Users\josep\AppData\Roaming\Code\User\globalStorage\vexrobotics.vexcode\sdk\cpp\V5\V5_20240802_15_00_00/vexv5\libv5rt.a(vex_imu.cpp.obj)
                0x03806898                vex::inertial::setRotation(double, vex::rotationUnits)
 .text._ZThn16_N3vex8inertial11setRotationEdNS_13rotationUnitsE
                0x038068f0        0x8 c:\Users\josep\AppData\Roaming\Code\User\globalStorage\vexrobotics.vexcode\sdk\cpp\V5\V5_20240802_15_00_00/vexv5\libv5rt.a(vex_imu.cpp.obj)
                0x038068f0                non-virtual thunk to vex::inertial::setRotation(double, vex::rotationUnits)
 .text._ZN3vex8inertialD2Ev
                0x038068f8       0x20 c:\Users\josep\AppData\Roaming\Code\User\globalStorage\vexrobotics.vexcode\sdk\cpp\V5\V5_20240802_15_00_00/vexv5\libv5rt.a(vex_imu.cpp.obj)
                0x038068f8                vex::inertial::~inertial()
                0x038068f8                vex::inertial::~inertial()
 .text._ZThn16_N3vex8inertialD1Ev
                0x03806918        0x8 c:\Users\josep\AppData\Roaming\Code\User\globalStorage\vexrobotics.vexcode\sdk\cpp\V5\V5_20240802_15_00_00/vexv5\libv5rt.a(vex_imu.cpp.obj)
                0x03806918                non-virtual thunk to vex::inertial::~inertial()
 .text._ZN3vex8inertialD0Ev
                0x03806920       0x1c c:\Users\josep\AppData\Roaming\Code\User\globalStorage\vexrobotics.vexcode\sdk\cpp\V5\V5_20240802_15_00_00/vexv5\libv5rt.a(vex_imu.cpp.obj)
                0x03806920                vex::inertial::~inertial()
 .text._ZThn16_N3vex8inertialD0Ev
                0x0380693c        0x8 c:\Users\josep\AppData\Roaming\Code\User\globalStorage\vexrobotics.vexcode\sdk\cpp\V5\V5_20240802_15_00_00/vexv5\libv5rt.a(vex_imu.cpp.obj)
                0x0380693c                non-virtual thunk to vex::inertial::~inertial()
 .text._ZN3vex8inertial9installedEv
                0x03806944       0x18 c:\Users\josep\AppData\Roaming\Code\User\globalStorage\vexrobotics.vexcode\sdk\cpp\V5\V5_20240802_15_00_00/vexv5\libv5rt.a(vex_imu.cpp.obj)
                0x03806944                vex::inertial::installed()
 .text._ZN3vex8inertial5angleENS_13rotationUnitsE
                0x0380695c       0x6c c:\Users\josep\AppData\Roaming\Code\User\globalStorage\vexrobotics.vexcode\sdk\cpp\V5\V5_20240802_15_00_00/vexv5\libv5rt.a(vex_imu.cpp.obj)
                0x0380695c                vex::inertial::angle(vex::rotationUnits)
 .text._ZThn16_N3vex8inertial5angleENS_13rotationUnitsE
                0x038069c8        0x8 c:\Users\josep\AppData\Roaming\Code\User\globalStorage\vexrobotics.vexcode\sdk\cpp\V5\V5_20240802_15_00_00/vexv5\libv5rt.a(vex_imu.cpp.obj)
                0x038069c8                non-virtual thunk to vex::inertial::angle(vex::rotationUnits)
 .text._ZN3vex8inertial7headingENS_13rotationUnitsE
                0x038069d0        0x4 c:\Users\josep\AppData\Roaming\Code\User\globalStorage\vexrobotics.vexcode\sdk\cpp\V5\V5_20240802_15_00_00/vexv5\libv5rt.a(vex_imu.cpp.obj)
                0x038069d0                vex::inertial::heading(vex::rotationUnits)
 .text._ZThn16_N3vex8inertial7headingENS_13rotationUnitsE
                0x038069d4        0x8 c:\Users\josep\AppData\Roaming\Code\User\globalStorage\vexrobotics.vexcode\sdk\cpp\V5\V5_20240802_15_00_00/vexv5\libv5rt.a(vex_imu.cpp.obj)
                0x038069d4                non-virtual thunk to vex::inertial::heading(vex::rotationUnits)
 .text._ZN3vex8inertial5valueEv
                0x038069dc       0x1c c:\Users\josep\AppData\Roaming\Code\User\globalStorage\vexrobotics.vexcode\sdk\cpp\V5\V5_20240802_15_00_00/vexv5\libv5rt.a(vex_imu.cpp.obj)
                0x038069dc                vex::inertial::value()
 .text._ZN3vex8inertial8rotationENS_13rotationUnitsE
                0x038069f8       0x48 c:\Users\josep\AppData\Roaming\Code\User\globalStorage\vexrobotics.vexcode\sdk\cpp\V5\V5_20240802_15_00_00/vexv5\libv5rt.a(vex_imu.cpp.obj)
                0x038069f8                vex::inertial::rotation(vex::rotationUnits)
 .text._ZThn16_N3vex8inertial8rotationENS_13rotationUnitsE
                0x03806a40        0x8 c:\Users\josep\AppData\Roaming\Code\User\globalStorage\vexrobotics.vexcode\sdk\cpp\V5\V5_20240802_15_00_00/vexv5\libv5rt.a(vex_imu.cpp.obj)
                0x03806a40                non-virtual thunk to vex::inertial::rotation(vex::rotationUnits)
 .text._ZN3vex8inertial13isCalibratingEv
                0x03806a48       0x38 c:\Users\josep\AppData\Roaming\Code\User\globalStorage\vexrobotics.vexcode\sdk\cpp\V5\V5_20240802_15_00_00/vexv5\libv5rt.a(vex_imu.cpp.obj)
                0x03806a48                vex::inertial::isCalibrating()
 .text._ZThn16_N3vex8inertial13isCalibratingEv
                0x03806a80        0x8 c:\Users\josep\AppData\Roaming\Code\User\globalStorage\vexrobotics.vexcode\sdk\cpp\V5\V5_20240802_15_00_00/vexv5\libv5rt.a(vex_imu.cpp.obj)
                0x03806a80                non-virtual thunk to vex::inertial::isCalibrating()
 .text._ZN3vex8inertialC2ElNS_8turnTypeE
                0x03806a88       0x4c c:\Users\josep\AppData\Roaming\Code\User\globalStorage\vexrobotics.vexcode\sdk\cpp\V5\V5_20240802_15_00_00/vexv5\libv5rt.a(vex_imu.cpp.obj)
                0x03806a88                vex::inertial::inertial(long, vex::turnType)
                0x03806a88                vex::inertial::inertial(long, vex::turnType)
 .text._ZN3vex8inertial12resetHeadingEv
                0x03806ad4       0x20 c:\Users\josep\AppData\Roaming\Code\User\globalStorage\vexrobotics.vexcode\sdk\cpp\V5\V5_20240802_15_00_00/vexv5\libv5rt.a(vex_imu.cpp.obj)
                0x03806ad4                vex::inertial::resetHeading()
 .text._ZN3vex8inertial16startCalibrationEl
                0x03806af4       0x20 c:\Users\josep\AppData\Roaming\Code\User\globalStorage\vexrobotics.vexcode\sdk\cpp\V5\V5_20240802_15_00_00/vexv5\libv5rt.a(vex_imu.cpp.obj)
                0x03806af4                vex::inertial::startCalibration(long)
 .text._ZN3vex8inertial9calibrateEl
                0x03806b14        0xc c:\Users\josep\AppData\Roaming\Code\User\globalStorage\vexrobotics.vexcode\sdk\cpp\V5\V5_20240802_15_00_00/vexv5\libv5rt.a(vex_imu.cpp.obj)
                0x03806b14                vex::inertial::calibrate(long)
                0x03806b18                non-virtual thunk to vex::inertial::calibrate(long)
 .text._ZN3vex8rotationD2Ev
                0x03806b20       0x20 c:\Users\josep\AppData\Roaming\Code\User\globalStorage\vexrobotics.vexcode\sdk\cpp\V5\V5_20240802_15_00_00/vexv5\libv5rt.a(vex_rotation.cpp.obj)
                0x03806b20                vex::rotation::~rotation()
                0x03806b20                vex::rotation::~rotation()
 .text._ZN3vex8rotationD0Ev
                0x03806b40       0x1c c:\Users\josep\AppData\Roaming\Code\User\globalStorage\vexrobotics.vexcode\sdk\cpp\V5\V5_20240802_15_00_00/vexv5\libv5rt.a(vex_rotation.cpp.obj)
                0x03806b40                vex::rotation::~rotation()
 .text._ZN3vex8rotation9installedEv
                0x03806b5c       0x18 c:\Users\josep\AppData\Roaming\Code\User\globalStorage\vexrobotics.vexcode\sdk\cpp\V5\V5_20240802_15_00_00/vexv5\libv5rt.a(vex_rotation.cpp.obj)
                0x03806b5c                vex::rotation::installed()
 .text._ZN3vex8rotation5valueEv
                0x03806b74        0x8 c:\Users\josep\AppData\Roaming\Code\User\globalStorage\vexrobotics.vexcode\sdk\cpp\V5\V5_20240802_15_00_00/vexv5\libv5rt.a(vex_rotation.cpp.obj)
                0x03806b74                vex::rotation::value()
 .text._ZN3vex8rotationC2Elb
                0x03806b7c       0x30 c:\Users\josep\AppData\Roaming\Code\User\globalStorage\vexrobotics.vexcode\sdk\cpp\V5\V5_20240802_15_00_00/vexv5\libv5rt.a(vex_rotation.cpp.obj)
                0x03806b7c                vex::rotation::rotation(long, bool)
                0x03806b7c                vex::rotation::rotation(long, bool)
 .text._ZN3vex8rotation13resetPositionEv
                0x03806bac        0xc c:\Users\josep\AppData\Roaming\Code\User\globalStorage\vexrobotics.vexcode\sdk\cpp\V5\V5_20240802_15_00_00/vexv5\libv5rt.a(vex_rotation.cpp.obj)
                0x03806bac                vex::rotation::resetPosition()
 .text._ZN3vex8rotation8positionENS_13rotationUnitsE
                0x03806bb8       0x50 c:\Users\josep\AppData\Roaming\Code\User\globalStorage\vexrobotics.vexcode\sdk\cpp\V5\V5_20240802_15_00_00/vexv5\libv5rt.a(vex_rotation.cpp.obj)
                0x03806bb8                vex::rotation::position(vex::rotationUnits)
 .text._ZN3vex7opticalD2Ev
                0x03806c08       0x20 c:\Users\josep\AppData\Roaming\Code\User\globalStorage\vexrobotics.vexcode\sdk\cpp\V5\V5_20240802_15_00_00/vexv5\libv5rt.a(vex_optical.cpp.obj)
                0x03806c08                vex::optical::~optical()
                0x03806c08                vex::optical::~optical()
 .text._ZN3vex7opticalD0Ev
                0x03806c28       0x1c c:\Users\josep\AppData\Roaming\Code\User\globalStorage\vexrobotics.vexcode\sdk\cpp\V5\V5_20240802_15_00_00/vexv5\libv5rt.a(vex_optical.cpp.obj)
                0x03806c28                vex::optical::~optical()
 .text._ZN3vex7optical9installedEv
                0x03806c44       0x18 c:\Users\josep\AppData\Roaming\Code\User\globalStorage\vexrobotics.vexcode\sdk\cpp\V5\V5_20240802_15_00_00/vexv5\libv5rt.a(vex_optical.cpp.obj)
                0x03806c44                vex::optical::installed()
 .text._ZN3vex7optical3hueEv
                0x03806c5c        0x8 c:\Users\josep\AppData\Roaming\Code\User\globalStorage\vexrobotics.vexcode\sdk\cpp\V5\V5_20240802_15_00_00/vexv5\libv5rt.a(vex_optical.cpp.obj)
                0x03806c5c                vex::optical::hue()
 .text._ZN3vex7optical5valueEv
                0x03806c64       0x18 c:\Users\josep\AppData\Roaming\Code\User\globalStorage\vexrobotics.vexcode\sdk\cpp\V5\V5_20240802_15_00_00/vexv5\libv5rt.a(vex_optical.cpp.obj)
                0x03806c64                vex::optical::value()
 .text._ZN3vex7optical5colorEv
                0x03806c7c       0xd0 c:\Users\josep\AppData\Roaming\Code\User\globalStorage\vexrobotics.vexcode\sdk\cpp\V5\V5_20240802_15_00_00/vexv5\libv5rt.a(vex_optical.cpp.obj)
                0x03806c7c                vex::optical::color()
 .text._ZN3vex7optical8setLightENS_8ledStateE
                0x03806d4c       0x18 c:\Users\josep\AppData\Roaming\Code\User\globalStorage\vexrobotics.vexcode\sdk\cpp\V5\V5_20240802_15_00_00/vexv5\libv5rt.a(vex_optical.cpp.obj)
                0x03806d4c                vex::optical::setLight(vex::ledState)
 .text._ZN3vex7optical13gestureEnableEv
                0x03806d64        0x8 c:\Users\josep\AppData\Roaming\Code\User\globalStorage\vexrobotics.vexcode\sdk\cpp\V5\V5_20240802_15_00_00/vexv5\libv5rt.a(vex_optical.cpp.obj)
                0x03806d64                vex::optical::gestureEnable()
 .text._ZN3vex7optical14gestureDisableEv
                0x03806d6c        0x8 c:\Users\josep\AppData\Roaming\Code\User\globalStorage\vexrobotics.vexcode\sdk\cpp\V5\V5_20240802_15_00_00/vexv5\libv5rt.a(vex_optical.cpp.obj)
                0x03806d6c                vex::optical::gestureDisable()
 .text._ZN3vex7opticalC2Elb
                0x03806d74       0x54 c:\Users\josep\AppData\Roaming\Code\User\globalStorage\vexrobotics.vexcode\sdk\cpp\V5\V5_20240802_15_00_00/vexv5\libv5rt.a(vex_optical.cpp.obj)
                0x03806d74                vex::optical::optical(long, bool)
                0x03806d74                vex::optical::optical(long, bool)
 .text._ZN3vex7optical15integrationTimeEd
                0x03806dc8        0x8 c:\Users\josep\AppData\Roaming\Code\User\globalStorage\vexrobotics.vexcode\sdk\cpp\V5\V5_20240802_15_00_00/vexv5\libv5rt.a(vex_optical.cpp.obj)
                0x03806dc8                vex::optical::integrationTime(double)
 .text._ZN3vex10controllerD2Ev
                0x03806dd0        0x4 c:\Users\josep\AppData\Roaming\Code\User\globalStorage\vexrobotics.vexcode\sdk\cpp\V5\V5_20240802_15_00_00/vexv5\libv5rt.a(vex_controller.cpp.obj)
                0x03806dd0                vex::controller::~controller()
                0x03806dd0                vex::controller::~controller()
 .text._ZN3vex10controller5valueE19_V5_ControllerIndex
                0x03806dd4        0x8 c:\Users\josep\AppData\Roaming\Code\User\globalStorage\vexrobotics.vexcode\sdk\cpp\V5\V5_20240802_15_00_00/vexv5\libv5rt.a(vex_controller.cpp.obj)
                0x03806dd4                vex::controller::value(_V5_ControllerIndex)
 .text._ZNK3vex10controller6button8pressingEv
                0x03806ddc       0xc8 c:\Users\josep\AppData\Roaming\Code\User\globalStorage\vexrobotics.vexcode\sdk\cpp\V5\V5_20240802_15_00_00/vexv5\libv5rt.a(vex_controller.cpp.obj)
                0x03806ddc                vex::controller::button::pressing() const
 .text._ZNK3vex10controller6button7pressedEPFvvE
                0x03806ea4      0x108 c:\Users\josep\AppData\Roaming\Code\User\globalStorage\vexrobotics.vexcode\sdk\cpp\V5\V5_20240802_15_00_00/vexv5\libv5rt.a(vex_controller.cpp.obj)
                0x03806ea4                vex::controller::button::pressed(void (*)()) const
 .text._ZNK3vex10controller6button8releasedEPFvvE
                0x03806fac      0x108 c:\Users\josep\AppData\Roaming\Code\User\globalStorage\vexrobotics.vexcode\sdk\cpp\V5\V5_20240802_15_00_00/vexv5\libv5rt.a(vex_controller.cpp.obj)
                0x03806fac                vex::controller::button::released(void (*)()) const
 .text._ZNK3vex10controller6button21_buttonToPressedEventEv
                0x038070b4       0x20 c:\Users\josep\AppData\Roaming\Code\User\globalStorage\vexrobotics.vexcode\sdk\cpp\V5\V5_20240802_15_00_00/vexv5\libv5rt.a(vex_controller.cpp.obj)
                0x038070b4                vex::controller::button::_buttonToPressedEvent() const
 .text._ZNK3vex10controller6button22_buttonToReleasedEventEv
                0x038070d4       0x20 c:\Users\josep\AppData\Roaming\Code\User\globalStorage\vexrobotics.vexcode\sdk\cpp\V5\V5_20240802_15_00_00/vexv5\libv5rt.a(vex_controller.cpp.obj)
                0x038070d4                vex::controller::button::_buttonToReleasedEvent() const
 .text._ZN3vex10controller6buttonC2ENS0_11tButtonTypeEPS0_
                0x038070f4       0x48 c:\Users\josep\AppData\Roaming\Code\User\globalStorage\vexrobotics.vexcode\sdk\cpp\V5\V5_20240802_15_00_00/vexv5\libv5rt.a(vex_controller.cpp.obj)
                0x038070f4                vex::controller::button::button(vex::controller::tButtonType, vex::controller*)
                0x038070f4                vex::controller::button::button(vex::controller::tButtonType, vex::controller*)
 .text._ZNK3vex10controller4axis5valueEv
                0x0380713c       0x58 c:\Users\josep\AppData\Roaming\Code\User\globalStorage\vexrobotics.vexcode\sdk\cpp\V5\V5_20240802_15_00_00/vexv5\libv5rt.a(vex_controller.cpp.obj)
                0x0380713c                vex::controller::axis::value() const
 .text._ZNK3vex10controller4axis8positionENS_12percentUnitsE
                0x03807194       0x1c c:\Users\josep\AppData\Roaming\Code\User\globalStorage\vexrobotics.vexcode\sdk\cpp\V5\V5_20240802_15_00_00/vexv5\libv5rt.a(vex_controller.cpp.obj)
                0x03807194                vex::controller::axis::position(vex::percentUnits) const
 .text._ZNK3vex10controller4axis23_joystickToChangedEventEv
                0x038071b0       0x20 c:\Users\josep\AppData\Roaming\Code\User\globalStorage\vexrobotics.vexcode\sdk\cpp\V5\V5_20240802_15_00_00/vexv5\libv5rt.a(vex_controller.cpp.obj)
                0x038071b0                vex::controller::axis::_joystickToChangedEvent() const
 .text._ZN3vex10controller4axisC2ENS0_9tAxisTypeEPS0_
                0x038071d0       0x2c c:\Users\josep\AppData\Roaming\Code\User\globalStorage\vexrobotics.vexcode\sdk\cpp\V5\V5_20240802_15_00_00/vexv5\libv5rt.a(vex_controller.cpp.obj)
                0x038071d0                vex::controller::axis::axis(vex::controller::tAxisType, vex::controller*)
                0x038071d0                vex::controller::axis::axis(vex::controller::tAxisType, vex::controller*)
 .text._ZN3vex10controllerC2Ev
                0x038071fc      0x164 c:\Users\josep\AppData\Roaming\Code\User\globalStorage\vexrobotics.vexcode\sdk\cpp\V5\V5_20240802_15_00_00/vexv5\libv5rt.a(vex_controller.cpp.obj)
                0x038071fc                vex::controller::controller()
                0x038071fc                vex::controller::controller()
 .text._ZN3vex10controller3lcd15getControllerIdEv
                0x03807360       0x10 c:\Users\josep\AppData\Roaming\Code\User\globalStorage\vexrobotics.vexcode\sdk\cpp\V5\V5_20240802_15_00_00/vexv5\libv5rt.a(vex_controller.cpp.obj)
                0x03807360                vex::controller::lcd::getControllerId()
 .text._ZN3vex10controller3lcd9setCursorEll
                0x03807370       0x40 c:\Users\josep\AppData\Roaming\Code\User\globalStorage\vexrobotics.vexcode\sdk\cpp\V5\V5_20240802_15_00_00/vexv5\libv5rt.a(vex_controller.cpp.obj)
                0x03807370                vex::controller::lcd::setCursor(long, long)
 .text._ZN3vex10controller3lcd5printEPKcz
                0x038073b0       0x80 c:\Users\josep\AppData\Roaming\Code\User\globalStorage\vexrobotics.vexcode\sdk\cpp\V5\V5_20240802_15_00_00/vexv5\libv5rt.a(vex_controller.cpp.obj)
                0x038073b0                vex::controller::lcd::print(char const*, ...)
 .text._ZN3vex10controller3lcd9clearLineEi
                0x03807430       0x80 c:\Users\josep\AppData\Roaming\Code\User\globalStorage\vexrobotics.vexcode\sdk\cpp\V5\V5_20240802_15_00_00/vexv5\libv5rt.a(vex_controller.cpp.obj)
                0x03807430                vex::controller::lcd::clearLine(int)
 .text._ZN3vex10controller3lcd9clearLineEv
                0x038074b0        0x8 c:\Users\josep\AppData\Roaming\Code\User\globalStorage\vexrobotics.vexcode\sdk\cpp\V5\V5_20240802_15_00_00/vexv5\libv5rt.a(vex_controller.cpp.obj)
                0x038074b0                vex::controller::lcd::clearLine()
 .text._ZN3vex4taskC2EPFivE
                0x038074b8       0x5c c:\Users\josep\AppData\Roaming\Code\User\globalStorage\vexrobotics.vexcode\sdk\cpp\V5\V5_20240802_15_00_00/vexv5\libv5rt.a(vex_task.cpp.obj)
                0x038074b8                vex::task::task(int (*)())
                0x038074b8                vex::task::task(int (*)())
 .text._ZN3vex4taskD2Ev
                0x03807514        0x4 c:\Users\josep\AppData\Roaming\Code\User\globalStorage\vexrobotics.vexcode\sdk\cpp\V5\V5_20240802_15_00_00/vexv5\libv5rt.a(vex_task.cpp.obj)
                0x03807514                vex::task::~task()
                0x03807514                vex::task::~task()
 .text._ZN3vex4task4stopEPvi
                0x03807518       0x1c c:\Users\josep\AppData\Roaming\Code\User\globalStorage\vexrobotics.vexcode\sdk\cpp\V5\V5_20240802_15_00_00/vexv5\libv5rt.a(vex_task.cpp.obj)
                0x03807518                vex::task::stop(void*, int)
 .text._ZN3vex4task5sleepEm
                0x03807534        0x4 c:\Users\josep\AppData\Roaming\Code\User\globalStorage\vexrobotics.vexcode\sdk\cpp\V5\V5_20240802_15_00_00/vexv5\libv5rt.a(vex_task.cpp.obj)
                0x03807534                vex::task::sleep(unsigned long)
 .text._ZN3vex4task6_indexEPFivE
                0x03807538       0x14 c:\Users\josep\AppData\Roaming\Code\User\globalStorage\vexrobotics.vexcode\sdk\cpp\V5\V5_20240802_15_00_00/vexv5\libv5rt.a(vex_task.cpp.obj)
                0x03807538                vex::task::_index(int (*)())
 .text._ZN3vex4task8_stopAllEv
                0x0380754c       0x3c c:\Users\josep\AppData\Roaming\Code\User\globalStorage\vexrobotics.vexcode\sdk\cpp\V5\V5_20240802_15_00_00/vexv5\libv5rt.a(vex_task.cpp.obj)
                0x0380754c                vex::task::_stopAll()
 .text._ZN3vex11this_thread9sleep_forEm
                0x03807588        0x4 c:\Users\josep\AppData\Roaming\Code\User\globalStorage\vexrobotics.vexcode\sdk\cpp\V5\V5_20240802_15_00_00/vexv5\libv5rt.a(vex_thread.cpp.obj)
                0x03807588                vex::this_thread::sleep_for(unsigned long)
 .text._ZN3vex5event4initEmmPFvvE
                0x0380758c        0x4 c:\Users\josep\AppData\Roaming\Code\User\globalStorage\vexrobotics.vexcode\sdk\cpp\V5\V5_20240802_15_00_00/vexv5\libv5rt.a(vex_event.cpp.obj)
                0x0380758c                vex::event::init(unsigned long, unsigned long, void (*)())
 .text._ZN3vex5event4initEmmPFvPvES1_
                0x03807590        0x4 c:\Users\josep\AppData\Roaming\Code\User\globalStorage\vexrobotics.vexcode\sdk\cpp\V5\V5_20240802_15_00_00/vexv5\libv5rt.a(vex_event.cpp.obj)
                0x03807590                vex::event::init(unsigned long, unsigned long, void (*)(void*), void*)
 .text._ZN3vex5event9userindexEv
                0x03807594        0x4 c:\Users\josep\AppData\Roaming\Code\User\globalStorage\vexrobotics.vexcode\sdk\cpp\V5\V5_20240802_15_00_00/vexv5\libv5rt.a(vex_event.cpp.obj)
                0x03807594                vex::event::userindex()
 .text._ZZN3vex6meventC4EmmENUlvE_4_FUNEv
                0x03807598        0x4 c:\Users\josep\AppData\Roaming\Code\User\globalStorage\vexrobotics.vexcode\sdk\cpp\V5\V5_20240802_15_00_00/vexv5\libv5rt.a(vex_mevent.cpp.obj)
 .text._ZN3vex6meventC2Emm
                0x0380759c       0x70 c:\Users\josep\AppData\Roaming\Code\User\globalStorage\vexrobotics.vexcode\sdk\cpp\V5\V5_20240802_15_00_00/vexv5\libv5rt.a(vex_mevent.cpp.obj)
                0x0380759c                vex::mevent::mevent(unsigned long, unsigned long)
                0x0380759c                vex::mevent::mevent(unsigned long, unsigned long)
 .text._ZL9_hexDigitc
                0x0380760c       0x48 c:\Users\josep\AppData\Roaming\Code\User\globalStorage\vexrobotics.vexcode\sdk\cpp\V5\V5_20240802_15_00_00/vexv5\libv5rt.a(vex_brain.cpp.obj)
 .text._ZN3vex5brain9_getIndexEv
                0x03807654       0x10 c:\Users\josep\AppData\Roaming\Code\User\globalStorage\vexrobotics.vexcode\sdk\cpp\V5\V5_20240802_15_00_00/vexv5\libv5rt.a(vex_brain.cpp.obj)
                0x03807654                vex::brain::_getIndex()
 .text._ZN3vex5brain3lcd9setCursorEll
                0x03807664       0x44 c:\Users\josep\AppData\Roaming\Code\User\globalStorage\vexrobotics.vexcode\sdk\cpp\V5\V5_20240802_15_00_00/vexv5\libv5rt.a(vex_brain.cpp.obj)
                0x03807664                vex::brain::lcd::setCursor(long, long)
 .text._ZN3vex5brain3lcd7setFontENS_8fontTypeE
                0x038076a8      0x23c c:\Users\josep\AppData\Roaming\Code\User\globalStorage\vexrobotics.vexcode\sdk\cpp\V5\V5_20240802_15_00_00/vexv5\libv5rt.a(vex_brain.cpp.obj)
                0x038076a8                vex::brain::lcd::setFont(vex::fontType)
 .text._ZN3vex5brain3lcdC2Ev
                0x038078e4       0x94 c:\Users\josep\AppData\Roaming\Code\User\globalStorage\vexrobotics.vexcode\sdk\cpp\V5\V5_20240802_15_00_00/vexv5\libv5rt.a(vex_brain.cpp.obj)
                0x038078e4                vex::brain::lcd::lcd()
                0x038078e4                vex::brain::lcd::lcd()
 .text._ZN3vex5brainC2Ev
                0x03807978       0x3c c:\Users\josep\AppData\Roaming\Code\User\globalStorage\vexrobotics.vexcode\sdk\cpp\V5\V5_20240802_15_00_00/vexv5\libv5rt.a(vex_brain.cpp.obj)
                0x03807978                vex::brain::brain()
                0x03807978                vex::brain::brain()
 .text._ZN3vex5brain3lcd11setPenColorERKNS_5colorE
                0x038079b4       0x14 c:\Users\josep\AppData\Roaming\Code\User\globalStorage\vexrobotics.vexcode\sdk\cpp\V5\V5_20240802_15_00_00/vexv5\libv5rt.a(vex_brain.cpp.obj)
                0x038079b4                vex::brain::lcd::setPenColor(vex::color const&)
 .text._ZN3vex5brain3lcd12setFillColorERKNS_5colorE
                0x038079c8       0x38 c:\Users\josep\AppData\Roaming\Code\User\globalStorage\vexrobotics.vexcode\sdk\cpp\V5\V5_20240802_15_00_00/vexv5\libv5rt.a(vex_brain.cpp.obj)
                0x038079c8                vex::brain::lcd::setFillColor(vex::color const&)
 .text._ZN3vex5brain3lcd12_clearScreenEm
                0x03807a00       0x38 c:\Users\josep\AppData\Roaming\Code\User\globalStorage\vexrobotics.vexcode\sdk\cpp\V5\V5_20240802_15_00_00/vexv5\libv5rt.a(vex_brain.cpp.obj)
                0x03807a00                vex::brain::lcd::_clearScreen(unsigned long)
 .text._ZN3vex5brain3lcd11clearScreenERKNS_5colorE
                0x03807a38       0x20 c:\Users\josep\AppData\Roaming\Code\User\globalStorage\vexrobotics.vexcode\sdk\cpp\V5\V5_20240802_15_00_00/vexv5\libv5rt.a(vex_brain.cpp.obj)
                0x03807a38                vex::brain::lcd::clearScreen(vex::color const&)
 .text._ZN3vex5brain3lcd11clearScreenEv
                0x03807a58       0x2c c:\Users\josep\AppData\Roaming\Code\User\globalStorage\vexrobotics.vexcode\sdk\cpp\V5\V5_20240802_15_00_00/vexv5\libv5rt.a(vex_brain.cpp.obj)
                0x03807a58                vex::brain::lcd::clearScreen()
 .text._ZN3vex5brain3lcd9drawPixelEii
                0x03807a84       0x14 c:\Users\josep\AppData\Roaming\Code\User\globalStorage\vexrobotics.vexcode\sdk\cpp\V5\V5_20240802_15_00_00/vexv5\libv5rt.a(vex_brain.cpp.obj)
                0x03807a84                vex::brain::lcd::drawPixel(int, int)
 .text._ZN3vex5brain3lcd13drawRectangleEiiii
                0x03807a98       0xdc c:\Users\josep\AppData\Roaming\Code\User\globalStorage\vexrobotics.vexcode\sdk\cpp\V5\V5_20240802_15_00_00/vexv5\libv5rt.a(vex_brain.cpp.obj)
                0x03807a98                vex::brain::lcd::drawRectangle(int, int, int, int)
 .text._ZN3vex5brain3lcd9xPositionEv
                0x03807b74       0x24 c:\Users\josep\AppData\Roaming\Code\User\globalStorage\vexrobotics.vexcode\sdk\cpp\V5\V5_20240802_15_00_00/vexv5\libv5rt.a(vex_brain.cpp.obj)
                0x03807b74                vex::brain::lcd::xPosition()
 .text._ZN3vex5brain3lcd9yPositionEv
                0x03807b98       0x24 c:\Users\josep\AppData\Roaming\Code\User\globalStorage\vexrobotics.vexcode\sdk\cpp\V5\V5_20240802_15_00_00/vexv5\libv5rt.a(vex_brain.cpp.obj)
                0x03807b98                vex::brain::lcd::yPosition()
 .text._ZN3vex5brain3lcd8pressingEv
                0x03807bbc       0x20 c:\Users\josep\AppData\Roaming\Code\User\globalStorage\vexrobotics.vexcode\sdk\cpp\V5\V5_20240802_15_00_00/vexv5\libv5rt.a(vex_brain.cpp.obj)
                0x03807bbc                vex::brain::lcd::pressing()
 .text._ZN3vex5brain3lcd10rowToPixelEl
                0x03807bdc       0x34 c:\Users\josep\AppData\Roaming\Code\User\globalStorage\vexrobotics.vexcode\sdk\cpp\V5\V5_20240802_15_00_00/vexv5\libv5rt.a(vex_brain.cpp.obj)
                0x03807bdc                vex::brain::lcd::rowToPixel(long)
 .text._ZN3vex5brain3lcd5printEPKcz
                0x03807c10       0xb8 c:\Users\josep\AppData\Roaming\Code\User\globalStorage\vexrobotics.vexcode\sdk\cpp\V5\V5_20240802_15_00_00/vexv5\libv5rt.a(vex_brain.cpp.obj)
                0x03807c10                vex::brain::lcd::print(char const*, ...)
 .text._ZN3vex5brain3lcd13webColorToRgbEPKc
                0x03807cc8       0x9c c:\Users\josep\AppData\Roaming\Code\User\globalStorage\vexrobotics.vexcode\sdk\cpp\V5\V5_20240802_15_00_00/vexv5\libv5rt.a(vex_brain.cpp.obj)
                0x03807cc8                vex::brain::lcd::webColorToRgb(char const*)
 .text._ZN3vex5brain3lcd11setPenColorEPKc
                0x03807d64       0x10 c:\Users\josep\AppData\Roaming\Code\User\globalStorage\vexrobotics.vexcode\sdk\cpp\V5\V5_20240802_15_00_00/vexv5\libv5rt.a(vex_brain.cpp.obj)
                0x03807d64                vex::brain::lcd::setPenColor(char const*)
 .text._ZN3vex5brainD2Ev
                0x03807d74       0x20 c:\Users\josep\AppData\Roaming\Code\User\globalStorage\vexrobotics.vexcode\sdk\cpp\V5\V5_20240802_15_00_00/vexv5\libv5rt.a(vex_brain.cpp.obj)
                0x03807d74                vex::brain::~brain()
                0x03807d74                vex::brain::~brain()
 .text._ZN3vex11competition8_disableEPv
                0x03807d94       0xa4 c:\Users\josep\AppData\Roaming\Code\User\globalStorage\vexrobotics.vexcode\sdk\cpp\V5\V5_20240802_15_00_00/vexv5\libv5rt.a(vex_competition.cpp.obj)
                0x03807d94                vex::competition::_disable(void*)
 .text._ZN3vex11competition11_autonomousEv
                0x03807e38       0x80 c:\Users\josep\AppData\Roaming\Code\User\globalStorage\vexrobotics.vexcode\sdk\cpp\V5\V5_20240802_15_00_00/vexv5\libv5rt.a(vex_competition.cpp.obj)
                0x03807e38                vex::competition::_autonomous()
 .text._ZN3vex11competition14_drivercontrolEv
                0x03807eb8       0x80 c:\Users\josep\AppData\Roaming\Code\User\globalStorage\vexrobotics.vexcode\sdk\cpp\V5\V5_20240802_15_00_00/vexv5\libv5rt.a(vex_competition.cpp.obj)
                0x03807eb8                vex::competition::_drivercontrol()
 .text._ZN3vex11competitionC2Ev
                0x03807f38      0x13c c:\Users\josep\AppData\Roaming\Code\User\globalStorage\vexrobotics.vexcode\sdk\cpp\V5\V5_20240802_15_00_00/vexv5\libv5rt.a(vex_competition.cpp.obj)
                0x03807f38                vex::competition::competition()
                0x03807f38                vex::competition::competition()
 .text._ZN3vex11competitionD2Ev
                0x03808074        0x4 c:\Users\josep\AppData\Roaming\Code\User\globalStorage\vexrobotics.vexcode\sdk\cpp\V5\V5_20240802_15_00_00/vexv5\libv5rt.a(vex_competition.cpp.obj)
                0x03808074                vex::competition::~competition()
                0x03808074                vex::competition::~competition()
 .text._ZN3vex11competition10autonomousEPFvvE
                0x03808078       0x44 c:\Users\josep\AppData\Roaming\Code\User\globalStorage\vexrobotics.vexcode\sdk\cpp\V5\V5_20240802_15_00_00/vexv5\libv5rt.a(vex_competition.cpp.obj)
                0x03808078                vex::competition::autonomous(void (*)())
 .text._ZN3vex11competition13drivercontrolEPFvvE
                0x038080bc       0x44 c:\Users\josep\AppData\Roaming\Code\User\globalStorage\vexrobotics.vexcode\sdk\cpp\V5\V5_20240802_15_00_00/vexv5\libv5rt.a(vex_competition.cpp.obj)
                0x038080bc                vex::competition::drivercontrol(void (*)())
 .text._ZN3vex7triportD2Ev
                0x03808100       0x38 c:\Users\josep\AppData\Roaming\Code\User\globalStorage\vexrobotics.vexcode\sdk\cpp\V5\V5_20240802_15_00_00/vexv5\libv5rt.a(vex_triport.cpp.obj)
                0x03808100                vex::triport::~triport()
                0x03808100                vex::triport::~triport()
 .text._ZN3vex7triportD0Ev
                0x03808138       0x1c c:\Users\josep\AppData\Roaming\Code\User\globalStorage\vexrobotics.vexcode\sdk\cpp\V5\V5_20240802_15_00_00/vexv5\libv5rt.a(vex_triport.cpp.obj)
                0x03808138                vex::triport::~triport()
 .text._ZN3vex7triport9installedEv
                0x03808154       0x18 c:\Users\josep\AppData\Roaming\Code\User\globalStorage\vexrobotics.vexcode\sdk\cpp\V5\V5_20240802_15_00_00/vexv5\libv5rt.a(vex_triport.cpp.obj)
                0x03808154                vex::triport::installed()
 .text._ZN3vex7triport4portC2ElPS0_
                0x0380816c       0x74 c:\Users\josep\AppData\Roaming\Code\User\globalStorage\vexrobotics.vexcode\sdk\cpp\V5\V5_20240802_15_00_00/vexv5\libv5rt.a(vex_triport.cpp.obj)
                0x0380816c                vex::triport::port::port(long, vex::triport*)
                0x0380816c                vex::triport::port::port(long, vex::triport*)
 .text._ZN3vex7triportC2El
                0x038081e0       0xf0 c:\Users\josep\AppData\Roaming\Code\User\globalStorage\vexrobotics.vexcode\sdk\cpp\V5\V5_20240802_15_00_00/vexv5\libv5rt.a(vex_triport.cpp.obj)
                0x038081e0                vex::triport::triport(long)
                0x038081e0                vex::triport::triport(long)
 .text._ZN3vex7triport4port4typeENS_11triportTypeE
                0x038082d0       0x30 c:\Users\josep\AppData\Roaming\Code\User\globalStorage\vexrobotics.vexcode\sdk\cpp\V5\V5_20240802_15_00_00/vexv5\libv5rt.a(vex_triport.cpp.obj)
                0x038082d0                vex::triport::port::type(vex::triportType)
 .text._ZN3vex7triport4port4typeEv
                0x03808300       0x38 c:\Users\josep\AppData\Roaming\Code\User\globalStorage\vexrobotics.vexcode\sdk\cpp\V5\V5_20240802_15_00_00/vexv5\libv5rt.a(vex_triport.cpp.obj)
                0x03808300                vex::triport::port::type()
 .text._ZN3vex7triport4port5valueEl
                0x03808338       0x18 c:\Users\josep\AppData\Roaming\Code\User\globalStorage\vexrobotics.vexcode\sdk\cpp\V5\V5_20240802_15_00_00/vexv5\libv5rt.a(vex_triport.cpp.obj)
                0x03808338                vex::triport::port::value(long)
 .text._ZN3vex11__trideviceC2ERNS_7triport4portENS_11triportTypeE
                0x03808350       0x5c c:\Users\josep\AppData\Roaming\Code\User\globalStorage\vexrobotics.vexcode\sdk\cpp\V5\V5_20240802_15_00_00/vexv5\libv5rt.a(vex_triport.cpp.obj)
                0x03808350                vex::__tridevice::__tridevice(vex::triport::port&, vex::triportType)
                0x03808350                vex::__tridevice::__tridevice(vex::triport::port&, vex::triportType)
 .text._ZN3vex11digital_outC2ERNS_7triport4portE
                0x038083ac       0x18 c:\Users\josep\AppData\Roaming\Code\User\globalStorage\vexrobotics.vexcode\sdk\cpp\V5\V5_20240802_15_00_00/vexv5\libv5rt.a(vex_triport.cpp.obj)
                0x038083ac                vex::digital_out::digital_out(vex::triport::port&)
                0x038083ac                vex::digital_out::digital_out(vex::triport::port&)
 .text._ZN3vex11digital_outD2Ev
                0x038083c4        0x4 c:\Users\josep\AppData\Roaming\Code\User\globalStorage\vexrobotics.vexcode\sdk\cpp\V5\V5_20240802_15_00_00/vexv5\libv5rt.a(vex_triport.cpp.obj)
                0x038083c4                vex::digital_out::~digital_out()
                0x038083c4                vex::digital_out::~digital_out()
 .text._ZN3vex11digital_out3setEb
                0x038083c8        0x8 c:\Users\josep\AppData\Roaming\Code\User\globalStorage\vexrobotics.vexcode\sdk\cpp\V5\V5_20240802_15_00_00/vexv5\libv5rt.a(vex_triport.cpp.obj)
                0x038083c8                vex::digital_out::set(bool)
 .text._ZN3vex5colorD2Ev
                0x038083d0        0x4 c:\Users\josep\AppData\Roaming\Code\User\globalStorage\vexrobotics.vexcode\sdk\cpp\V5\V5_20240802_15_00_00/vexv5\libv5rt.a(vex_color.cpp.obj)
                0x038083d0                vex::color::~color()
                0x038083d0                vex::color::~color()
 .text._ZN3vex5colorC2Ev
                0x038083d4       0x10 c:\Users\josep\AppData\Roaming\Code\User\globalStorage\vexrobotics.vexcode\sdk\cpp\V5\V5_20240802_15_00_00/vexv5\libv5rt.a(vex_color.cpp.obj)
                0x038083d4                vex::color::color()
                0x038083d4                vex::color::color()
 .text._ZN3vex5colorC2Ei
                0x038083e4       0x10 c:\Users\josep\AppData\Roaming\Code\User\globalStorage\vexrobotics.vexcode\sdk\cpp\V5\V5_20240802_15_00_00/vexv5\libv5rt.a(vex_color.cpp.obj)
                0x038083e4                vex::color::color(int)
                0x038083e4                vex::color::color(int)
 .text._ZNK3vex5colorcvmEv
                0x038083f4        0x8 c:\Users\josep\AppData\Roaming\Code\User\globalStorage\vexrobotics.vexcode\sdk\cpp\V5\V5_20240802_15_00_00/vexv5\libv5rt.a(vex_color.cpp.obj)
                0x038083f4                vex::color::operator unsigned long() const
 .text._ZNK3vex5color13isTransparentEv
                0x038083fc        0x8 c:\Users\josep\AppData\Roaming\Code\User\globalStorage\vexrobotics.vexcode\sdk\cpp\V5\V5_20240802_15_00_00/vexv5\libv5rt.a(vex_color.cpp.obj)
                0x038083fc                vex::color::isTransparent() const
 *fill*         0x03808404        0x4 
 .text._ZN3vex5color3hsvEmdd
                0x03808408      0x13c c:\Users\josep\AppData\Roaming\Code\User\globalStorage\vexrobotics.vexcode\sdk\cpp\V5\V5_20240802_15_00_00/vexv5\libv5rt.a(vex_color.cpp.obj)
                0x03808408                vex::color::hsv(unsigned long, double, double)
 .text.startup._GLOBAL__sub_I__ZN3vex5color5blackE
                0x03808544      0x164 c:\Users\josep\AppData\Roaming\Code\User\globalStorage\vexrobotics.vexcode\sdk\cpp\V5\V5_20240802_15_00_00/vexv5\libv5rt.a(vex_color.cpp.obj)
 .text._ZN3vex5timerD2Ev
                0x038086a8        0x4 c:\Users\josep\AppData\Roaming\Code\User\globalStorage\vexrobotics.vexcode\sdk\cpp\V5\V5_20240802_15_00_00/vexv5\libv5rt.a(vex_timer.cpp.obj)
                0x038086a8                vex::timer::~timer()
                0x038086a8                vex::timer::~timer()
 .text._ZN3vex5timer5clearEv
                0x038086ac       0x1c c:\Users\josep\AppData\Roaming\Code\User\globalStorage\vexrobotics.vexcode\sdk\cpp\V5\V5_20240802_15_00_00/vexv5\libv5rt.a(vex_timer.cpp.obj)
                0x038086ac                vex::timer::clear()
 .text._ZN3vex5timerC2Ev
                0x038086c8       0x14 c:\Users\josep\AppData\Roaming\Code\User\globalStorage\vexrobotics.vexcode\sdk\cpp\V5\V5_20240802_15_00_00/vexv5\libv5rt.a(vex_timer.cpp.obj)
                0x038086c8                vex::timer::timer()
                0x038086c8                vex::timer::timer()
 .text._ZNK3vex5timer4timeEv
                0x038086dc       0x1c c:\Users\josep\AppData\Roaming\Code\User\globalStorage\vexrobotics.vexcode\sdk\cpp\V5\V5_20240802_15_00_00/vexv5\libv5rt.a(vex_timer.cpp.obj)
                0x038086dc                vex::timer::time() const
 .text._ZN3vex11motor_group18motor_group_motorsC2Ev
                0x038086f8       0x28 c:\Users\josep\AppData\Roaming\Code\User\globalStorage\vexrobotics.vexcode\sdk\cpp\V5\V5_20240802_15_00_00/vexv5\libv5rt.a(vex_motorgroup.cpp.obj)
                0x038086f8                vex::motor_group::motor_group_motors::motor_group_motors()
                0x038086f8                vex::motor_group::motor_group_motors::motor_group_motors()
 .text._ZN3vex11motor_group18motor_group_motorsC2ERKS1_
                0x03808720       0x20 c:\Users\josep\AppData\Roaming\Code\User\globalStorage\vexrobotics.vexcode\sdk\cpp\V5\V5_20240802_15_00_00/vexv5\libv5rt.a(vex_motorgroup.cpp.obj)
                0x03808720                vex::motor_group::motor_group_motors::motor_group_motors(vex::motor_group::motor_group_motors const&)
                0x03808720                vex::motor_group::motor_group_motors::motor_group_motors(vex::motor_group::motor_group_motors const&)
 .text._ZN3vex11motor_groupC2Ev
                0x03808740       0x1c c:\Users\josep\AppData\Roaming\Code\User\globalStorage\vexrobotics.vexcode\sdk\cpp\V5\V5_20240802_15_00_00/vexv5\libv5rt.a(vex_motorgroup.cpp.obj)
                0x03808740                vex::motor_group::motor_group()
                0x03808740                vex::motor_group::motor_group()
 .text._ZN3vex11motor_groupD2Ev
                0x0380875c        0x4 c:\Users\josep\AppData\Roaming\Code\User\globalStorage\vexrobotics.vexcode\sdk\cpp\V5\V5_20240802_15_00_00/vexv5\libv5rt.a(vex_motorgroup.cpp.obj)
                0x0380875c                vex::motor_group::~motor_group()
                0x0380875c                vex::motor_group::~motor_group()
 .text._ZN3vex11motor_group9_addMotorERNS_5motorE
                0x03808760       0x20 c:\Users\josep\AppData\Roaming\Code\User\globalStorage\vexrobotics.vexcode\sdk\cpp\V5\V5_20240802_15_00_00/vexv5\libv5rt.a(vex_motorgroup.cpp.obj)
                0x03808760                vex::motor_group::_addMotor(vex::motor&)
 .text._ZN3vex11motor_group11setVelocityEdNS_13velocityUnitsE
                0x03808780       0x4c c:\Users\josep\AppData\Roaming\Code\User\globalStorage\vexrobotics.vexcode\sdk\cpp\V5\V5_20240802_15_00_00/vexv5\libv5rt.a(vex_motorgroup.cpp.obj)
                0x03808780                vex::motor_group::setVelocity(double, vex::velocityUnits)
 .text._ZN3vex11motor_group11setStoppingENS_9brakeTypeE
                0x038087cc       0x38 c:\Users\josep\AppData\Roaming\Code\User\globalStorage\vexrobotics.vexcode\sdk\cpp\V5\V5_20240802_15_00_00/vexv5\libv5rt.a(vex_motorgroup.cpp.obj)
                0x038087cc                vex::motor_group::setStopping(vex::brakeType)
 .text._ZN3vex11motor_group4spinENS_13directionTypeE
                0x03808804       0x38 c:\Users\josep\AppData\Roaming\Code\User\globalStorage\vexrobotics.vexcode\sdk\cpp\V5\V5_20240802_15_00_00/vexv5\libv5rt.a(vex_motorgroup.cpp.obj)
                0x03808804                vex::motor_group::spin(vex::directionType)
 .text._ZN3vex11motor_group4spinENS_13directionTypeEdNS_13velocityUnitsE
                0x0380883c       0x54 c:\Users\josep\AppData\Roaming\Code\User\globalStorage\vexrobotics.vexcode\sdk\cpp\V5\V5_20240802_15_00_00/vexv5\libv5rt.a(vex_motorgroup.cpp.obj)
                0x0380883c                vex::motor_group::spin(vex::directionType, double, vex::velocityUnits)
 .text._ZN3vex11motor_group4spinENS_13directionTypeEdNS_12voltageUnitsE
                0x03808890       0x54 c:\Users\josep\AppData\Roaming\Code\User\globalStorage\vexrobotics.vexcode\sdk\cpp\V5\V5_20240802_15_00_00/vexv5\libv5rt.a(vex_motorgroup.cpp.obj)
                0x03808890                vex::motor_group::spin(vex::directionType, double, vex::voltageUnits)
 .text._ZN3vex11motor_group4stopEv
                0x038088e4       0x30 c:\Users\josep\AppData\Roaming\Code\User\globalStorage\vexrobotics.vexcode\sdk\cpp\V5\V5_20240802_15_00_00/vexv5\libv5rt.a(vex_motorgroup.cpp.obj)
                0x038088e4                vex::motor_group::stop()
 .text._ZN3vex11motor_group4stopENS_9brakeTypeE
                0x03808914       0x38 c:\Users\josep\AppData\Roaming\Code\User\globalStorage\vexrobotics.vexcode\sdk\cpp\V5\V5_20240802_15_00_00/vexv5\libv5rt.a(vex_motorgroup.cpp.obj)
                0x03808914                vex::motor_group::stop(vex::brakeType)
 .text._ZN3vex11motor_group8positionENS_13rotationUnitsE
                0x0380894c        0xc c:\Users\josep\AppData\Roaming\Code\User\globalStorage\vexrobotics.vexcode\sdk\cpp\V5\V5_20240802_15_00_00/vexv5\libv5rt.a(vex_motorgroup.cpp.obj)
                0x0380894c                vex::motor_group::position(vex::rotationUnits)
 .text.vexAdiPortConfigSet
                0x03808958       0x28 c:\Users\josep\AppData\Roaming\Code\User\globalStorage\vexrobotics.vexcode\sdk\cpp\V5\V5_20240802_15_00_00/vexv5\libv5rt.a(v5_apiuser.c.obj)
                0x03808958                vexAdiPortConfigSet
 .text.vexAdiPortConfigGet
                0x03808980       0x28 c:\Users\josep\AppData\Roaming\Code\User\globalStorage\vexrobotics.vexcode\sdk\cpp\V5\V5_20240802_15_00_00/vexv5\libv5rt.a(v5_apiuser.c.obj)
                0x03808980                vexAdiPortConfigGet
 .text.vexAdiValueSet
                0x038089a8       0x28 c:\Users\josep\AppData\Roaming\Code\User\globalStorage\vexrobotics.vexcode\sdk\cpp\V5\V5_20240802_15_00_00/vexv5\libv5rt.a(v5_apiuser.c.obj)
                0x038089a8                vexAdiValueSet
 .text.vexMotorVelocitySet
                0x038089d0       0x20 c:\Users\josep\AppData\Roaming\Code\User\globalStorage\vexrobotics.vexcode\sdk\cpp\V5\V5_20240802_15_00_00/vexv5\libv5rt.a(v5_apiuser.c.obj)
                0x038089d0                vexMotorVelocitySet
 .text.vexMotorVoltageSet
                0x038089f0       0x20 c:\Users\josep\AppData\Roaming\Code\User\globalStorage\vexrobotics.vexcode\sdk\cpp\V5\V5_20240802_15_00_00/vexv5\libv5rt.a(v5_apiuser.c.obj)
                0x038089f0                vexMotorVoltageSet
 .text.vexMotorActualVelocityGet
                0x03808a10       0x24 c:\Users\josep\AppData\Roaming\Code\User\globalStorage\vexrobotics.vexcode\sdk\cpp\V5\V5_20240802_15_00_00/vexv5\libv5rt.a(v5_apiuser.c.obj)
                0x03808a10                vexMotorActualVelocityGet
 .text.vexMotorReverseFlagSet
                0x03808a34       0x20 c:\Users\josep\AppData\Roaming\Code\User\globalStorage\vexrobotics.vexcode\sdk\cpp\V5\V5_20240802_15_00_00/vexv5\libv5rt.a(v5_apiuser.c.obj)
                0x03808a34                vexMotorReverseFlagSet
 .text.vexMotorEncoderUnitsSet
                0x03808a54       0x20 c:\Users\josep\AppData\Roaming\Code\User\globalStorage\vexrobotics.vexcode\sdk\cpp\V5\V5_20240802_15_00_00/vexv5\libv5rt.a(v5_apiuser.c.obj)
                0x03808a54                vexMotorEncoderUnitsSet
 .text.vexMotorBrakeModeSet
                0x03808a74       0x20 c:\Users\josep\AppData\Roaming\Code\User\globalStorage\vexrobotics.vexcode\sdk\cpp\V5\V5_20240802_15_00_00/vexv5\libv5rt.a(v5_apiuser.c.obj)
                0x03808a74                vexMotorBrakeModeSet
 .text.vexMotorPositionSet
                0x03808a94       0x28 c:\Users\josep\AppData\Roaming\Code\User\globalStorage\vexrobotics.vexcode\sdk\cpp\V5\V5_20240802_15_00_00/vexv5\libv5rt.a(v5_apiuser.c.obj)
                0x03808a94                vexMotorPositionSet
 .text.vexMotorPositionGet
                0x03808abc       0x24 c:\Users\josep\AppData\Roaming\Code\User\globalStorage\vexrobotics.vexcode\sdk\cpp\V5\V5_20240802_15_00_00/vexv5\libv5rt.a(v5_apiuser.c.obj)
                0x03808abc                vexMotorPositionGet
 .text.vexMotorGearingSet
                0x03808ae0       0x20 c:\Users\josep\AppData\Roaming\Code\User\globalStorage\vexrobotics.vexcode\sdk\cpp\V5\V5_20240802_15_00_00/vexv5\libv5rt.a(v5_apiuser.c.obj)
                0x03808ae0                vexMotorGearingSet
 .text.vexMotorGearingGet
                0x03808b00       0x18 c:\Users\josep\AppData\Roaming\Code\User\globalStorage\vexrobotics.vexcode\sdk\cpp\V5\V5_20240802_15_00_00/vexv5\libv5rt.a(v5_apiuser.c.obj)
                0x03808b00                vexMotorGearingGet
 .text.vexImuReset
                0x03808b18       0x10 c:\Users\josep\AppData\Roaming\Code\User\globalStorage\vexrobotics.vexcode\sdk\cpp\V5\V5_20240802_15_00_00/vexv5\libv5rt.a(v5_apiuser.c.obj)
                0x03808b18                vexImuReset
 .text.vexImuHeadingGet
                0x03808b28       0x10 c:\Users\josep\AppData\Roaming\Code\User\globalStorage\vexrobotics.vexcode\sdk\cpp\V5\V5_20240802_15_00_00/vexv5\libv5rt.a(v5_apiuser.c.obj)
                0x03808b28                vexImuHeadingGet
 .text.vexImuDegreesGet
                0x03808b38       0x10 c:\Users\josep\AppData\Roaming\Code\User\globalStorage\vexrobotics.vexcode\sdk\cpp\V5\V5_20240802_15_00_00/vexv5\libv5rt.a(v5_apiuser.c.obj)
                0x03808b38                vexImuDegreesGet
 .text.vexImuStatusGet
                0x03808b48       0x10 c:\Users\josep\AppData\Roaming\Code\User\globalStorage\vexrobotics.vexcode\sdk\cpp\V5\V5_20240802_15_00_00/vexv5\libv5rt.a(v5_apiuser.c.obj)
                0x03808b48                vexImuStatusGet
 .text.vexAbsEncPositionSet
                0x03808b58       0x18 c:\Users\josep\AppData\Roaming\Code\User\globalStorage\vexrobotics.vexcode\sdk\cpp\V5\V5_20240802_15_00_00/vexv5\libv5rt.a(v5_apiuser.c.obj)
                0x03808b58                vexAbsEncPositionSet
 .text.vexAbsEncPositionGet
                0x03808b70       0x10 c:\Users\josep\AppData\Roaming\Code\User\globalStorage\vexrobotics.vexcode\sdk\cpp\V5\V5_20240802_15_00_00/vexv5\libv5rt.a(v5_apiuser.c.obj)
                0x03808b70                vexAbsEncPositionGet
 .text.vexAbsEncAngleGet
                0x03808b80       0x10 c:\Users\josep\AppData\Roaming\Code\User\globalStorage\vexrobotics.vexcode\sdk\cpp\V5\V5_20240802_15_00_00/vexv5\libv5rt.a(v5_apiuser.c.obj)
                0x03808b80                vexAbsEncAngleGet
 .text.vexAbsEncReverseFlagSet
                0x03808b90       0x18 c:\Users\josep\AppData\Roaming\Code\User\globalStorage\vexrobotics.vexcode\sdk\cpp\V5\V5_20240802_15_00_00/vexv5\libv5rt.a(v5_apiuser.c.obj)
                0x03808b90                vexAbsEncReverseFlagSet
 .text.vexOpticalHueGet
                0x03808ba8       0x10 c:\Users\josep\AppData\Roaming\Code\User\globalStorage\vexrobotics.vexcode\sdk\cpp\V5\V5_20240802_15_00_00/vexv5\libv5rt.a(v5_apiuser.c.obj)
                0x03808ba8                vexOpticalHueGet
 .text.vexOpticalLedPwmSet
                0x03808bb8       0x18 c:\Users\josep\AppData\Roaming\Code\User\globalStorage\vexrobotics.vexcode\sdk\cpp\V5\V5_20240802_15_00_00/vexv5\libv5rt.a(v5_apiuser.c.obj)
                0x03808bb8                vexOpticalLedPwmSet
 .text.vexOpticalGestureEnable
                0x03808bd0       0x10 c:\Users\josep\AppData\Roaming\Code\User\globalStorage\vexrobotics.vexcode\sdk\cpp\V5\V5_20240802_15_00_00/vexv5\libv5rt.a(v5_apiuser.c.obj)
                0x03808bd0                vexOpticalGestureEnable
 .text.vexOpticalGestureDisable
                0x03808be0       0x10 c:\Users\josep\AppData\Roaming\Code\User\globalStorage\vexrobotics.vexcode\sdk\cpp\V5\V5_20240802_15_00_00/vexv5\libv5rt.a(v5_apiuser.c.obj)
                0x03808be0                vexOpticalGestureDisable
 .text.vexOpticalProximityThreshold
                0x03808bf0       0x18 c:\Users\josep\AppData\Roaming\Code\User\globalStorage\vexrobotics.vexcode\sdk\cpp\V5\V5_20240802_15_00_00/vexv5\libv5rt.a(v5_apiuser.c.obj)
                0x03808bf0                vexOpticalProximityThreshold
 .text.vexOpticalIntegrationTimeSet
                0x03808c08       0x20 c:\Users\josep\AppData\Roaming\Code\User\globalStorage\vexrobotics.vexcode\sdk\cpp\V5\V5_20240802_15_00_00/vexv5\libv5rt.a(v5_apiuser.c.obj)
                0x03808c08                vexOpticalIntegrationTimeSet
 .text.vexEventMaskSet
                0x03808c28       0x28 c:\Users\josep\AppData\Roaming\Code\User\globalStorage\vexrobotics.vexcode\sdk\cpp\V5\V5_20240802_15_00_00/vexv5\libv5rt.a(v5_apiuser.c.obj)
                0x03808c28                vexEventMaskSet
 .text.vexEventMaskGet
                0x03808c50       0x18 c:\Users\josep\AppData\Roaming\Code\User\globalStorage\vexrobotics.vexcode\sdk\cpp\V5\V5_20240802_15_00_00/vexv5\libv5rt.a(v5_apiuser.c.obj)
                0x03808c50                vexEventMaskGet
 .text._ZN3vex6deviceD2Ev
                0x03808c68        0x4 c:\Users\josep\AppData\Roaming\Code\User\globalStorage\vexrobotics.vexcode\sdk\cpp\V5\V5_20240802_15_00_00/vexv5\libv5rt.a(vex_device.cpp.obj)
                0x03808c68                vex::device::~device()
                0x03808c68                vex::device::~device()
 .text._ZN3vex6device5valueEv
                0x03808c6c        0x8 c:\Users\josep\AppData\Roaming\Code\User\globalStorage\vexrobotics.vexcode\sdk\cpp\V5\V5_20240802_15_00_00/vexv5\libv5rt.a(vex_device.cpp.obj)
                0x03808c6c                vex::device::value()
 .text._ZN3vex6deviceD0Ev
                0x03808c74       0x14 c:\Users\josep\AppData\Roaming\Code\User\globalStorage\vexrobotics.vexcode\sdk\cpp\V5\V5_20240802_15_00_00/vexv5\libv5rt.a(vex_device.cpp.obj)
                0x03808c74                vex::device::~device()
 .text._ZN3vex6device4initEl
                0x03808c88       0x30 c:\Users\josep\AppData\Roaming\Code\User\globalStorage\vexrobotics.vexcode\sdk\cpp\V5\V5_20240802_15_00_00/vexv5\libv5rt.a(vex_device.cpp.obj)
                0x03808c88                vex::device::init(long)
 .text._ZN3vex6deviceC2El
                0x03808cb8       0x20 c:\Users\josep\AppData\Roaming\Code\User\globalStorage\vexrobotics.vexcode\sdk\cpp\V5\V5_20240802_15_00_00/vexv5\libv5rt.a(vex_device.cpp.obj)
                0x03808cb8                vex::device::device(long)
                0x03808cb8                vex::device::device(long)
 .text._ZN3vex6device4typeEv
                0x03808cd8       0x10 c:\Users\josep\AppData\Roaming\Code\User\globalStorage\vexrobotics.vexcode\sdk\cpp\V5\V5_20240802_15_00_00/vexv5\libv5rt.a(vex_device.cpp.obj)
                0x03808cd8                vex::device::type()
 .text._ZN3vex6device9installedEv
                0x03808ce8       0x14 c:\Users\josep\AppData\Roaming\Code\User\globalStorage\vexrobotics.vexcode\sdk\cpp\V5\V5_20240802_15_00_00/vexv5\libv5rt.a(vex_device.cpp.obj)